08-14 14:01:43.161 31165 31229 V WindowManagerShell: start default transition animation, info = {id=2628 t=CLOSE f=0x0 trk=0 r=[0@Point(0, 0)] c=[{null m=CLOSE f=FILLS_TASK|IS_ACTIVITY leash=Surface(name=ActivityRecord{5dfe313 u0 com.example.stavropolplacesapp/.places.PlacesActivity t6045})/@0x1fde5b1 sb=Rect(0, 0 - 1080, 2340) eb=Rect(0, 0 - 1080, 2340) d=0 inset=Rect(0, 0 - 0, 0)},{null m=TO_FRONT f=FILLS_TASK|IS_ACTIVITY leash=Surface(name=ActivityRecord{625d5fe u0 com.example.stavropolplacesapp/.MainActivity t6045})/@0xcfcea96 sb=Rect(0, 0 - 1080, 2340) eb=Rect(0, 0 - 1080, 2340) d=0 inset=Rect(0, 0 - 0, 0)}]}
08-14 14:01:43.166 14770 14770 I InsetsSourceConsumer: applyRequestedVisibilityToControl: visible=true, type=navigationBars, host=com.example.stavropolplacesapp/com.example.stavropolplacesapp.MainActivity
08-14 14:01:43.167 14770 14770 I InsetsSourceConsumer: applyRequestedVisibilityToControl: visible=true, type=statusBars, host=com.example.stavropolplacesapp/com.example.stavropolplacesapp.MainActivity
08-14 14:01:43.170 30587 31122 D InputDispatcher: Focus request (0): eea53dc com.example.stavropolplacesapp/com.example.stavropolplacesapp.MainActivity but waiting because NO_WINDOW
08-14 14:01:43.198  1072  1072 I Layer   : Layer [ActivityRecord{625d5fe u0 com.example.stavropolplacesapp/.MainActivity t6045}#87506] hidden!! flag(0)
08-14 14:01:43.199  1072  1072 I Layer   : Layer [com.example.stavropolplacesapp/com.example.stavropolplacesapp.MainActivity$_14770#87570] hidden!! flag(0)
08-14 14:01:43.199  1072  1072 I Layer   : Layer [Transition Root: ActivityRecord{5dfe313 u0 com.example.stavropolplacesapp/.places.PlacesActivity t6045 f}}#87576] hidden!! flag(0)
08-14 14:01:43.203 30587 31354 D InputDispatcher: Focus entered window (0): eea53dc com.example.stavropolplacesapp/com.example.stavropolplacesapp.MainActivity
08-14 14:01:43.207 30587 31354 I ImeTracker: com.example.stavropolplacesapp:acd2dffa: onRequestHide at ORIGIN_SERVER_HIDE_INPUT reason HIDE_UNSPECIFIED_WINDOW
08-14 14:01:43.207 30587 31354 I ImeTracker: com.example.stavropolplacesapp:acd2dffa: onCancelled at PHASE_SERVER_SHOULD_HIDE
08-14 14:01:43.211 30587 31354 D InsetsSourceProvider: updateControlForTarget: control=InsetsSourceControl: {3 mType=ime mSurfacePosition=Point(0, 80) mInsetsHint=Insets{left=0, top=0, right=0, bottom=994}}, target=Window{eea53dc u0 com.example.stavropolplacesapp/com.example.stavropolplacesapp.MainActivity}, from=com.android.server.wm.ImeInsetsSourceProvider.updateControlForTarget:165 com.android.server.wm.InsetsStateController.onControlTargetChanged:358 com.android.server.wm.InsetsStateController.onImeControlTargetChanged:302 com.android.server.wm.DisplayContent.updateImeControlTarget:5727 com.android.server.wm.DisplayContent.updateImeInputAndControlTarget:5687 
08-14 14:01:43.216 14770 14770 I InsetsSourceConsumer: applyRequestedVisibilityToControl: visible=false, type=ime, host=com.example.stavropolplacesapp/com.example.stavropolplacesapp.MainActivity
08-14 14:01:43.219  3373  3373 I HBD     : b [AiWriter] setContact : com.example.stavropolplacesapp
08-14 14:01:43.272  1072  1072 D SurfaceFlinger:      CLIENT | 0xb400007c566f2f50 | 0102 | RGBA_8888    |    0.0    0.0 1080.0 2338.0 |    0    2 1080 2340 | com.example.stavropolplacesapp/com.e[...]p.places.PlacesActivity$_14770#87540
08-14 14:01:43.324  1072  1072 D SurfaceFlinger:      DEVICE | 0xb400007c566f2f50 | 0102 | RGBA_8888    |    0.0    0.0 1080.0 2294.0 |    0   46 1080 2340 | com.example.stavropolplacesapp/com.e[...]p.places.PlacesActivity$_14770#87540
08-14 14:01:43.392  1072  1072 D SurfaceFlinger:      DEVICE | 0xb400007c566ee410 | 0102 | RGBA_8888    |    0.0   16.0 1080.0 2340.0 |    0    0 1080 2324 | com.example.stavropolplacesapp/com.e[...]lplacesapp.MainActivity$_14770#87570
08-14 14:01:43.524  1072  1072 D SurfaceFlinger:      DEVICE | 0xb400007c566ee410 | 0102 | RGBA_8888    |    0.0    0.0 1080.0 2340.0 |    0    0 1080 2340 | com.example.stavropolplacesapp/com.e[...]lplacesapp.MainActivity$_14770#87570
08-14 14:01:43.541 30587 31923 V WindowManager: Setting visibility of Window{396530e u0 com.example.stavropolplacesapp/com.example.stavropolplacesapp.places.PlacesActivity}: false, caller=com.android.server.wm.WindowContainer.sendAppVisibilityToClients:1301 com.android.server.wm.WindowToken.setClientVisible:446 com.android.server.wm.ActivityRecord.setClientVisible:8121 com.android.server.wm.ActivityRecord.postApplyAnimation:6685 com.android.server.wm.ActivityRecord.commitVisibility:6628 
08-14 14:01:43.549  1072  1072 I Layer   : id=87576 removeFromCurrentState Transition Root: ActivityRecord{5dfe313 u0 com.example.stavropolplacesapp/.places.PlacesActivity t6045 f}}#87576 (361)
08-14 14:01:43.549  1072  1072 I Layer   : id=87506 removeFromCurrentState ActivityRecord{625d5fe u0 com.example.stavropolplacesapp/.MainActivity t6045}#87506 (361)
08-14 14:01:43.549  1072  1072 I Layer   : id=87518 removeFromCurrentState 6f8d380 ActivityRecordInputSink com.example.stavropolplacesapp/.MainActivity#87518 (361)
08-14 14:01:43.549  1072  1072 I Layer   : id=87508 removeFromCurrentState eea53dc com.example.stavropolplacesapp/com.example.stavropolplacesapp.MainActivity#87508 (361)
08-14 14:01:43.549  1072  1072 I Layer   : id=87570 removeFromCurrentState com.example.stavropolplacesapp/com.example.stavropolplacesapp.MainActivity$_14770#87570 (361)
08-14 14:01:43.549  1072  1072 I Layer   : id=87534 removeFromCurrentState ActivityRecord{5dfe313 u0 com.example.stavropolplacesapp/.places.PlacesActivity t6045}#87534 (361)
08-14 14:01:43.549  1072  1072 I Layer   : id=87548 removeFromCurrentState 627234d ActivityRecordInputSink com.example.stavropolplacesapp/.places.PlacesActivity#87548 (361)
08-14 14:01:43.549  1072  1072 I Layer   : id=87536 removeFromCurrentState 396530e com.example.stavropolplacesapp/com.example.stavropolplacesapp.places.PlacesActivity#87536 (361)
08-14 14:01:43.549  1072  1072 I Layer   : id=87540 removeFromCurrentState com.example.stavropolplacesapp/com.example.stavropolplacesapp.places.PlacesActivity$_14770#87540 (361)
08-14 14:01:43.549  1072  1072 I Layer   : id=87506 addToCurrentState ActivityRecord{625d5fe u0 com.example.stavropolplacesapp/.MainActivity t6045}#87506 (361)
08-14 14:01:43.549  1072  1072 I Layer   : id=87518 addToCurrentState 6f8d380 ActivityRecordInputSink com.example.stavropolplacesapp/.MainActivity#87518 (361)
08-14 14:01:43.549  1072  1072 I Layer   : id=87508 addToCurrentState eea53dc com.example.stavropolplacesapp/com.example.stavropolplacesapp.MainActivity#87508 (361)
08-14 14:01:43.549  1072  1072 I Layer   : id=87570 addToCurrentState com.example.stavropolplacesapp/com.example.stavropolplacesapp.MainActivity$_14770#87570 (361)
08-14 14:01:43.549  1072  1072 I Layer   : Layer [ActivityRecord{5dfe313 u0 com.example.stavropolplacesapp/.places.PlacesActivity t6045}#87534] hidden!! flag(1)
08-14 14:01:43.549  1072  1072 I Layer   : id=87534 addToCurrentState ActivityRecord{5dfe313 u0 com.example.stavropolplacesapp/.places.PlacesActivity t6045}#87534 (361)
08-14 14:01:43.549  1072  1072 I Layer   : id=87548 addToCurrentState 627234d ActivityRecordInputSink com.example.stavropolplacesapp/.places.PlacesActivity#87548 (361)
08-14 14:01:43.549  1072  1072 I Layer   : id=87536 addToCurrentState 396530e com.example.stavropolplacesapp/com.example.stavropolplacesapp.places.PlacesActivity#87536 (361)
08-14 14:01:43.549  1072  1072 I Layer   : id=87540 addToCurrentState com.example.stavropolplacesapp/com.example.stavropolplacesapp.places.PlacesActivity$_14770#87540 (361)
08-14 14:01:43.549  1072  1072 I Layer   : id=87576 removeFromCurrentState Transition Root: ActivityRecord{5dfe313 u0 com.example.stavropolplacesapp/.places.PlacesActivity t6045 f}}#87576 (361)
08-14 14:01:43.549  1072  1072 I Layer   : Layer [com.example.stavropolplacesapp/com.example.stavropolplacesapp.places.PlacesActivity$_14770#87540] hidden!! flag(1)
08-14 14:01:43.551  1072  1072 I Layer   : id=87578 Destroyed Transition Root: ActivityRecord{5dfe313 u0 com.example.stavropolplacesapp/.places.PlacesActivity t6045 f}}#87576 (Mirror)#87578
08-14 14:01:43.553  1072  1072 I SurfaceFlinger: id=87576 Removed Transition Root: ActivityRecord{5dfe313 u0 com.example.stavropolplacesapp/.places.PlacesActivity t6045 f}}#87576 (358)
08-14 14:01:43.554 30587 31122 V WindowManager: Relayout Window{396530e u0 com.example.stavropolplacesapp/com.example.stavropolplacesapp.places.PlacesActivity}: viewVisibility=8 req=1080x2340 ty=1 d0
08-14 14:01:43.560 14770 14770 D ViewRootImpl@4dc2f00[PlacesActivity]: WindowStopped on com.example.stavropolplacesapp/com.example.stavropolplacesapp.places.PlacesActivity set to true
08-14 14:01:43.561 30587 31122 D CoreBackPreview: Window{396530e u0 com.example.stavropolplacesapp/com.example.stavropolplacesapp.places.PlacesActivity}: Setting back callback null
08-14 14:01:43.563 30587 32467 W InputManager-JNI: Input channel object '396530e com.example.stavropolplacesapp/com.example.stavropolplacesapp.places.PlacesActivity (client)' was disposed without first being removed with the input manager!
08-14 14:01:43.563 30587 32467 V WindowManager: Remove Window{396530e u0 com.example.stavropolplacesapp/com.example.stavropolplacesapp.places.PlacesActivity}: mSurfaceController=Surface(name=com.example.stavropolplacesapp/com.example.stavropolplacesapp.places.PlacesActivity$_14770)/@0x2408d33 mAnimatingExit=false mRemoveOnExit=false mHasSurface=true surfaceShowing=false animating=false app-animation=false mDisplayFrozen=false callers=com.android.server.wm.WindowManagerService.removeWindow:2148 com.android.server.wm.Session.remove:257 android.view.IWindowSession$Stub.onTransact:747 com.android.server.wm.Session.onTransact:204 android.os.Binder.execTransactInternal:1375 android.os.Binder.execTransact:1311 
08-14 14:01:43.563 30587 32467 I WindowManager: Destroying surface Surface(name=com.example.stavropolplacesapp/com.example.stavropolplacesapp.places.PlacesActivity$_14770)/@0x2408d33 called by com.android.server.wm.WindowStateAnimator.destroySurface:799 com.android.server.wm.WindowStateAnimator.destroySurfaceLocked:472 com.android.server.wm.WindowState.removeImmediately:2937 com.android.server.wm.WindowState.removeIfPossible:3214 com.android.server.wm.WindowManagerService.removeWindow:2148 com.android.server.wm.Session.remove:257 android.view.IWindowSession$Stub.onTransact:747 com.android.server.wm.Session.onTransact:204 
08-14 14:01:43.565  1072  1072 I Layer   : id=87540 removeFromCurrentState com.example.stavropolplacesapp/com.example.stavropolplacesapp.places.PlacesActivity$_14770#87540 (356)
08-14 14:01:43.566  1072  1072 I Layer   : id=87536 removeFromCurrentState 396530e com.example.stavropolplacesapp/com.example.stavropolplacesapp.places.PlacesActivity#87536 (356)
08-14 14:01:43.566  1072  1072 I Layer   : id=87576 Destroyed Transition Root: ActivityRecord{5dfe313 u0 com.example.stavropolplacesapp/.places.PlacesActivity t6045 f}}#87576
08-14 14:01:43.568  1072  1072 I Layer   : id=87538 Destroyed 396530e com.example.stavropolplacesapp/com.example.stavropolplacesapp.places.PlacesActivity#87536 (Mirror)#87538
08-14 14:01:43.570  1072  1072 I SurfaceFlinger: id=87536 Removed 396530e com.example.stavropolplacesapp/com.example.stavropolplacesapp.places.PlacesActivity#87536 (350)
08-14 14:01:43.570  1072  1072 I SurfaceFlinger: id=87540 Removed com.example.stavropolplacesapp/com.example.stavropolplacesapp.places.PlacesActivity$_14770#87540 (350)
08-14 14:01:43.571  1072  1072 I Layer   : id=87543 Destroyed com.example.stavropolplacesapp/com.example.stavropolplacesapp.places.PlacesActivity$_14770#87540 (Mirror)#87543
08-14 14:01:43.572  1072  1681 I SurfaceFlinger: id=87548 Removed 627234d ActivityRecordInputSink com.example.stavropolplacesapp/.places.PlacesActivity#87548 (349)
08-14 14:01:43.582  1072  1072 I Layer   : id=87536 Destroyed 396530e com.example.stavropolplacesapp/com.example.stavropolplacesapp.places.PlacesActivity#87536
08-14 14:01:43.582  1072  1072 I Layer   : id=87540 Destroyed com.example.stavropolplacesapp/com.example.stavropolplacesapp.places.PlacesActivity$_14770#87540
08-14 14:01:43.598  1072  1072 I Layer   : id=87534 removeFromCurrentState ActivityRecord{5dfe313 u0 com.example.stavropolplacesapp/.places.PlacesActivity t6045}#87534 (347)
08-14 14:01:43.599  1072  1072 I Layer   : id=87548 removeFromCurrentState 627234d ActivityRecordInputSink com.example.stavropolplacesapp/.places.PlacesActivity#87548 (347)
08-14 14:01:43.600  1072  1072 I Layer   : id=87535 Destroyed ActivityRecord{5dfe313 u0 com.example.stavropolplacesapp/.places.PlacesActivity t6045}#87534 (Mirror)#87535
08-14 14:01:43.600  1072  1072 I Layer   : id=87550 Destroyed 627234d ActivityRecordInputSink com.example.stavropolplacesapp/.places.PlacesActivity#87548 (Mirror)#87550
08-14 14:01:43.712 30587 30738 D SGM:GameManager: identifyForegroundApp. com.example.stavropolplacesapp, mCurrentUserId: 0, callerUserId: 0
08-14 14:01:43.712 30587 30738 D SGM:PkgDataHelper: getGamePkgData(). com.example.stavropolplacesapp
08-14 14:01:43.846 14770 15118 D ProfileInstaller: Skipping profile installation for com.example.stavropolplacesapp
08-14 14:01:43.996  1072  1072 D SurfaceFlinger:      DEVICE | 0xb400007c566ee410 | 0102 | RGBA_8888    |    0.0    0.0 1080.0 2340.0 |    0    0 1080 2340 | com.example.stavropolplacesapp/com.e[...]lplacesapp.MainActivity$_14770#87570
08-14 14:01:44.024 30587 30738 I ChimeraSystemEventListener: appLaunchIntent package name is: com.example.stavropolplacesapp
08-14 14:01:44.027 30587 30733 V WindowManager: Collecting in transition 2629: ActivityRecord{cd5941c u0 com.example.stavropolplacesapp/.eat.PlacesToEatActivity, caller=com.android.server.wm.Transition.collect:759 com.android.server.wm.TransitionController.collect:935 com.android.server.wm.ActivityStarter.startActivityUnchecked:2376 com.android.server.wm.ActivityStarter.executeRequest:1953 com.android.server.wm.ActivityStarter.execute:1093 
08-14 14:01:44.027 30587 30733 D ActivityTaskManager: TaskLaunchParamsModifier:task=null activity=ActivityRecord{cd5941c u0 com.example.stavropolplacesapp/.eat.PlacesToEatActivity t-1} display-area-from-source=DefaultTaskDisplayArea_d0@55095402 display-id=0 task-display-area-windowing-mode=1 suggested-display-area=DefaultTaskDisplayArea_d0@55095402
08-14 14:01:44.027 30587 30733 D ActivityTaskManager: TaskLaunchParamsModifier:task=Task{a1aef76 #6045 type=standard A=10453:com.example.stavropolplacesapp} activity=ActivityRecord{cd5941c u0 com.example.stavropolplacesapp/.eat.PlacesToEatActivity t-1} display-area-from-source=DefaultTaskDisplayArea_d0@55095402 display-id=0 task-display-area-windowing-mode=1 suggested-display-area=DefaultTaskDisplayArea_d0@55095402 inherit-from-source=fullscreen non-freeform-task-display-area display-area=DefaultTaskDisplayArea_d0@55095402 default-portrait freeform-size-mismatch=Rect(81, 562 - 999, 1732)
08-14 14:01:44.028  1072  1629 I SurfaceFlinger: id=87590 createSurf, flag=84004, ActivityRecord{cd5941c u0 com.example.stavropolplacesapp/.eat.PlacesToEatActivity t6045}#87590
08-14 14:01:44.031 30587 30733 D ActivityTaskManager: scheduleTopResumedActivityChanged, onTop=false, r=ActivityRecord{625d5fe u0 com.example.stavropolplacesapp/.MainActivity t6045}, caller=com.android.server.wm.ActivityTaskSupervisor.updateTopResumedActivityIfNeeded:2826 com.android.server.wm.TaskFragment.setResumedActivity:579 com.android.server.wm.TaskFragment.onActivityStateChanged:888 com.android.server.wm.ActivityRecord.setState:6811 com.android.server.wm.TaskFragment.startPausing:2004 com.android.server.wm.TaskFragment.startPausing:1948 
08-14 14:01:44.033 30587 30733 V WindowManager: Collecting in transition 2629: ActivityRecord{cd5941c u0 com.example.stavropolplacesapp/.eat.PlacesToEatActivity t6045}, caller=com.android.server.wm.Transition.collect:759 com.android.server.wm.Transition.collectExistenceChange:942 com.android.server.wm.TransitionController.collectExistenceChange:985 com.android.server.wm.ActivityStarter.handleStartResult:2557 com.android.server.wm.ActivityStarter.startActivityUnchecked:2384 
08-14 14:01:44.034 30587 30733 I ActivityTaskManager: START u0 {cmp=com.example.stavropolplacesapp/.eat.PlacesToEatActivity} with LAUNCH_MULTIPLE from uid 10453 (BAL_ALLOW_VISIBLE_WINDOW) result code=0
08-14 14:01:44.036 31165 31229 V WindowManagerShell: Transition requested: android.os.BinderProxy@df3cb7a TransitionRequestInfo { type = OPEN, triggerTask = TaskInfo{userId=0 taskId=6045 displayId=0 isRunning=true baseIntent=Intent { act=android.intent.action.MAIN cat=[android.intent.category.LAUNCHER] flg=0x10200000 cmp=com.example.stavropolplacesapp/.SplashScreenActivity } baseActivity=ComponentInfo{com.example.stavropolplacesapp/com.example.stavropolplacesapp.MainActivity} topActivity=ComponentInfo{com.example.stavropolplacesapp/com.example.stavropolplacesapp.eat.PlacesToEatActivity} origActivity=null realActivity=ComponentInfo{com.example.stavropolplacesapp/com.example.stavropolplacesapp.SplashScreenActivity} numActivities=2 lastActiveTime=5112415833 supportsMultiWindow=true resizeMode=1 isResizeable=true minWidth=-1 minHeight=-1 maxWidth=-1 maxHeight=-1 defaultMinSize=220 token=WCT{android.window.IWindowContainerToken$Stub$Proxy@328ff2b} topActivityType=1 pictureInPictureParams=null shouldDockBigOverlays=false launchIntoPipHostTaskId=-1 lastParentTaskIdBeforePip=-1 displayCutoutSafeInsets=Rect(0, 80 - 0, 0) topActivityInfo=ActivityInfo{c75ef88 com.example.stavropolplacesapp.eat.PlacesToEatActivity} launchCookies=[android.os.BinderProxy@a7c9dfa] positionInParent=Point(0, 0) parentTaskId=-1 isFocused=true isVisible=true isVisibleRequested=true isSleeping=false topActivityInSizeCompat=false topActivityEligibleForLetterboxEducation= false topActivityLetterboxed= false isFromDoubleTap= false topActivityLetterboxVerticalPosition= -1 topActivityLetterboxHorizontalPosition= -1 topActivityLetterboxWidth=-1 topActivityLetterboxHeight=-1 locusId=null displayAreaFeatureId=1 cameraCompatControlState=hidden originallySupportedMultiWindow=true hasWallpaper=false topActivityInFixedAspectRatio=false rootAffinity=10453:com.example.stavropolplacesapp topActivityInDisplayCompat=false topActivityInBoundsCompat=false topActivityBounds=null singleTapFromLetterbox=false isTopTaskInStage=false topActivityUiMode=33 CoverLauncherWidgetTask=false CoverScreenTask=false isAllowedSeamlessRotation=false isTopTransparentActivity=false hasPopOver=false}, remoteTransition = null, displayChange = null }
08-14 14:01:44.038 30587 30738 D SGM:FgCheckThread: notePauseComponent(), received pkgName: com.example.stavropolplacesapp, userId: 0
08-14 14:01:44.038 30587 31923 V WindowManager: Collecting in transition 2629: ActivityRecord{cd5941c u0 com.example.stavropolplacesapp/.eat.PlacesToEatActivity t6045}, caller=com.android.server.wm.Transition.collect:759 com.android.server.wm.TransitionController.collect:935 com.android.server.wm.ActivityRecord.setVisibility:6348 com.android.server.wm.ActivityRecord.setVisibility:6300 com.android.server.wm.ActivityRecord.makeVisibleIfNeeded:7102 
08-14 14:01:44.038 30587 31923 V WindowManager: Collecting in transition 2629: ActivityRecord{625d5fe u0 com.example.stavropolplacesapp/.MainActivity t6045}, caller=com.android.server.wm.Transition.collect:759 com.android.server.wm.TransitionController.collect:935 com.android.server.wm.ActivityRecord.setVisibility:6348 com.android.server.wm.ActivityRecord.setVisibility:6300 com.android.server.wm.ActivityRecord.makeInvisible:7137 
08-14 14:01:44.038 30587 31923 D WindowManager: prepareSync <SYNC_STATE_WAITING_FOR_DRAW>, mPrepareSyncSeqId=0, win=Window{eea53dc u0 com.example.stavropolplacesapp/com.example.stavropolplacesapp.MainActivity}
08-14 14:01:44.038 30587 31923 D WindowManager: VisibleRequested updated, r=ActivityRecord{625d5fe u0 com.example.stavropolplacesapp/.MainActivity t6045}
08-14 14:01:44.038 30587 31923 D WindowManager: rotationForOrientation, orientationSource=ActivityRecord{cd5941c u0 com.example.stavropolplacesapp/.eat.PlacesToEatActivity t6045}
08-14 14:01:44.038 30587 31923 D WindowManager: rotationForOrientation, orientationSource=ActivityRecord{cd5941c u0 com.example.stavropolplacesapp/.eat.PlacesToEatActivity t6045}
08-14 14:01:44.039 30587 31923 D WindowManager: rotationForOrientation, orientationSource=ActivityRecord{cd5941c u0 com.example.stavropolplacesapp/.eat.PlacesToEatActivity t6045}
08-14 14:01:44.039 30587 31923 V WindowManager: Collecting in transition 2629: ActivityRecord{cd5941c u0 com.example.stavropolplacesapp/.eat.PlacesToEatActivity t6045}, caller=com.android.server.wm.Transition.collect:759 com.android.server.wm.TransitionController.collect:935 com.android.server.wm.ActivityRecord.setVisibility:6348 com.android.server.wm.ActivityRecord.setVisibility:6300 com.android.server.wm.ActivityTaskSupervisor.realStartActivityLocked:941 
08-14 14:01:44.039 30587 31923 D SGM:PkgDataHelper: notifyAppCreate(), pkgName: com.example.stavropolplacesapp, userId: 0, sendRet: true
08-14 14:01:44.040 30587 31923 D InputDispatcher: Focused application(0): ActivityRecord{cd5941c u0 com.example.stavropolplacesapp/.eat.PlacesToEatActivity t6045}
08-14 14:01:44.040 30587 30936 D SGM:FgCheckThread: onLooperPrepared(), msg: MSG_APP_CREATE, pkgName: com.example.stavropolplacesapp, userId: 0
08-14 14:01:44.040 30587 31923 V WindowManager: Changing focus from Window{eea53dc u0 com.example.stavropolplacesapp/com.example.stavropolplacesapp.MainActivity} to null displayId=0 Callers=com.android.server.wm.RootWindowContainer.updateFocusedWindowLocked:578 com.android.server.wm.WindowManagerService.updateFocusedWindowLocked:6881 com.android.server.wm.ActivityTaskManagerService.setLastResumedActivityUncheckLocked:6118 com.android.server.wm.ActivityTaskSupervisor.updateTopResumedActivityIfNeeded:2847 
08-14 14:01:44.041 30587 31923 D ActivityTaskManager: scheduleTopResumedActivityChanged, onTop=true, r=ActivityRecord{cd5941c u0 com.example.stavropolplacesapp/.eat.PlacesToEatActivity t6045}, caller=com.android.server.wm.ActivityTaskSupervisor.scheduleTopResumedActivityStateIfNeeded:2857 com.android.server.wm.ActivityTaskSupervisor.updateTopResumedActivityIfNeeded:2849 com.android.server.wm.TaskFragment.setResumedActivity:579 com.android.server.wm.TaskFragment.onActivityStateChanged:903 com.android.server.wm.ActivityRecord.setState:6811 com.android.server.wm.Task.minimalResumeActivityLocked:6192 
08-14 14:01:44.041 30587 31923 V WindowManager: Collecting in transition 2629: ActivityRecord{cd5941c u0 com.example.stavropolplacesapp/.eat.PlacesToEatActivity t6045}, caller=com.android.server.wm.Transition.collect:759 com.android.server.wm.TransitionController.collect:935 com.android.server.wm.ActivityRecord.setVisibility:6348 com.android.server.wm.ActivityRecord.setVisibility:6300 com.android.server.wm.ActivityRecord.completeResumeLocked:7395 
08-14 14:01:44.041 30587 31923 D WindowManagerServiceExt: notifyOccludeChangeNotice: cn=ComponentInfo{com.example.stavropolplacesapp/com.example.stavropolplacesapp.eat.PlacesToEatActivity} occludesParent=true isInSplitScreenMode=false styleFloating=false caller=com.android.server.wm.ActivityRecord.completeResumeLocked:7452 com.android.server.wm.Task.minimalResumeActivityLocked:6193 com.android.server.wm.ActivityTaskSupervisor.realStartActivityLocked:1158 com.android.server.wm.ActivityTaskSupervisor.startSpecificActivity:1267 com.android.server.wm.TaskFragment.resumeTopActivity:1885 
08-14 14:01:44.045 30587 30739 D WindowManager: SyncGroup 2629:  Unfinished container: ActivityRecord{cd5941c u0 com.example.stavropolplacesapp/.eat.PlacesToEatActivity t6045} mSyncState=2
08-14 14:01:44.052 30587 31122 D InputDispatcher: Focus left window (0): eea53dc com.example.stavropolplacesapp/com.example.stavropolplacesapp.MainActivity
08-14 14:01:44.052 30587 30738 I GameSDK@LifeCycle: noteResumeComponent(): package name  : com.example.stavropolplacesapp
08-14 14:01:44.054 30587 30738 D SGM:FgCheckThread: noteResumeComponent(), received pkgName: com.example.stavropolplacesapp, userId: 0
08-14 14:01:44.056 30587 30936 D SGM:FgCheckThread: onLooperPrepared(), msg: MSG_APP_RESUME, pkgName: com.example.stavropolplacesapp, userid: 0
08-14 14:01:44.057 30587 30936 D SGM:FgCheckThread:   handleResume(). pkgName: com.example.stavropolplacesapp, userId: 0, isTunableApp: null
08-14 14:01:44.057 30587 30936 D SGM:FgCheckThread: notifyFocusInOut(). of pkg: com.example.stavropolplacesapp, type: 4, isTunableApp: false, userId: 0
08-14 14:01:44.077 30587 31923 D WindowManager: prepareSync <SYNC_STATE_WAITING_FOR_DRAW>, mPrepareSyncSeqId=0, win=Window{c40481a u0 com.example.stavropolplacesapp/com.example.stavropolplacesapp.eat.PlacesToEatActivity}
08-14 14:01:44.077  1072  1629 I SurfaceFlinger: id=87592 createSurf, flag=84004, c40481a com.example.stavropolplacesapp/com.example.stavropolplacesapp.eat.PlacesToEatActivity#87592
08-14 14:01:44.078 14770 14770 I InsetsController: onStateChanged: host=com.example.stavropolplacesapp/com.example.stavropolplacesapp.eat.PlacesToEatActivity, from=android.view.ViewRootImpl.setView:1753, state=InsetsState: {mDisplayFrame=Rect(0, 0 - 1080, 2340), mDisplayCutout=DisplayCutout{insets=Rect(0, 80 - 0, 0) waterfall=Insets{left=0, top=0, right=0, bottom=0} boundingRect={Bounds=[Rect(0, 0 - 0, 0), Rect(511, 0 - 569, 80), Rect(0, 0 - 0, 0), Rect(0, 0 - 0, 0)]} cutoutPathParserInfo={CutoutPathParserInfo{displayWidth=1080 displayHeight=2340 physicalDisplayWidth=1080 physicalDisplayHeight=2340 density={2.8125} cutoutSpec={M 0,0 M 0,7.822222222222222‬‬ a 10.31111111111111‬,10.31111111111111‬ 0 1,0 0,20.62222222222222‬ a 10.31111111111111‬,10.31111111111111‬ 0 1,0 0,-20.62222222222222‬ Z @dp} rotation={0} scale={1.0} physicalPixelDisplaySizeRatio={1.0}}}}, mRoundedCorners=RoundedCorners{[RoundedCorner{position=TopLeft, radius=0, center=Point(0, 0)}, RoundedCorner{position=TopRight, radius=0, center=Point(0, 0)}, RoundedCorner{position=BottomRight, radius=0, center=Point(0, 0)}, RoundedCorner{position=BottomLeft, radius=0, center=Point(0, 0)}]}  mRoundedCornerFrame=Rect(0, 0 - 1080, 2340), mPrivacyIndicatorBounds=PrivacyIndicatorBounds {static bounds=Rect(964, 0 - 1080, 80) rotation=0}, mDisplayShape=DisplayShape{ spec=-311912193 displayWidth=1080 displayHeight=2340 physicalPixelDisplaySizeRatio=1.0 rotation=0 offsetX=0 offsetY=0 scale=1.0}, mSources= { InsetsSource: {27 mType=displayCutout mFrame=[0,0][1080,80] mVisible=true mFlags=[]}, InsetsSource: {3ad50000 mType=statusBars mFrame=[0,0][1080,80] mVisible=true mFlags=[]}, InsetsSource: {3ad50005 mType=mandatorySystemGestures mFrame=[0,0][1080,112] mVisible=true mFlags=[]}, InsetsSource: {3ad50006 mType=tappableElement mFrame=[0,0][1080,80] mVisible=true mFlags=[]}, InsetsSource: {3ff00001 mType=navigationBars mFrame=[0,2214][1080,2340] mVisible=true mFlags=[]}, InsetsSource: {3ff00004 mType=systemGestures mFrame=[0,0][0,0] mVisible=true mFlags=[]}, InsetsSource: {3ff00005 mType=mandatorySystemGestures mFrame=[0,2214][1080,2340] mVisible=true mFlags=[]}, InsetsSource: {3ff00006 mType=tappableElement mFrame=[0,2214][1080,2340] mVisible=true mFlags=[]}, InsetsSource: {3ff00024 mType=systemGestures mFrame=[0,0][0,0] mVisible=true mFlags=[]} }
08-14 14:01:44.084 30587 31923 D CoreBackPreview: Window{c40481a u0 com.example.stavropolplacesapp/com.example.stavropolplacesapp.eat.PlacesToEatActivity}: Setting back callback OnBackInvokedCallbackInfo{mCallback=android.window.IOnBackInvokedCallback$Stub$Proxy@97e13d4, mPriority=-1, mIsAnimationCallback=false}
08-14 14:01:44.086 30587 30733 V WindowManager: Relayout Window{c40481a u0 com.example.stavropolplacesapp/com.example.stavropolplacesapp.eat.PlacesToEatActivity}: viewVisibility=0 req=1080x2340 ty=1 d0
08-14 14:01:44.087  1072  1629 I SurfaceFlinger: id=87594 createSurf, flag=44004, com.example.stavropolplacesapp/com.example.stavropolplacesapp.eat.PlacesToEatActivity$_14770#87594
08-14 14:01:44.088 30587 30733 D WindowManager: makeSurface duration=1 name=com.example.stavropolplacesapp/com.example.stavropolplacesapp.eat.PlacesToEatActivity$_14770
08-14 14:01:44.089 30587 30733 D WindowManager: SyncGroup 2629:  Unfinished container: ActivityRecord{cd5941c u0 com.example.stavropolplacesapp/.eat.PlacesToEatActivity t6045} mSyncState=2
08-14 14:01:44.090 30587 30733 V WindowManager: Changing focus from null to Window{c40481a u0 com.example.stavropolplacesapp/com.example.stavropolplacesapp.eat.PlacesToEatActivity} displayId=0 Callers=com.android.server.wm.RootWindowContainer.updateFocusedWindowLocked:578 com.android.server.wm.WindowManagerService.updateFocusedWindowLocked:6881 com.android.server.wm.WindowManagerService.relayoutWindow:2755 com.android.server.wm.Session.relayout:282 
08-14 14:01:44.091 30587 30733 D InsetsSourceProvider: updateControlForTarget: control=InsetsSourceControl: {3ff00001 mType=navigationBars initiallyVisible mSurfacePosition=Point(0, 2214) mInsetsHint=Insets{left=0, top=0, right=0, bottom=126}}, target=Window{c40481a u0 com.example.stavropolplacesapp/com.example.stavropolplacesapp.eat.PlacesToEatActivity}, from=com.android.server.wm.InsetsStateController.onControlTargetChanged:358 com.android.server.wm.InsetsStateController.onBarControlTargetChanged:327 com.android.server.wm.InsetsPolicy.updateBarControlTarget:173 com.android.server.wm.InsetsPolicy.updateSystemBars:805 com.android.server.wm.DisplayPolicy.updateSystemBarsLw:3425 
08-14 14:01:44.092 30587 30733 D InsetsSourceProvider: updateControlForTarget: control=InsetsSourceControl: {3ad50000 mType=statusBars initiallyVisible mSurfacePosition=Point(0, 0) mInsetsHint=Insets{left=0, top=80, right=0, bottom=0}}, target=Window{c40481a u0 com.example.stavropolplacesapp/com.example.stavropolplacesapp.eat.PlacesToEatActivity}, from=com.android.server.wm.InsetsStateController.onControlTargetChanged:358 com.android.server.wm.InsetsStateController.onBarControlTargetChanged:324 com.android.server.wm.InsetsPolicy.updateBarControlTarget:173 com.android.server.wm.InsetsPolicy.updateSystemBars:805 com.android.server.wm.DisplayPolicy.updateSystemBarsLw:3425 
08-14 14:01:44.094 14770 14770 I InsetsController: onStateChanged: host=com.example.stavropolplacesapp/com.example.stavropolplacesapp.eat.PlacesToEatActivity, from=android.view.ViewRootImpl.relayoutWindow:10072, state=InsetsState: {mDisplayFrame=Rect(0, 0 - 1080, 2340), mDisplayCutout=DisplayCutout{insets=Rect(0, 80 - 0, 0) waterfall=Insets{left=0, top=0, right=0, bottom=0} boundingRect={Bounds=[Rect(0, 0 - 0, 0), Rect(511, 0 - 569, 80), Rect(0, 0 - 0, 0), Rect(0, 0 - 0, 0)]} cutoutPathParserInfo={CutoutPathParserInfo{displayWidth=1080 displayHeight=2340 physicalDisplayWidth=1080 physicalDisplayHeight=2340 density={2.8125} cutoutSpec={M 0,0 M 0,7.822222222222222‬‬ a 10.31111111111111‬,10.31111111111111‬ 0 1,0 0,20.62222222222222‬ a 10.31111111111111‬,10.31111111111111‬ 0 1,0 0,-20.62222222222222‬ Z @dp} rotation={0} scale={1.0} physicalPixelDisplaySizeRatio={1.0}}}}, mRoundedCorners=RoundedCorners{[RoundedCorner{position=TopLeft, radius=0, center=Point(0, 0)}, RoundedCorner{position=TopRight, radius=0, center=Point(0, 0)}, RoundedCorner{position=BottomRight, radius=0, center=Point(0, 0)}, RoundedCorner{position=BottomLeft, radius=0, center=Point(0, 0)}]}  mRoundedCornerFrame=Rect(0, 0 - 1080, 2340), mPrivacyIndicatorBounds=PrivacyIndicatorBounds {static bounds=Rect(964, 0 - 1080, 80) rotation=0}, mDisplayShape=DisplayShape{ spec=-311912193 displayWidth=1080 displayHeight=2340 physicalPixelDisplaySizeRatio=1.0 rotation=0 offsetX=0 offsetY=0 scale=1.0}, mSources= { InsetsSource: {3 mType=ime mFrame=[0,0][0,0] mVisible=false mFlags=[]}, InsetsSource: {27 mType=displayCutout mFrame=[0,0][1080,80] mVisible=true mFlags=[]}, InsetsSource: {3ad50000 mType=statusBars mFrame=[0,0][1080,80] mVisible=true mFlags=[]}, InsetsSource: {3ad50005 mType=mandatorySystemGestures mFrame=[0,0][1080,112] mVisible=true mFlags=[]}, InsetsSource: {3ad50006 mType=tappableElement mFrame=[0,0][1080,80] mVisible=true mFlags=[]}, InsetsSource: {3ff00001 mType=navigationBars mFrame=[0,2214][1080,2340] mVisible=true mFlags=[]}, InsetsSource: {3ff00004 mType=systemGestures mFrame=[0,0][0,0] mVisible=true mFlags=[]}, InsetsSource: {3ff00005 mType=mandatorySystemGestures mFrame=[0,2214][1080,2340] mVisible=true mFlags=[]}, InsetsSource: {3ff00006 mType=tappableElement mFrame=[0,2214][1080,2340] mVisible=true mFlags=[]}, InsetsSource: {3ff00024 mType=systemGestures mFrame=[0,0][0,0] mVisible=true mFlags=[]} }
08-14 14:01:44.107 30587 30733 D WindowManager: finishDrawingWindow: Window{c40481a u0 com.example.stavropolplacesapp/com.example.stavropolplacesapp.eat.PlacesToEatActivity} mDrawState=DRAW_PENDING seqId=0
08-14 14:01:44.109 30587 30739 V WindowManager: performShowLocked: mDrawState=HAS_DRAWN in Window{c40481a u0 com.example.stavropolplacesapp/com.example.stavropolplacesapp.eat.PlacesToEatActivity}
08-14 14:01:44.109 30587 30739 V WindowManager: Start calculating TransitionInfo based on participants: {ActivityRecord{625d5fe u0 com.example.stavropolplacesapp/.MainActivity t6045}, ActivityRecord{cd5941c u0 com.example.stavropolplacesapp/.eat.PlacesToEatActivity t6045}}
08-14 14:01:44.109 30587 30739 V WindowManager:   Final targets: [ActivityRecord{cd5941c u0 com.example.stavropolplacesapp/.eat.PlacesToEatActivity t6045}, ActivityRecord{625d5fe u0 com.example.stavropolplacesapp/.MainActivity t6045}]
08-14 14:01:44.109 14770 14770 I InsetsSourceConsumer: applyRequestedVisibilityToControl: visible=true, type=navigationBars, host=com.example.stavropolplacesapp/com.example.stavropolplacesapp.eat.PlacesToEatActivity
08-14 14:01:44.109  1072  1629 I SurfaceFlinger: id=87600 createSurf, flag=84004, Transition Root: ActivityRecord{cd5941c u0 com.example.stavropolplacesapp/.eat.PlacesToEatActivity t6045}#87600
08-14 14:01:44.109 14770 14770 I InsetsSourceConsumer: applyRequestedVisibilityToControl: visible=true, type=statusBars, host=com.example.stavropolplacesapp/com.example.stavropolplacesapp.eat.PlacesToEatActivity
08-14 14:01:44.111 14770 15084 E AndroidRuntime: FATAL EXCEPTION: DefaultDispatcher-worker-1
08-14 14:01:44.111 14770 15084 E AndroidRuntime: Process: com.example.stavropolplacesapp, PID: 14770
08-14 14:01:44.111 14770 15084 E AndroidRuntime: java.lang.IllegalStateException: TypeToken must be created with a type argument: new TypeToken<...>() {}; When using code shrinkers (ProGuard, R8, ...) make sure that generic signatures are preserved.
08-14 14:01:44.111 14770 15084 E AndroidRuntime: 	at com.google.gson.reflect.TypeToken.getTypeTokenTypeArgument(Unknown Source:40)
08-14 14:01:44.111 14770 15084 E AndroidRuntime: 	at com.google.gson.reflect.TypeToken.<init>(SourceFile:2)
08-14 14:01:44.111 14770 15084 E AndroidRuntime: 	at m2.i.invokeSuspend(Unknown Source:50)
08-14 14:01:44.111 14770 15084 E AndroidRuntime: 	at kotlin.coroutines.jvm.internal.BaseContinuationImpl.resumeWith(Unknown Source:8)
08-14 14:01:44.111 14770 15084 E AndroidRuntime: 	at Z3.N.run(Unknown Source:118)
08-14 14:01:44.111 14770 15084 E AndroidRuntime: 	at j.k.run(Unknown Source:15)
08-14 14:01:44.111 14770 15084 E AndroidRuntime: 	at g4.j.run(Unknown Source:2)
08-14 14:01:44.111 14770 15084 E AndroidRuntime: 	at g4.a.run(Unknown Source:95)
08-14 14:01:44.111 14770 15084 E AndroidRuntime: 	Suppressed: e4.g: [y0{Cancelling}@2bbec7c, Dispatchers.IO]
08-14 14:01:44.111 30587 30739 I SurfaceControl: show, t=StartTransaction_SyncId<2629>, sc=Surface(name=ActivityRecord{cd5941c u0 com.example.stavropolplacesapp/.eat.PlacesToEatActivity t6045})/@0xa9cf079, caller=com.android.server.wm.Transition.onTransactionReady:1991 com.android.server.wm.BLASTSyncEngine$SyncGroup.finishNow:315 com.android.server.wm.BLASTSyncEngine$SyncGroup.tryFinish:242 com.android.server.wm.BLASTSyncEngine$SyncGroup.-$$Nest$mtryFinish:0 com.android.server.wm.BLASTSyncEngine.onSurfacePlacement:675 com.android.server.wm.RootWindowContainer.performSurfacePlacementNoTrace:990 
08-14 14:01:44.112 30587 30739 V WindowManager:         {null m=OPEN f=FILLS_TASK|IS_ACTIVITY leash=Surface(name=ActivityRecord{cd5941c u0 com.example.stavropolplacesapp/.eat.PlacesToEatActivity t6045})/@0xa9cf079 sb=Rect(0, 0 - 0, 0) eb=Rect(0, 0 - 1080, 2340) d=-1->0 r=-1->0:-1 dim=true inset=Rect(0, 0 - 0, 0)},
08-14 14:01:44.112 30587 30739 V WindowManager:         {null m=TO_BACK f=FILLS_TASK|IS_ACTIVITY leash=Surface(name=ActivityRecord{625d5fe u0 com.example.stavropolplacesapp/.MainActivity t6045})/@0x502d39d sb=Rect(0, 0 - 1080, 2340) eb=Rect(0, 0 - 1080, 2340) d=0 inset=Rect(0, 0 - 0, 0)}
08-14 14:01:44.113  1072  1629 I SurfaceFlinger: id=87601 createSurf, flag=84000, 84070ee ActivityRecordInputSink com.example.stavropolplacesapp/.eat.PlacesToEatActivity#87601
08-14 14:01:44.115 30587 30735 I ActivityTaskManager: Displayed com.example.stavropolplacesapp/.eat.PlacesToEatActivity for user 0: +83ms
08-14 14:01:44.115 30587 30735 I Pageboost: Launch time gathered : pid 14770 com.example.stavropolplacesapp 83
08-14 14:01:44.115 31165 31229 V WindowManagerShell: onTransitionReady android.os.BinderProxy@df3cb7a: {id=2629 t=OPEN f=0x0 trk=0 r=[0@Point(0, 0)] c=[{null m=OPEN f=FILLS_TASK|IS_ACTIVITY leash=Surface(name=ActivityRecord{cd5941c u0 com.example.stavropolplacesapp/.eat.PlacesToEatActivity t6045})/@0x8629d21 sb=Rect(0, 0 - 0, 0) eb=Rect(0, 0 - 1080, 2340) d=-1->0 r=-1->0:-1 dim=true inset=Rect(0, 0 - 0, 0)},{null m=TO_BACK f=FILLS_TASK|IS_ACTIVITY leash=Surface(name=ActivityRecord{625d5fe u0 com.example.stavropolplacesapp/.MainActivity t6045})/@0x6632546 sb=Rect(0, 0 - 1080, 2340) eb=Rect(0, 0 - 1080, 2340) d=0 inset=Rect(0, 0 - 0, 0)}]}
08-14 14:01:44.115 30587 30735 V WindowManager: Sent Transition #2629 createdAt=08-14 14:01:44.026 via request=TransitionRequestInfo { type = OPEN, triggerTask = TaskInfo{userId=0 taskId=6045 displayId=0 isRunning=true baseIntent=Intent { act=android.intent.action.MAIN cat=[android.intent.category.LAUNCHER] flg=0x10200000 cmp=com.example.stavropolplacesapp/.SplashScreenActivity } baseActivity=ComponentInfo{com.example.stavropolplacesapp/com.example.stavropolplacesapp.MainActivity} topActivity=ComponentInfo{com.example.stavropolplacesapp/com.example.stavropolplacesapp.eat.PlacesToEatActivity} origActivity=null realActivity=ComponentInfo{com.example.stavropolplacesapp/com.example.stavropolplacesapp.SplashScreenActivity} numActivities=2 lastActiveTime=5112415833 supportsMultiWindow=true resizeMode=1 isResizeable=true minWidth=-1 minHeight=-1 maxWidth=-1 maxHeight=-1 defaultMinSize=220 token=WCT{RemoteToken{af225e3 Task{a1aef76 #6045 type=standard A=10453:com.example.stavropolplacesapp}}} topActivityType=1 pictureInPictureParams=null shouldDockBigOverlays=false launchIntoPipHostTaskId=-1 lastParentTaskIdBeforePip=-1 displayCutoutSafeInsets=Rect(0, 80 - 0, 0) topActivityInfo=ActivityInfo{3a8096c com.example.stavropolplacesapp.eat.PlacesToEatActivity} launchCookies=[android.os.BinderProxy@b9e2e99] positionInParent=Point(0, 0) parentTaskId=-1 isFocused=true isVisible=true isVisibleRequested=true isSleeping=false topActivityInSizeCompat=false topActivityEligibleForLetterboxEducation= false topActivityLetterboxed= false isFromDoubleTap= false topActivityLetterboxVerticalPosition= -1 topActivityLetterboxHorizontalPosition= -1 topActivityLetterboxWidth=-1 topActivityLetterboxHeight=-1 locusId=null displayAreaFeatureId=1 cameraCompatControlState=hidden originallySupportedMultiWindow=true hasWallpaper=false topActivityInFixedAspectRatio=false rootAffinity=10453:com.example.stavropolplacesapp topActivityInDisplayCompat=false topActivityInBoundsCompat=false topActivityBounds=null singleTapFromLetterbox=false isTopTaskInStage=false topActivityUiMode=33 CoverLauncherWidgetTask=false CoverScreenTask=false isAllowedSeamlessRotation=false isTopTransparentActivity=false hasPopOver=false}, remoteTransition = null, displayChange = null }
08-14 14:01:44.116 30587 30735 V WindowManager:         {null m=OPEN f=FILLS_TASK|IS_ACTIVITY leash=Surface(name=ActivityRecord{cd5941c u0 com.example.stavropolplacesapp/.eat.PlacesToEatActivity t6045})/@0xa9cf079 sb=Rect(0, 0 - 0, 0) eb=Rect(0, 0 - 1080, 2340) d=-1->0 r=-1->0:-1 dim=true inset=Rect(0, 0 - 0, 0)},
08-14 14:01:44.116 30587 30735 V WindowManager:         {null m=TO_BACK f=FILLS_TASK|IS_ACTIVITY leash=Surface(name=ActivityRecord{625d5fe u0 com.example.stavropolplacesapp/.MainActivity t6045})/@0x502d39d sb=Rect(0, 0 - 1080, 2340) eb=Rect(0, 0 - 1080, 2340) d=0 inset=Rect(0, 0 - 0, 0)}
08-14 14:01:44.116 31165 31229 I SurfaceControl: hide, t=FinishTransaction_SyncId<2629>, sc=Surface(name=ActivityRecord{625d5fe u0 com.example.stavropolplacesapp/.MainActivity t6045})/@0x6632546, caller=com.android.wm.shell.transition.Transitions.dispatchReady:682 com.android.wm.shell.transition.Transitions.onTransitionReady:119 com.android.wm.shell.transition.Transitions$TransitionPlayerImpl$$ExternalSyntheticLambda0.run:13 android.os.Handler.handleCallback:958 android.os.Handler.dispatchMessage:99 android.os.Looper.loopOnce:230 
08-14 14:01:44.116 31165 31229 I SurfaceControl: show, t=StartTransaction_SyncId<2629>, sc=Surface(name=ActivityRecord{cd5941c u0 com.example.stavropolplacesapp/.eat.PlacesToEatActivity t6045})/@0x8629d21, caller=com.android.wm.shell.transition.Transitions.dispatchReady:687 com.android.wm.shell.transition.Transitions.onTransitionReady:119 com.android.wm.shell.transition.Transitions$TransitionPlayerImpl$$ExternalSyntheticLambda0.run:13 android.os.Handler.handleCallback:958 android.os.Handler.dispatchMessage:99 android.os.Looper.loopOnce:230 
08-14 14:01:44.116 31165 31229 I SurfaceControl: show, t=FinishTransaction_SyncId<2629>, sc=Surface(name=ActivityRecord{cd5941c u0 com.example.stavropolplacesapp/.eat.PlacesToEatActivity t6045})/@0x8629d21, caller=com.android.wm.shell.transition.Transitions.dispatchReady:744 com.android.wm.shell.transition.Transitions.onTransitionReady:119 com.android.wm.shell.transition.Transitions$TransitionPlayerImpl$$ExternalSyntheticLambda0.run:13 android.os.Handler.handleCallback:958 android.os.Handler.dispatchMessage:99 android.os.Looper.loopOnce:230 
08-14 14:01:44.117 31165 31229 I SurfaceControl: show, t=StartTransaction_SyncId<2629>, sc=Surface(name=Transition Root: ActivityRecord{cd5941c u0 com.example.stavropolplacesapp/.eat.PlacesToEatActivity t6045})/@0x7b66307, caller=com.android.wm.shell.transition.Transitions.playTransition:80 com.android.wm.shell.transition.Transitions.processReadyQueue:195 com.android.wm.shell.transition.Transitions.dispatchReady:762 com.android.wm.shell.transition.Transitions.onTransitionReady:119 com.android.wm.shell.transition.Transitions$TransitionPlayerImpl$$ExternalSyntheticLambda0.run:13 android.os.Handler.handleCallback:958 
08-14 14:01:44.118 31165 31229 V WindowManagerShell: Transition doesn't have explicit remote, search filters for match for {id=2629 t=OPEN f=0x0 trk=0 r=[0@Point(0, 0)] c=[{null m=OPEN f=FILLS_TASK|IS_ACTIVITY leash=Surface(name=ActivityRecord{cd5941c u0 com.example.stavropolplacesapp/.eat.PlacesToEatActivity t6045})/@0x8629d21 sb=Rect(0, 0 - 0, 0) eb=Rect(0, 0 - 1080, 2340) d=-1->0 r=-1->0:-1 dim=true inset=Rect(0, 0 - 0, 0)},{null m=TO_BACK f=FILLS_TASK|IS_ACTIVITY leash=Surface(name=ActivityRecord{625d5fe u0 com.example.stavropolplacesapp/.MainActivity t6045})/@0x6632546 sb=Rect(0, 0 - 1080, 2340) eb=Rect(0, 0 - 1080, 2340) d=0 inset=Rect(0, 0 - 0, 0)}]}
08-14 14:01:44.118 30587 32467 D InputDispatcher: Focus request (0): c40481a com.example.stavropolplacesapp/com.example.stavropolplacesapp.eat.PlacesToEatActivity but waiting because NO_WINDOW
08-14 14:01:44.119 31165 31229 V WindowManagerShell: start default transition animation, info = {id=2629 t=OPEN f=0x0 trk=0 r=[0@Point(0, 0)] c=[{null m=OPEN f=FILLS_TASK|IS_ACTIVITY leash=Surface(name=ActivityRecord{cd5941c u0 com.example.stavropolplacesapp/.eat.PlacesToEatActivity t6045})/@0x8629d21 sb=Rect(0, 0 - 0, 0) eb=Rect(0, 0 - 1080, 2340) d=-1->0 r=-1->0:-1 dim=true inset=Rect(0, 0 - 0, 0)},{null m=TO_BACK f=FILLS_TASK|IS_ACTIVITY leash=Surface(name=ActivityRecord{625d5fe u0 com.example.stavropolplacesapp/.MainActivity t6045})/@0x6632546 sb=Rect(0, 0 - 1080, 2340) eb=Rect(0, 0 - 1080, 2340) d=0 inset=Rect(0, 0 - 0, 0)}]}
08-14 14:01:44.128 30587 15124 W ActivityManager: crash : com.example.stavropolplacesapp,10453
08-14 14:01:44.128 30587 30733 W ActivityTaskManager:   Force finishing activity com.example.stavropolplacesapp/.eat.PlacesToEatActivity
08-14 14:01:44.130 30587 30733 V WindowManager: Collecting in transition 2630: ActivityRecord{cd5941c u0 com.example.stavropolplacesapp/.eat.PlacesToEatActivity t6045 f}}, caller=com.android.server.wm.Transition.collect:759 com.android.server.wm.Transition.collectExistenceChange:942 com.android.server.wm.TransitionController.collectExistenceChange:985 com.android.server.wm.TransitionController.requestCloseTransitionIfNeeded:923 com.android.server.wm.ActivityRecord.finishIfPossible:4311 
08-14 14:01:44.131 30587 30733 D WindowManager: prepareSync <SYNC_STATE_WAITING_FOR_DRAW>, mPrepareSyncSeqId=0, win=Window{c40481a u0 com.example.stavropolplacesapp/com.example.stavropolplacesapp.eat.PlacesToEatActivity}
08-14 14:01:44.131 30587 30733 V WindowManager: Collecting in transition 2630: ActivityRecord{cd5941c u0 com.example.stavropolplacesapp/.eat.PlacesToEatActivity t6045 f}}, caller=com.android.server.wm.Transition.collect:759 com.android.server.wm.TransitionController.collect:935 com.android.server.wm.ActivityRecord.setVisibility:6348 com.android.server.wm.ActivityRecord.setVisibility:6300 com.android.server.wm.ActivityRecord.finishIfPossible:4390 
08-14 14:01:44.132 30587 30733 D WindowManager: VisibleRequested updated, r=ActivityRecord{cd5941c u0 com.example.stavropolplacesapp/.eat.PlacesToEatActivity t6045 f}}
08-14 14:01:44.132 30587 30733 D ActivityTaskManager: scheduleTopResumedActivityChanged, onTop=false, r=ActivityRecord{cd5941c u0 com.example.stavropolplacesapp/.eat.PlacesToEatActivity t6045 f}}, caller=com.android.server.wm.ActivityTaskSupervisor.updateTopResumedActivityIfNeeded:2826 com.android.server.wm.TaskFragment.setResumedActivity:579 com.android.server.wm.TaskFragment.onActivityStateChanged:888 com.android.server.wm.ActivityRecord.setState:6811 com.android.server.wm.TaskFragment.startPausing:2004 com.android.server.wm.ActivityRecord.finishIfPossible:4408 
08-14 14:01:44.137 30587 30733 W ActivityTaskManager:   Force finishing activity com.example.stavropolplacesapp/.MainActivity
08-14 14:01:44.138  1072  1681 I SurfaceFlinger: id=87609 createSurf, flag=20004, DimTransitionLayer for Surface(name=ActivityRecord{cd5941c u0 com.example.stavropolplacesapp/.eat.PlacesToEatActivity t6045})/@0x8629d21#87609
08-14 14:01:44.139 31165 31229 I SurfaceControl: show, t=StartTransaction_SyncId<2629>, sc=Surface(name=DimTransitionLayer for Surface(name=ActivityRecord{cd5941c u0 com.example.stavropolplacesapp/.eat.PlacesToEatActivity t6045})/@0x8629d21)/@0x1411dcc, caller=com.android.wm.shell.transition.DefaultTransitionHandler.startAnimation:2970 com.android.wm.shell.transition.Transitions.dispatchTransition:80 com.android.wm.shell.transition.Transitions.playTransition:793 com.android.wm.shell.transition.Transitions.processReadyQueue:195 com.android.wm.shell.transition.Transitions.dispatchReady:762 com.android.wm.shell.transition.Transitions.onTransitionReady:119 
08-14 14:01:44.139 31165 31229 V WindowManagerShell: attach dim transition, change={null m=OPEN f=FILLS_TASK|IS_ACTIVITY leash=Surface(name=ActivityRecord{cd5941c u0 com.example.stavropolplacesapp/.eat.PlacesToEatActivity t6045})/@0x8629d21 sb=Rect(0, 0 - 0, 0) eb=Rect(0, 0 - 1080, 2340) d=-1->0 r=-1->0:-1 dim=true inset=Rect(0, 0 - 0, 0)}
08-14 14:01:44.140 30587 30733 V WindowManager: Changing focus from Window{c40481a u0 com.example.stavropolplacesapp/com.example.stavropolplacesapp.eat.PlacesToEatActivity} to null displayId=0 Callers=com.android.server.wm.RootWindowContainer.updateFocusedWindowLocked:578 com.android.server.wm.WindowManagerService.updateFocusedWindowLocked:6881 com.android.server.wm.ActivityTaskManagerService.setLastResumedActivityUncheckLocked:6118 com.android.server.wm.ActivityRecord.moveFocusableActivityToTop:4115 
08-14 14:01:44.141 30587 30733 V WindowManager: Collecting in transition 2630: Task{a1aef76 #6045 type=standard A=10453:com.example.stavropolplacesapp}, caller=com.android.server.wm.Transition.collect:759 com.android.server.wm.TransitionController.collect:935 com.android.server.wm.TransitionController.requestCloseTransitionIfNeeded:927 com.android.server.wm.ActivityRecord.finishIfPossible:4311 com.android.server.wm.ActivityRecord.finishIfPossible:4213 
08-14 14:01:44.141 30587 30733 D WindowManager: prepareSync <SYNC_STATE_WAITING_FOR_DRAW>, mPrepareSyncSeqId=0, win=Window{eea53dc u0 com.example.stavropolplacesapp/com.example.stavropolplacesapp.MainActivity}
08-14 14:01:44.144 30587 30736 I ActivityManager: Showing crash dialog for package com.example.stavropolplacesapp u0
08-14 14:01:44.149  1072  1072 I Layer   : Layer [ActivityRecord{cd5941c u0 com.example.stavropolplacesapp/.eat.PlacesToEatActivity t6045}#87590] hidden!! flag(0)
08-14 14:01:44.149  1072  1072 I Layer   : Layer [com.example.stavropolplacesapp/com.example.stavropolplacesapp.eat.PlacesToEatActivity$_14770#87594] hidden!! flag(0)
08-14 14:01:44.149  1072  1072 I Layer   : Layer [c40481a com.example.stavropolplacesapp/com.example.stavropolplacesapp.eat.PlacesToEatActivity#87592] hidden!! flag(0)
08-14 14:01:44.149  1072  1072 I Layer   : Layer [DimTransitionLayer for Surface(name=ActivityRecord{cd5941c u0 com.example.stavropolplacesapp/.eat.PlacesToEatActivity t6045})/@0x8629d21#87609] hidden!! flag(0)
