08-14 14:01:38.537 30587 31139 I Pageboost: start alp : com.example.stavropolplacesapp
08-14 14:01:38.539 30587 31143 I Pageboost: alp for : com.example.stavropolplacesapp , 0
08-14 14:01:38.544 30587 30738 I ChimeraSystemEventListener: appLaunchIntent package name is: com.example.stavropolplacesapp
08-14 14:01:38.567 31165 31270 D ShellStartingWindow: preload Icon com.example.stavropolplacesapp
08-14 14:01:38.569 30587 30738 I ChimeraSystemEventListener: appLaunchIntent package name is: com.example.stavropolplacesapp
08-14 14:01:38.570 30587  2586 I Pageboost: onAppLaunch : com.example.stavropolplacesapp
08-14 14:01:38.574 30587 30749 I ActivityManager: Start proc 14770:com.example.stavropolplacesapp/u0a453 for activelaunch {com.example.stavropolplacesapp/com.example.stavropolplacesapp.SplashScreenActivity}
08-14 14:01:38.574 30587 30749 D DynamicHiddenApp_BGProtectManager: [SecIpm] it's a ML_TYPE_EMPTYPROCESS protected process com.example.stavropolplacesapp
08-14 14:01:38.574 30587  2586 V WindowManager: Collecting in transition 2625: ActivityRecord{32f7211 u0 com.example.stavropolplacesapp/.SplashScreenActivity, caller=com.android.server.wm.Transition.collect:759 com.android.server.wm.TransitionController.collect:935 com.android.server.wm.ActivityStarter.startActivityUnchecked:2376 com.android.server.wm.ActivityStarter.executeRequest:1953 com.android.server.wm.ActivityStarter.execute:1093 
08-14 14:01:38.574 30587  2586 D ActivityTaskManager: TaskLaunchParamsModifier:task=null activity=ActivityRecord{32f7211 u0 com.example.stavropolplacesapp/.SplashScreenActivity t-1} display-from-option=0 display-id=0 task-display-area-windowing-mode=1 suggested-display-area=DefaultTaskDisplayArea_d0@55095402
08-14 14:01:38.574 30587  2586 D ActivityTaskManager: TaskLaunchParamsModifier:task=null activity=ActivityRecord{32f7211 u0 com.example.stavropolplacesapp/.SplashScreenActivity t-1} display-from-option=0 display-id=0 task-display-area-windowing-mode=1 suggested-display-area=DefaultTaskDisplayArea_d0@55095402 inherit-from-source=fullscreen non-freeform-task-display-area display-area=DefaultTaskDisplayArea_d0@55095402 default-portrait freeform-size-mismatch=Rect(81, 562 - 999, 1732)
08-14 14:01:38.577 30587  2586 D ActivityTaskManager: TaskLaunchParamsModifier:task=Task{a1aef76 #6045 type=standard A=10453:com.example.stavropolplacesapp} activity=ActivityRecord{32f7211 u0 com.example.stavropolplacesapp/.SplashScreenActivity t-1} display-from-option=0 display-id=0 task-display-area-windowing-mode=1 suggested-display-area=DefaultTaskDisplayArea_d0@55095402 inherit-from-source=fullscreen non-freeform-task-display-area display-area=DefaultTaskDisplayArea_d0@55095402 default-portrait freeform-size-mismatch=Rect(81, 562 - 999, 1732)
08-14 14:01:38.577 30587  2586 V WindowManager: Collecting in transition 2625: Task{a1aef76 #6045 type=standard A=10453:com.example.stavropolplacesapp}, caller=com.android.server.wm.Transition.collect:759 com.android.server.wm.Transition.collectExistenceChange:942 com.android.server.wm.TransitionController.collectExistenceChange:985 com.android.server.wm.ActivityStarter.setNewTask:4727 com.android.server.wm.ActivityStarter.startActivityInner:2944 
08-14 14:01:38.577  1072  1681 I SurfaceFlinger: id=87475 createSurf, flag=84004, ActivityRecord{32f7211 u0 com.example.stavropolplacesapp/.SplashScreenActivity t6045}#87475
08-14 14:01:38.580 30587  2586 D ActivityTaskManager: Add starting ActivityRecord{32f7211 u0 com.example.stavropolplacesapp/.SplashScreenActivity t6045}: typeParam=139 startingData=com.android.server.wm.SplashScreenStartingData@fbe8d02
08-14 14:01:38.580 30587  2586 V WindowManager: Added starting ActivityRecord{32f7211 u0 com.example.stavropolplacesapp/.SplashScreenActivity t6045}: startingWindow=null startingView=com.android.server.wm.StartingSurfaceController$StartingSurface@4a4d613
08-14 14:01:38.584 30587  2586 V WindowManager: Collecting in transition 2625: ActivityRecord{32f7211 u0 com.example.stavropolplacesapp/.SplashScreenActivity t6045}, caller=com.android.server.wm.Transition.collect:759 com.android.server.wm.Transition.collectExistenceChange:942 com.android.server.wm.TransitionController.collectExistenceChange:985 com.android.server.wm.ActivityStarter.handleStartResult:2557 com.android.server.wm.ActivityStarter.startActivityUnchecked:2384 
08-14 14:01:38.586 30587  2586 I ActivityTaskManager: START u0 {act=android.intent.action.MAIN cat=[android.intent.category.LAUNCHER] flg=0x10200000 cmp=com.example.stavropolplacesapp/.SplashScreenActivity bnds=[540,596][791,954]} with LAUNCH_MULTIPLE from uid 10139 (BAL_ALLOW_ALLOWLISTED_COMPONENT) result code=0
08-14 14:01:38.586 31165 31229 V WindowManagerShell: Transition requested: android.os.BinderProxy@bf0f98f TransitionRequestInfo { type = OPEN, triggerTask = TaskInfo{userId=0 taskId=6045 displayId=0 isRunning=true baseIntent=Intent { act=android.intent.action.MAIN cat=[android.intent.category.LAUNCHER] flg=0x10200000 cmp=com.example.stavropolplacesapp/.SplashScreenActivity } baseActivity=ComponentInfo{com.example.stavropolplacesapp/com.example.stavropolplacesapp.SplashScreenActivity} topActivity=ComponentInfo{com.example.stavropolplacesapp/com.example.stavropolplacesapp.SplashScreenActivity} origActivity=null realActivity=ComponentInfo{com.example.stavropolplacesapp/com.example.stavropolplacesapp.SplashScreenActivity} numActivities=1 lastActiveTime=5112410386 supportsMultiWindow=true resizeMode=1 isResizeable=true minWidth=-1 minHeight=-1 maxWidth=-1 maxHeight=-1 defaultMinSize=220 token=WCT{android.window.IWindowContainerToken$Stub$Proxy@53e041c} topActivityType=1 pictureInPictureParams=null shouldDockBigOverlays=false launchIntoPipHostTaskId=-1 lastParentTaskIdBeforePip=-1 displayCutoutSafeInsets=Rect(0, 80 - 0, 0) topActivityInfo=ActivityInfo{a507825 com.example.stavropolplacesapp.SplashScreenActivity} launchCookies=[android.os.BinderProxy@a7c9dfa] positionInParent=Point(0, 0) parentTaskId=-1 isFocused=false isVisible=false isVisibleRequested=false isSleeping=false topActivityInSizeCompat=false topActivityEligibleForLetterboxEducation= false topActivityLetterboxed= false isFromDoubleTap= false topActivityLetterboxVerticalPosition= -1 topActivityLetterboxHorizontalPosition= -1 topActivityLetterboxWidth=-1 topActivityLetterboxHeight=-1 locusId=null displayAreaFeatureId=1 cameraCompatControlState=hidden originallySupportedMultiWindow=true hasWallpaper=false topActivityInFixedAspectRatio=false rootAffinity=10453:com.example.stavropolplacesapp topActivityInDisplayCompat=false topActivityInBoundsCompat=false topActivityBounds=null singleTapFromLetterbox=false isTopTaskInStage=false topActivityUiMode=33 CoverLauncherWidgetTask=false CoverScreenTask=false isAllowedSeamlessRotation=false isTopTransparentActivity=false hasPopOver=false}, remoteTransition = RemoteTransition { remoteTransition = android.window.IRemoteTransition$Stub$Proxy@88d9fab, appThread = android.app.IApplicationThread$Stub$Proxy@4354608, debugName = QuickstepLaunch }, displayChange = null }
08-14 14:01:38.587 31564 31665 I HoneySpace.SALoggingUtils: SA Logging screenID: 201 eventId: 1001 detail: {PackageName=com.example.stavropolplacesapp, det=3} value: -1
08-14 14:01:38.588 31564 13239 I HoneySpace.SuggestedAppsRepositoryImpl: sendSuggestedAppsLaunchTarget: ComponentInfo{com.example.stavropolplacesapp/com.example.stavropolplacesapp.SplashScreenActivity}
08-14 14:01:38.589 30587 31122 V WindowManager: Collecting in transition 2625: ActivityRecord{32f7211 u0 com.example.stavropolplacesapp/.SplashScreenActivity t6045}, caller=com.android.server.wm.Transition.collect:759 com.android.server.wm.TransitionController.collect:935 com.android.server.wm.ActivityRecord.setVisibility:6348 com.android.server.wm.ActivityRecord.setVisibility:6300 com.android.server.wm.EnsureActivitiesVisibleHelper.makeVisibleAndRestartIfNeeded:337 
08-14 14:01:38.593 31564 31714 I HoneySpace.TopTaskUseCase: topTasks 6045 ComponentInfo{com.example.stavropolplacesapp/com.example.stavropolplacesapp.SplashScreenActivity}
08-14 14:01:38.594 30587 31354 D WindowManager: prepareSync <SYNC_STATE_WAITING_FOR_DRAW>, mPrepareSyncSeqId=0, win=Window{c87ca05 u0 Splash Screen com.example.stavropolplacesapp}
08-14 14:01:38.595  1072  1146 I SurfaceFlinger: id=87478 createSurf, flag=84004, c87ca05 Splash Screen com.example.stavropolplacesapp#87478
08-14 14:01:38.596 30587 31354 V WindowManager: addWindow: ActivityRecord{32f7211 u0 com.example.stavropolplacesapp/.SplashScreenActivity t6045} startingWindow=Window{c87ca05 u0 Splash Screen com.example.stavropolplacesapp}
08-14 14:01:38.597 30587 31354 D WindowManager: rotationForOrientation, orientationSource=ActivityRecord{32f7211 u0 com.example.stavropolplacesapp/.SplashScreenActivity t6045}
08-14 14:01:38.597 30587 31354 D WindowManager: rotationForOrientation, orientationSource=ActivityRecord{32f7211 u0 com.example.stavropolplacesapp/.SplashScreenActivity t6045}
08-14 14:01:38.598 31165 31269 I InsetsController: onStateChanged: host=Splash Screen com.example.stavropolplacesapp, from=android.view.ViewRootImpl.setView:1753, state=InsetsState: {mDisplayFrame=Rect(0, 0 - 1080, 2340), mDisplayCutout=DisplayCutout{insets=Rect(0, 80 - 0, 0) waterfall=Insets{left=0, top=0, right=0, bottom=0} boundingRect={Bounds=[Rect(0, 0 - 0, 0), Rect(511, 0 - 569, 80), Rect(0, 0 - 0, 0), Rect(0, 0 - 0, 0)]} cutoutPathParserInfo={CutoutPathParserInfo{displayWidth=1080 displayHeight=2340 physicalDisplayWidth=1080 physicalDisplayHeight=2340 density={2.8125} cutoutSpec={M 0,0 M 0,7.822222222222222‬‬ a 10.31111111111111‬,10.31111111111111‬ 0 1,0 0,20.62222222222222‬ a 10.31111111111111‬,10.31111111111111‬ 0 1,0 0,-20.62222222222222‬ Z @dp} rotation={0} scale={1.0} physicalPixelDisplaySizeRatio={1.0}}}}, mRoundedCorners=RoundedCorners{[RoundedCorner{position=TopLeft, radius=0, center=Point(0, 0)}, RoundedCorner{position=TopRight, radius=0, center=Point(0, 0)}, RoundedCorner{position=BottomRight, radius=0, center=Point(0, 0)}, RoundedCorner{position=BottomLeft, radius=0, center=Point(0, 0)}]}  mRoundedCornerFrame=Rect(0, 0 - 1080, 2340), mPrivacyIndicatorBounds=PrivacyIndicatorBounds {static bounds=Rect(964, 0 - 1080, 80) rotation=0}, mDisplayShape=DisplayShape{ spec=-311912193 displayWidth=1080 displayHeight=2340 physicalPixelDisplaySizeRatio=1.0 rotation=0 offsetX=0 offsetY=0 scale=1.0}, mSources= { InsetsSource: {3 mType=ime mFrame=[0,0][0,0] mVisible=false mFlags=[]}, InsetsSource: {27 mType=displayCutout mFrame=[0,0][1080,80] mVisible=true mFlags=[]}, InsetsSource: {3ad50000 mType=statusBars mFrame=[0,0][1080,80] mVisible=true mFlags=[]}, InsetsSource: {3ad50005 mType=mandatorySystemGestures mFrame=[0,0][1080,112] mVisible=true mFlags=[]}, InsetsSource: {3ad50006 mType=tappableElement mFrame=[0,0][1080,80] mVisible=true mFlags=[]}, InsetsSource: {3ff00001 mType=navigationBars mFrame=[0,2214][1080,2340] mVisible=true mFlags=[]}, InsetsSource: {3ff00004 mType=systemGestures mFrame=[0,0][0,0] mVisible=true mFlags=[]}, InsetsSource: {3ff00005 mType=mandatorySystemGestures mFrame=[0,2214][1080,2340] mVisible=true mFlags=[]}, InsetsSource: {3ff00006 mType=tappableElement mFrame=[0,2214][1080,2340] mVisible=true mFlags=[]}, InsetsSource: {3ff00024 mType=systemGestures mFrame=[0,0][0,0] mVisible=true mFlags=[]} }
08-14 14:01:38.599 30587  2586 D WindowManager: rotationForOrientation, orientationSource=ActivityRecord{32f7211 u0 com.example.stavropolplacesapp/.SplashScreenActivity t6045}
08-14 14:01:38.599 30587  2586 D WindowManager: rotationForOrientation, orientationSource=ActivityRecord{32f7211 u0 com.example.stavropolplacesapp/.SplashScreenActivity t6045}
08-14 14:01:38.599 30587  2586 D WindowManager: rotationForOrientation, orientationSource=ActivityRecord{32f7211 u0 com.example.stavropolplacesapp/.SplashScreenActivity t6045}
08-14 14:01:38.600 30587  2586 V WindowManager: Collecting in transition 2625: ActivityRecord{32f7211 u0 com.example.stavropolplacesapp/.SplashScreenActivity t6045}, caller=com.android.server.wm.Transition.collect:759 com.android.server.wm.TransitionController.collect:935 com.android.server.wm.ActivityRecord.setVisibility:6348 com.android.server.wm.ActivityRecord.setVisibility:6300 com.android.server.wm.ActivityTaskSupervisor.realStartActivityLocked:941 
08-14 14:01:38.600 30587  2586 D SGM:PkgDataHelper: notifyAppCreate(), pkgName: com.example.stavropolplacesapp, userId: 0, sendRet: true
08-14 14:01:38.600 30587 30936 D SGM:FgCheckThread: onLooperPrepared(), msg: MSG_APP_CREATE, pkgName: com.example.stavropolplacesapp, userId: 0
08-14 14:01:38.601 30587  2586 D SGM:FgCheckThread:   sendRunningComponentFocus(), pkgName: com.example.stavropolplacesapp, userId: 0
08-14 14:01:38.601 30587 30936 D SGM:FgCheckThread: onLooperPrepared(), msg: MSG_TASK_FOCUSED, pkgName: com.example.stavropolplacesapp, userId: 0
08-14 14:01:38.601 30587 30936 D SGM:FgCheckThread:   handleTaskFocused(), pkgName: com.example.stavropolplacesapp, userID:0
08-14 14:01:38.601 30587 30936 D SGM:FgCheckThread:   handleResume(). pkgName: com.example.stavropolplacesapp, userId: 0, isTunableApp: null
08-14 14:01:38.601 30587 30936 D SGM:FgCheckThread: notifyFocusInOut(). of pkg: com.example.stavropolplacesapp, type: 4, isTunableApp: false, userId: 0
08-14 14:01:38.601 30587  2586 D InputDispatcher: Focused application(0): ActivityRecord{32f7211 u0 com.example.stavropolplacesapp/.SplashScreenActivity t6045}
08-14 14:01:38.602 30587  2586 D SGM:FgCheckThread:   sendRunningComponentFocus(), pkgName: com.example.stavropolplacesapp, userId: 0
08-14 14:01:38.602 30587 30936 D SGM:FgCheckThread: onLooperPrepared(), msg: MSG_TASK_FOCUSED, pkgName: com.example.stavropolplacesapp, userId: 0
08-14 14:01:38.602 30587 30936 D SGM:FgCheckThread:   handleTaskFocused(), pkgName: com.example.stavropolplacesapp, userID:0
08-14 14:01:38.602 30587 30936 D SGM:FgCheckThread:   handleResume(). pkgName: com.example.stavropolplacesapp, userId: 0, isTunableApp: null
08-14 14:01:38.602 30587 30936 D SGM:FgCheckThread: notifyFocusInOut(). of pkg: com.example.stavropolplacesapp, type: 4, isTunableApp: false, userId: 0
08-14 14:01:38.602 30587  2586 D ActivityTaskManager: scheduleTopResumedActivityChanged, onTop=true, r=ActivityRecord{32f7211 u0 com.example.stavropolplacesapp/.SplashScreenActivity t6045}, caller=com.android.server.wm.ActivityTaskSupervisor.scheduleTopResumedActivityStateIfNeeded:2857 com.android.server.wm.ActivityTaskSupervisor.updateTopResumedActivityIfNeeded:2849 com.android.server.wm.TaskFragment.setResumedActivity:579 com.android.server.wm.TaskFragment.onActivityStateChanged:903 com.android.server.wm.ActivityRecord.setState:6811 com.android.server.wm.Task.minimalResumeActivityLocked:6192 
08-14 14:01:38.603 30587  2586 V WindowManager: Collecting in transition 2625: ActivityRecord{32f7211 u0 com.example.stavropolplacesapp/.SplashScreenActivity t6045}, caller=com.android.server.wm.Transition.collect:759 com.android.server.wm.TransitionController.collect:935 com.android.server.wm.ActivityRecord.setVisibility:6348 com.android.server.wm.ActivityRecord.setVisibility:6300 com.android.server.wm.ActivityRecord.completeResumeLocked:7395 
08-14 14:01:38.603 30587  2586 D WindowManagerServiceExt: notifyOccludeChangeNotice: cn=ComponentInfo{com.example.stavropolplacesapp/com.example.stavropolplacesapp.SplashScreenActivity} occludesParent=true isInSplitScreenMode=false styleFloating=false caller=com.android.server.wm.ActivityRecord.completeResumeLocked:7452 com.android.server.wm.Task.minimalResumeActivityLocked:6193 com.android.server.wm.ActivityTaskSupervisor.realStartActivityLocked:1158 com.android.server.wm.RootWindowContainer$AttachApplicationHelper.test:4345 com.android.server.wm.RootWindowContainer$AttachApplicationHelper.test:4281 
08-14 14:01:38.611 30587 30739 D WindowManager: SyncGroup 2625:  Unfinished container: Task{a1aef76 #6045 type=standard A=10453:com.example.stavropolplacesapp} mSyncState=2
08-14 14:01:38.613 30587 30738 I GameSDK@LifeCycle: noteResumeComponent(): package name  : com.example.stavropolplacesapp
08-14 14:01:38.613 30587 30738 D SGM:FgCheckThread: noteResumeComponent(), received pkgName: com.example.stavropolplacesapp, userId: 0
08-14 14:01:38.613 14770 14770 D nativeloader: Configuring clns-4 for other apk /system/framework/org.apache.http.legacy.jar. target_sdk_version=34, uses_libraries=ALL, library_path=/data/app/~~Q_84pe6NTA9I0H5ziwI1og==/com.example.stavropolplacesapp-tNi57j21FuTXcLleP7YyQg==/lib/arm64:/data/app/~~Q_84pe6NTA9I0H5ziwI1og==/com.example.stavropolplacesapp-tNi57j21FuTXcLleP7YyQg==/base.apk!/lib/arm64-v8a, permitted_path=/data:/mnt/expand:/data/user/0/com.example.stavropolplacesapp
08-14 14:01:38.615 30587 30738 D SGM:GameManager: identifyGamePackage. com.example.stavropolplacesapp, mCurrentUserId: 0, callerUserId: 0, callingMethodInfo: com.samsung.android.game.SemGameManager.isGamePackage(SemGameManager.java:109)
08-14 14:01:38.615 30587 30738 D SGM:PkgDataHelper: getGamePkgData(). com.example.stavropolplacesapp
08-14 14:01:38.615 30587 30738 D SGM:SemGameManager: isGamePackage(), pkgName=com.example.stavropolplacesapp, ret=false
08-14 14:01:38.616 30587 31939 V WindowManager: Relayout Window{c87ca05 u0 Splash Screen com.example.stavropolplacesapp}: viewVisibility=0 req=1080x2340 ty=3 d0
08-14 14:01:38.617  1072  1681 I SurfaceFlinger: id=87480 createSurf, flag=44004, Splash Screen com.example.stavropolplacesapp$_31165#87480
08-14 14:01:38.618 30587 31939 D WindowManager: makeSurface duration=2 name=Splash Screen com.example.stavropolplacesapp$_31165
08-14 14:01:38.619 14770 14770 D nativeloader: Configuring clns-5 for other apk /data/app/~~Q_84pe6NTA9I0H5ziwI1og==/com.example.stavropolplacesapp-tNi57j21FuTXcLleP7YyQg==/base.apk. target_sdk_version=34, uses_libraries=, library_path=/data/app/~~Q_84pe6NTA9I0H5ziwI1og==/com.example.stavropolplacesapp-tNi57j21FuTXcLleP7YyQg==/lib/arm64:/data/app/~~Q_84pe6NTA9I0H5ziwI1og==/com.example.stavropolplacesapp-tNi57j21FuTXcLleP7YyQg==/base.apk!/lib/arm64-v8a, permitted_path=/data:/mnt/expand:/data/user/0/com.example.stavropolplacesapp
08-14 14:01:38.620 30587 31939 D WindowManager: SyncGroup 2625:  Unfinished container: Task{a1aef76 #6045 type=standard A=10453:com.example.stavropolplacesapp} mSyncState=2
08-14 14:01:38.623 30587 30936 D SGM:FgCheckThread: onLooperPrepared(), msg: MSG_APP_RESUME, pkgName: com.example.stavropolplacesapp, userid: 0
08-14 14:01:38.623 30587 30936 D SGM:FgCheckThread:   handleResume(). pkgName: com.example.stavropolplacesapp, userId: 0, isTunableApp: null
08-14 14:01:38.623 30587 30936 D SGM:FgCheckThread: notifyFocusInOut(). of pkg: com.example.stavropolplacesapp, type: 4, isTunableApp: false, userId: 0
08-14 14:01:38.629 30587 31939 D WindowManager: finishDrawingWindow: Window{c87ca05 u0 Splash Screen com.example.stavropolplacesapp} mDrawState=DRAW_PENDING seqId=0
08-14 14:01:38.629 30587 31939 V WindowManager: Finishing drawing window Window{c87ca05 u0 Splash Screen com.example.stavropolplacesapp}: mDrawState=DRAW_PENDING
08-14 14:01:38.629 30587 31939 V WindowManager: Draw state now committed in Window{c87ca05 u0 Splash Screen com.example.stavropolplacesapp}
08-14 14:01:38.632 14770 14770 V GraphicsEnvironment: ANGLE GameManagerService for com.example.stavropolplacesapp: false
08-14 14:01:38.632 14770 14770 V GraphicsEnvironment: com.example.stavropolplacesapp is not listed in per-application setting
08-14 14:01:38.635 30587 30739 V WindowManager: performShowLocked: mDrawState=HAS_DRAWN in Window{c87ca05 u0 Splash Screen com.example.stavropolplacesapp}
08-14 14:01:38.635 30587 30739 V WindowManager: Start calculating TransitionInfo based on participants: {ActivityRecord{181da34 u0 com.sec.android.app.launcher/.activities.LauncherActivity t5568}, ActivityRecord{32f7211 u0 com.example.stavropolplacesapp/.SplashScreenActivity t6045}, Task{a1aef76 #6045 type=standard A=10453:com.example.stavropolplacesapp}, WallpaperWindowToken{a472363 token=android.os.Binder@48f7d92}}
08-14 14:01:38.635 30587 30739 V WindowManager:   Final targets: [Task{a1aef76 #6045 type=standard A=10453:com.example.stavropolplacesapp}, Task{6c58f4b #1 type=home}]
08-14 14:01:38.640 30587 30739 I SurfaceControl: show, t=StartTransaction_SyncId<2625>, sc=Surface(name=ActivityRecord{32f7211 u0 com.example.stavropolplacesapp/.SplashScreenActivity t6045})/@0xb2c0c74, caller=com.android.server.wm.Transition.onTransactionReady:1991 com.android.server.wm.BLASTSyncEngine$SyncGroup.finishNow:315 com.android.server.wm.BLASTSyncEngine$SyncGroup.tryFinish:242 com.android.server.wm.BLASTSyncEngine$SyncGroup.-$$Nest$mtryFinish:0 com.android.server.wm.BLASTSyncEngine.onSurfacePlacement:675 com.android.server.wm.RootWindowContainer.performSurfacePlacementNoTrace:990 
08-14 14:01:38.640 30587 30739 V WindowManager:         {WCT{RemoteToken{af225e3 Task{a1aef76 #6045 type=standard A=10453:com.example.stavropolplacesapp}}} m=OPEN f=NONE leash=Surface(name=Task=6045)/@0x344d59d sb=Rect(0, 0 - 1080, 2340) eb=Rect(0, 0 - 1080, 2340) d=0 dim=true inset=Rect(0, 80 - 0, 126)},
08-14 14:01:38.643  1072  1328 I SurfaceFlinger: id=87483 createSurf, flag=84000, 7f92e9b ActivityRecordInputSink com.example.stavropolplacesapp/.SplashScreenActivity#87483
08-14 14:01:38.643 30587 30735 V WindowManager: Sent Transition #2625 createdAt=08-14 14:01:38.572 via request=TransitionRequestInfo { type = OPEN, triggerTask = TaskInfo{userId=0 taskId=6045 displayId=0 isRunning=true baseIntent=Intent { act=android.intent.action.MAIN cat=[android.intent.category.LAUNCHER] flg=0x10200000 cmp=com.example.stavropolplacesapp/.SplashScreenActivity } baseActivity=ComponentInfo{com.example.stavropolplacesapp/com.example.stavropolplacesapp.SplashScreenActivity} topActivity=ComponentInfo{com.example.stavropolplacesapp/com.example.stavropolplacesapp.SplashScreenActivity} origActivity=null realActivity=ComponentInfo{com.example.stavropolplacesapp/com.example.stavropolplacesapp.SplashScreenActivity} numActivities=1 lastActiveTime=5112410386 supportsMultiWindow=true resizeMode=1 isResizeable=true minWidth=-1 minHeight=-1 maxWidth=-1 maxHeight=-1 defaultMinSize=220 token=WCT{RemoteToken{af225e3 Task{a1aef76 #6045 type=standard A=10453:com.example.stavropolplacesapp}}} topActivityType=1 pictureInPictureParams=null shouldDockBigOverlays=false launchIntoPipHostTaskId=-1 lastParentTaskIdBeforePip=-1 displayCutoutSafeInsets=Rect(0, 80 - 0, 0) topActivityInfo=ActivityInfo{1377be0 com.example.stavropolplacesapp.SplashScreenActivity} launchCookies=[android.os.BinderProxy@b9e2e99] positionInParent=Point(0, 0) parentTaskId=-1 isFocused=false isVisible=false isVisibleRequested=false isSleeping=false topActivityInSizeCompat=false topActivityEligibleForLetterboxEducation= false topActivityLetterboxed= false isFromDoubleTap= false topActivityLetterboxVerticalPosition= -1 topActivityLetterboxHorizontalPosition= -1 topActivityLetterboxWidth=-1 topActivityLetterboxHeight=-1 locusId=null displayAreaFeatureId=1 cameraCompatControlState=hidden originallySupportedMultiWindow=true hasWallpaper=false topActivityInFixedAspectRatio=false rootAffinity=10453:com.example.stavropolplacesapp topActivityInDisplayCompat=false topActivityInBoundsCompat=false topActivityBounds=null singleTapFromLetterbox=false isTopTaskInStage=false topActivityUiMode=33 CoverLauncherWidgetTask=false CoverScreenTask=false isAllowedSeamlessRotation=false isTopTransparentActivity=false hasPopOver=false}, remoteTransition = RemoteTransition { remoteTransition = android.window.IRemoteTransition$Stub$Proxy@7e2a55e, appThread = android.app.IApplicationThread$Stub$Proxy@e973d3f, debugName = QuickstepLaunch }, displayChange = null }
08-14 14:01:38.644 30587 30735 V WindowManager:         {WCT{RemoteToken{af225e3 Task{a1aef76 #6045 type=standard A=10453:com.example.stavropolplacesapp}}} m=OPEN f=NONE leash=Surface(name=Task=6045)/@0x344d59d sb=Rect(0, 0 - 1080, 2340) eb=Rect(0, 0 - 1080, 2340) d=0 dim=true inset=Rect(0, 80 - 0, 126)},
08-14 14:01:38.651  1072  1072 I Layer   : Layer [c87ca05 Splash Screen com.example.stavropolplacesapp#87478] hidden!! flag(0)
08-14 14:01:38.651  1072  1072 I Layer   : Layer [ActivityRecord{32f7211 u0 com.example.stavropolplacesapp/.SplashScreenActivity t6045}#87475] hidden!! flag(0)
08-14 14:01:38.651  1072  1072 I Layer   : Layer [Splash Screen com.example.stavropolplacesapp$_31165#87480] hidden!! flag(0)
08-14 14:01:38.723  1072  1328 I SurfaceFlinger: id=87492 createSurf, flag=84004, b32b91d com.example.stavropolplacesapp/com.example.stavropolplacesapp.SplashScreenActivity#87492
08-14 14:01:38.723  1072  1072 D SurfaceFlinger:      CLIENT | 0xb400007c5671ac50 | 0100 | RGBA_8888    |    0.0  403.0 1080.0 1483.0 |  564  654  762  852 | Splash Screen com.example.stavropolplacesapp$_31165#87480
08-14 14:01:38.725 14770 14770 I InsetsController: onStateChanged: host=com.example.stavropolplacesapp/com.example.stavropolplacesapp.SplashScreenActivity, from=android.view.ViewRootImpl.setView:1753, state=InsetsState: {mDisplayFrame=Rect(0, 0 - 1080, 2340), mDisplayCutout=DisplayCutout{insets=Rect(0, 80 - 0, 0) waterfall=Insets{left=0, top=0, right=0, bottom=0} boundingRect={Bounds=[Rect(0, 0 - 0, 0), Rect(511, 0 - 569, 80), Rect(0, 0 - 0, 0), Rect(0, 0 - 0, 0)]} cutoutPathParserInfo={CutoutPathParserInfo{displayWidth=1080 displayHeight=2340 physicalDisplayWidth=1080 physicalDisplayHeight=2340 density={2.8125} cutoutSpec={M 0,0 M 0,7.822222222222222‬‬ a 10.31111111111111‬,10.31111111111111‬ 0 1,0 0,20.62222222222222‬ a 10.31111111111111‬,10.31111111111111‬ 0 1,0 0,-20.62222222222222‬ Z @dp} rotation={0} scale={1.0} physicalPixelDisplaySizeRatio={1.0}}}}, mRoundedCorners=RoundedCorners{[RoundedCorner{position=TopLeft, radius=0, center=Point(0, 0)}, RoundedCorner{position=TopRight, radius=0, center=Point(0, 0)}, RoundedCorner{position=BottomRight, radius=0, center=Point(0, 0)}, RoundedCorner{position=BottomLeft, radius=0, center=Point(0, 0)}]}  mRoundedCornerFrame=Rect(0, 0 - 1080, 2340), mPrivacyIndicatorBounds=PrivacyIndicatorBounds {static bounds=Rect(964, 0 - 1080, 80) rotation=0}, mDisplayShape=DisplayShape{ spec=-311912193 displayWidth=1080 displayHeight=2340 physicalPixelDisplaySizeRatio=1.0 rotation=0 offsetX=0 offsetY=0 scale=1.0}, mSources= { InsetsSource: {3 mType=ime mFrame=[0,0][0,0] mVisible=false mFlags=[]}, InsetsSource: {27 mType=displayCutout mFrame=[0,0][1080,80] mVisible=true mFlags=[]}, InsetsSource: {3ad50000 mType=statusBars mFrame=[0,0][1080,80] mVisible=true mFlags=[]}, InsetsSource: {3ad50005 mType=mandatorySystemGestures mFrame=[0,0][1080,112] mVisible=true mFlags=[]}, InsetsSource: {3ad50006 mType=tappableElement mFrame=[0,0][1080,80] mVisible=true mFlags=[]}, InsetsSource: {3ff00001 mType=navigationBars mFrame=[0,2214][1080,2340] mVisible=true mFlags=[]}, InsetsSource: {3ff00004 mType=systemGestures mFrame=[0,0][0,0] mVisible=true mFlags=[]}, InsetsSource: {3ff00005 mType=mandatorySystemGestures mFrame=[0,2214][1080,2340] mVisible=true mFlags=[]}, InsetsSource: {3ff00006 mType=tappableElement mFrame=[0,2214][1080,2340] mVisible=true mFlags=[]}, InsetsSource: {3ff00024 mType=systemGestures mFrame=[0,0][0,0] mVisible=true mFlags=[]} }
08-14 14:01:38.726 14770 14770 I IDS_TAG : Getting Shared Preference for com.example.stavropolplacesapp.StavropolApp@4358720 uid = 10453
08-14 14:01:38.735  1072  1072 I Layer   : Layer [b32b91d com.example.stavropolplacesapp/com.example.stavropolplacesapp.SplashScreenActivity#87492] hidden!! flag(0)
08-14 14:01:38.741 14770 14770 I IDS_TAG : App com.example.stavropolplacesapp.StavropolApp@4358720 has not finished training
08-14 14:01:38.743 14770 14770 I IDS_TAG : Getting Shared Preference for com.example.stavropolplacesapp.StavropolApp@4358720 uid = 10453
08-14 14:01:38.744 14770 14770 I IDS_TAG : IDS count updated to 2 for com.example.stavropolplacesapp.StavropolApp@4358720
08-14 14:01:38.747 30587  2586 D CoreBackPreview: Window{b32b91d u0 com.example.stavropolplacesapp/com.example.stavropolplacesapp.SplashScreenActivity}: Setting back callback OnBackInvokedCallbackInfo{mCallback=android.window.IOnBackInvokedCallback$Stub$Proxy@ab0678c, mPriority=-1, mIsAnimationCallback=false}
08-14 14:01:38.748 30587 31354 V WindowManager: Relayout Window{b32b91d u0 com.example.stavropolplacesapp/com.example.stavropolplacesapp.SplashScreenActivity}: viewVisibility=0 req=1080x2340 ty=1 d0
08-14 14:01:38.748  1072  1146 I SurfaceFlinger: id=87494 createSurf, flag=44004, com.example.stavropolplacesapp/com.example.stavropolplacesapp.SplashScreenActivity$_14770#87494
08-14 14:01:38.750 30587 31354 D WindowManager: makeSurface duration=1 name=com.example.stavropolplacesapp/com.example.stavropolplacesapp.SplashScreenActivity$_14770
08-14 14:01:38.752 30587 31354 D InsetsSourceProvider: updateControlForTarget: control=InsetsSourceControl: {3ff00001 mType=navigationBars initiallyVisible mSurfacePosition=Point(0, 2214) mInsetsHint=Insets{left=0, top=0, right=0, bottom=126}}, target=Window{c87ca05 u0 Splash Screen com.example.stavropolplacesapp}, from=com.android.server.wm.InsetsStateController.onControlTargetChanged:358 com.android.server.wm.InsetsStateController.onBarControlTargetChanged:327 com.android.server.wm.InsetsPolicy.updateBarControlTarget:173 com.android.server.wm.InsetsPolicy.updateSystemBars:805 com.android.server.wm.DisplayPolicy.updateSystemBarsLw:3425 
08-14 14:01:38.754 30587 31354 D InsetsSourceProvider: updateControlForTarget: control=InsetsSourceControl: {3ad50000 mType=statusBars initiallyVisible mSurfacePosition=Point(0, 0) mInsetsHint=Insets{left=0, top=80, right=0, bottom=0}}, target=Window{c87ca05 u0 Splash Screen com.example.stavropolplacesapp}, from=com.android.server.wm.InsetsStateController.onControlTargetChanged:358 com.android.server.wm.InsetsStateController.onBarControlTargetChanged:324 com.android.server.wm.InsetsPolicy.updateBarControlTarget:173 com.android.server.wm.InsetsPolicy.updateSystemBars:805 com.android.server.wm.DisplayPolicy.updateSystemBarsLw:3425 
08-14 14:01:38.755 30587 31354 D WindowManager: updateSystemBarAttributes: displayId=0, win=Window{c87ca05 u0 Splash Screen com.example.stavropolplacesapp}, navColorWin=Window{c87ca05 u0 Splash Screen com.example.stavropolplacesapp}, focusedCanBeNavColorWin=false, behavior=1, appearance=0, statusBarAppearanceRegions=[AppearanceRegion{ bounds=[0,0][1080,2340]}], requestedVisibilities=-9, from=com.android.server.wm.DisplayPolicy.finishPostLayoutPolicyLw:2320 com.android.server.wm.DisplayContent.applySurfaceChangesTransaction:6130 com.android.server.wm.RootWindowContainer.applySurfaceChangesTransaction:1180 
08-14 14:01:38.756 31165 31269 I InsetsSourceConsumer: applyRequestedVisibilityToControl: visible=true, type=navigationBars, host=Splash Screen com.example.stavropolplacesapp
08-14 14:01:38.757 30587 31354 V WindowManager: Changing focus from null to Window{b32b91d u0 com.example.stavropolplacesapp/com.example.stavropolplacesapp.SplashScreenActivity} displayId=0 Callers=com.android.server.wm.RootWindowContainer.updateFocusedWindowLocked:578 com.android.server.wm.WindowManagerService.updateFocusedWindowLocked:6881 com.android.server.wm.WindowManagerService.relayoutWindow:2755 com.android.server.wm.Session.relayout:282 
08-14 14:01:38.757 31165 31269 I InsetsSourceConsumer: applyRequestedVisibilityToControl: visible=true, type=statusBars, host=Splash Screen com.example.stavropolplacesapp
08-14 14:01:38.758 30587 31354 D InsetsSourceProvider: updateControlForTarget: control=InsetsSourceControl: {3ff00001 mType=navigationBars initiallyVisible mSurfacePosition=Point(0, 2214) mInsetsHint=Insets{left=0, top=0, right=0, bottom=126}}, target=Window{b32b91d u0 com.example.stavropolplacesapp/com.example.stavropolplacesapp.SplashScreenActivity}, from=com.android.server.wm.InsetsStateController.onControlTargetChanged:358 com.android.server.wm.InsetsStateController.onBarControlTargetChanged:327 com.android.server.wm.InsetsPolicy.updateBarControlTarget:173 com.android.server.wm.InsetsPolicy.updateSystemBars:805 com.android.server.wm.DisplayPolicy.updateSystemBarsLw:3425 
08-14 14:01:38.760 30587 31354 D InsetsSourceProvider: updateControlForTarget: control=InsetsSourceControl: {3ad50000 mType=statusBars initiallyVisible mSurfacePosition=Point(0, 0) mInsetsHint=Insets{left=0, top=80, right=0, bottom=0}}, target=Window{b32b91d u0 com.example.stavropolplacesapp/com.example.stavropolplacesapp.SplashScreenActivity}, from=com.android.server.wm.InsetsStateController.onControlTargetChanged:358 com.android.server.wm.InsetsStateController.onBarControlTargetChanged:324 com.android.server.wm.InsetsPolicy.updateBarControlTarget:173 com.android.server.wm.InsetsPolicy.updateSystemBars:805 com.android.server.wm.DisplayPolicy.updateSystemBarsLw:3425 
08-14 14:01:38.762 30587 31006 D MdnieScenarioControlService:  packageName : com.example.stavropolplacesapp    className : com.example.stavropolplacesapp.SplashScreenActivity
08-14 14:01:38.781 30587  2586 D InputDispatcher: Focus request (0): b32b91d com.example.stavropolplacesapp/com.example.stavropolplacesapp.SplashScreenActivity but waiting because NO_WINDOW
08-14 14:01:38.793 30587 31354 D WindowManager: finishDrawingWindow: Window{b32b91d u0 com.example.stavropolplacesapp/com.example.stavropolplacesapp.SplashScreenActivity} mDrawState=DRAW_PENDING seqId=0
08-14 14:01:38.793 14770 14770 I InsetsSourceConsumer: applyRequestedVisibilityToControl: visible=true, type=navigationBars, host=com.example.stavropolplacesapp/com.example.stavropolplacesapp.SplashScreenActivity
08-14 14:01:38.794 14770 14770 I InsetsSourceConsumer: applyRequestedVisibilityToControl: visible=true, type=statusBars, host=com.example.stavropolplacesapp/com.example.stavropolplacesapp.SplashScreenActivity
08-14 14:01:38.794 30587 30739 V WindowManager: Finish starting ActivityRecord{32f7211 u0 com.example.stavropolplacesapp/.SplashScreenActivity t6045}: first real window is shown, no animation
08-14 14:01:38.795 30587 30739 V WindowManager: Schedule remove starting ActivityRecord{32f7211 u0 com.example.stavropolplacesapp/.SplashScreenActivity t6045} startingWindow=Window{c87ca05 u0 Splash Screen com.example.stavropolplacesapp} animate=true Callers=com.android.server.wm.ActivityRecord.removeStartingWindow:3460 com.android.server.wm.ActivityRecord.onFirstWindowDrawn:7893 com.android.server.wm.WindowState.performShowLocked:5333 com.android.server.wm.WindowStateAnimator.commitFinishDrawingLocked:280 com.android.server.wm.DisplayContent.lambda$new$8:1294 
08-14 14:01:38.795 30587 30739 D TaskOrganizerController: applyStartingWindowAnimation, window=Window{b32b91d u0 com.example.stavropolplacesapp/com.example.stavropolplacesapp.SplashScreenActivity}, caller=com.android.server.wm.TaskOrganizerController.removeStartingWindow:780 com.android.server.wm.StartingSurfaceController$StartingSurface.remove:292 com.android.server.wm.ActivityRecord.removeStartingWindowAnimation:3540 
08-14 14:01:38.795 30587 30739 I WindowManager: Reparenting to leash, surface=Surface(name=b32b91d com.example.stavropolplacesapp/com.example.stavropolplacesapp.SplashScreenActivity)/@0x4d39baf, leashParent=Surface(name=ActivityRecord{32f7211 u0 com.example.stavropolplacesapp/.SplashScreenActivity t6045})/@0xb2c0c74
08-14 14:01:38.795  1072  1145 I SurfaceFlinger: id=87502 createSurf, flag=24000, Surface(name=b32b91d com.example.stavropolplacesapp/com.example.stavropolplacesapp.SplashScreenActivity)/@0x4d39baf - animation-leash of starting_reveal#87502
08-14 14:01:38.797 30587 30739 D WindowManager: makeSurface duration=1 leash=Surface(name=Surface(name=b32b91d com.example.stavropolplacesapp/com.example.stavropolplacesapp.SplashScreenActivity)/@0x4d39baf - animation-leash of starting_reveal)/@0xfe2cbbc
08-14 14:01:38.797 30587 30739 V WindowManager: performShowLocked: mDrawState=HAS_DRAWN in Window{b32b91d u0 com.example.stavropolplacesapp/com.example.stavropolplacesapp.SplashScreenActivity}
08-14 14:01:38.799  1072  1072 I Layer   : Layer [com.example.stavropolplacesapp/com.example.stavropolplacesapp.SplashScreenActivity$_14770#87494] hidden!! flag(0)
08-14 14:01:38.803 30587 30735 I PkgPredictorService-SecIpmManagerServiceImpl: reportToNAP uid:10453 com.example.stavropolplacesapp/com.example.stavropolplacesapp.SplashScreenActivity thisTime:228
08-14 14:01:38.806 30587  2586 D InputDispatcher: Focus entered window (0): b32b91d com.example.stavropolplacesapp/com.example.stavropolplacesapp.SplashScreenActivity
08-14 14:01:38.807 30587 30735 I ActivityTaskManager: Displayed com.example.stavropolplacesapp/.SplashScreenActivity for user 0: +228ms
08-14 14:01:38.807 30587 30735 I Pageboost: Launch time gathered : pid 14770 com.example.stavropolplacesapp 228
08-14 14:01:38.810 30587 31354 I ImeTracker: com.example.stavropolplacesapp:958fe207: onRequestHide at ORIGIN_SERVER_HIDE_INPUT reason HIDE_UNSPECIFIED_WINDOW
08-14 14:01:38.810 30587 31354 I ImeTracker: com.example.stavropolplacesapp:958fe207: onCancelled at PHASE_SERVER_SHOULD_HIDE
08-14 14:01:38.811  1072  1072 D SurfaceFlinger:      CLIENT | 0xb400007c566e4bd0 | 0102 | RGBA_8888    |    0.0    0.0 1080.0 2340.0 |  128  132 1008 2038 | com.example.stavropolplacesapp/com.e[...]pp.SplashScreenActivity$_14770#87494
08-14 14:01:38.811  1072  1072 D SurfaceFlinger:      CLIENT | 0xb400007c5671ac50 | 0100 | RGBA_8888    |    0.0    0.0 1080.0 2340.0 |  128  132 1008 2038 | Splash Screen com.example.stavropolplacesapp$_31165#87480
08-14 14:01:38.821  3373  3373 I HBD     : b [AiWriter] setContact : com.example.stavropolplacesapp
08-14 14:01:38.824 30587 31354 D InsetsSourceProvider: updateControlForTarget: control=InsetsSourceControl: {3 mType=ime mSurfacePosition=Point(0, 80) mInsetsHint=Insets{left=0, top=0, right=0, bottom=994}}, target=Window{b32b91d u0 com.example.stavropolplacesapp/com.example.stavropolplacesapp.SplashScreenActivity}, from=com.android.server.wm.ImeInsetsSourceProvider.updateControlForTarget:165 com.android.server.wm.InsetsStateController.onControlTargetChanged:358 com.android.server.wm.InsetsStateController.onImeControlTargetChanged:302 com.android.server.wm.DisplayContent.updateImeControlTarget:5727 com.android.server.wm.DisplayContent.updateImeInputAndControlTarget:5687 
08-14 14:01:38.826 14770 14770 I InsetsSourceConsumer: applyRequestedVisibilityToControl: visible=false, type=ime, host=com.example.stavropolplacesapp/com.example.stavropolplacesapp.SplashScreenActivity
08-14 14:01:38.861 30587 31354 V WindowManager: Relayout Window{c87ca05 u0 Splash Screen com.example.stavropolplacesapp}: viewVisibility=8 req=1080x2340 ty=3 d0
08-14 14:01:38.863 30587 31354 D WindowManager: Starting window removed Window{c87ca05 u0 Splash Screen com.example.stavropolplacesapp EXITING}
08-14 14:01:38.864 30587 31354 I WindowManager: Cancelling animation restarting=false, leash=Surface(name=Surface(name=b32b91d com.example.stavropolplacesapp/com.example.stavropolplacesapp.SplashScreenActivity)/@0x4d39baf - animation-leash of starting_reveal)/@0xfe2cbbc
08-14 14:01:38.864 30587 31354 I WindowManager: Reparenting to original parent: Surface(name=ActivityRecord{32f7211 u0 com.example.stavropolplacesapp/.SplashScreenActivity t6045})/@0xb2c0c74, destroy=false, surface=Surface(name=b32b91d com.example.stavropolplacesapp/com.example.stavropolplacesapp.SplashScreenActivity)/@0x4d39baf
08-14 14:01:38.864 30587 31354 W InputManager-JNI: Input channel object 'c87ca05 Splash Screen com.example.stavropolplacesapp (client)' was disposed without first being removed with the input manager!
08-14 14:01:38.864 30587 31354 V WindowManager: Remove Window{c87ca05 u0 Splash Screen com.example.stavropolplacesapp EXITING}: mSurfaceController=Surface(name=Splash Screen com.example.stavropolplacesapp$_31165)/@0xa33590c mAnimatingExit=true mRemoveOnExit=false mHasSurface=true surfaceShowing=true animating=false app-animation=false mDisplayFrozen=false callers=com.android.server.wm.WindowManagerService.removeWindow:2148 com.android.server.wm.Session.remove:257 android.view.IWindowSession$Stub.onTransact:747 com.android.server.wm.Session.onTransact:204 android.os.Binder.execTransactInternal:1380 android.os.Binder.execTransact:1311 
08-14 14:01:38.870  1072  1072 I Layer   : id=87502 removeFromCurrentState Surface(name=b32b91d com.example.stavropolplacesapp/com.example.stavropolplacesapp.SplashScreenActivity)/@0x4d39baf - animation-leash of starting_reveal#87502 (350)
08-14 14:01:38.872  1072  1072 I Layer   : id=87503 Destroyed Surface(name=b32b91d com.example.stavropolplacesapp/com.example.stavropolplacesapp.SplashScreenActivity)/@0x4d39baf - animation-leash of starting_reveal#87502 (Mirror)#87503
08-14 14:01:38.889  1072  1072 D SurfaceFlinger:      CLIENT | 0xb400007c566e4bd0 | 0102 | RGBA_8888    |    0.0    0.0 1080.0 2340.0 |   28   29 1064 2274 | com.example.stavropolplacesapp/com.e[...]pp.SplashScreenActivity$_14770#87494
08-14 14:01:38.900  1072  1072 D SurfaceFlinger:      DEVICE | 0xb400007c566e4bd0 | 0102 | RGBA_8888    |    0.0    0.0 1080.0 2340.0 |   17   17 1071 2301 | com.example.stavropolplacesapp/com.e[...]pp.SplashScreenActivity$_14770#87494
08-14 14:01:38.906 30587 31354 I WindowManager: Destroying surface Surface(name=Splash Screen com.example.stavropolplacesapp$_31165)/@0xa33590c called by com.android.server.wm.WindowStateAnimator.destroySurface:799 com.android.server.wm.WindowStateAnimator.destroySurfaceLocked:472 com.android.server.wm.WindowState.removeImmediately:2937 com.android.server.wm.WindowState.handleCompleteDeferredRemoval:5780 com.android.server.wm.WindowContainer.handleCompleteDeferredRemoval:1476 com.android.server.wm.ActivityRecord.handleCompleteDeferredRemoval:5171 com.android.server.wm.WindowContainer.handleCompleteDeferredRemoval:1476 com.android.server.wm.TaskFragment.handleCompleteDeferredRemoval:3413 
08-14 14:01:38.917  1072  1072 I Layer   : id=87475 removeFromCurrentState ActivityRecord{32f7211 u0 com.example.stavropolplacesapp/.SplashScreenActivity t6045}#87475 (347)
08-14 14:01:38.917  1072  1072 I Layer   : id=87483 removeFromCurrentState 7f92e9b ActivityRecordInputSink com.example.stavropolplacesapp/.SplashScreenActivity#87483 (347)
08-14 14:01:38.917  1072  1072 I Layer   : id=87492 removeFromCurrentState b32b91d com.example.stavropolplacesapp/com.example.stavropolplacesapp.SplashScreenActivity#87492 (347)
08-14 14:01:38.917  1072  1072 I Layer   : id=87494 removeFromCurrentState com.example.stavropolplacesapp/com.example.stavropolplacesapp.SplashScreenActivity$_14770#87494 (347)
08-14 14:01:38.917  1072  1072 I Layer   : id=87478 removeFromCurrentState c87ca05 Splash Screen com.example.stavropolplacesapp#87478 (347)
08-14 14:01:38.917  1072  1072 I Layer   : id=87480 removeFromCurrentState Splash Screen com.example.stavropolplacesapp$_31165#87480 (347)
08-14 14:01:38.917  1072  1072 I Layer   : id=87475 addToCurrentState ActivityRecord{32f7211 u0 com.example.stavropolplacesapp/.SplashScreenActivity t6045}#87475 (347)
08-14 14:01:38.917  1072  1072 I Layer   : id=87483 addToCurrentState 7f92e9b ActivityRecordInputSink com.example.stavropolplacesapp/.SplashScreenActivity#87483 (347)
08-14 14:01:38.917  1072  1072 I Layer   : id=87492 addToCurrentState b32b91d com.example.stavropolplacesapp/com.example.stavropolplacesapp.SplashScreenActivity#87492 (347)
08-14 14:01:38.917  1072  1072 I Layer   : id=87494 addToCurrentState com.example.stavropolplacesapp/com.example.stavropolplacesapp.SplashScreenActivity$_14770#87494 (347)
08-14 14:01:38.917  1072  1072 I Layer   : id=87478 addToCurrentState c87ca05 Splash Screen com.example.stavropolplacesapp#87478 (347)
08-14 14:01:38.917  1072  1072 I Layer   : id=87480 addToCurrentState Splash Screen com.example.stavropolplacesapp$_31165#87480 (347)
08-14 14:01:38.917  1072  1072 I Layer   : id=87478 removeFromCurrentState c87ca05 Splash Screen com.example.stavropolplacesapp#87478 (347)
08-14 14:01:38.917  1072  1072 I Layer   : id=87480 removeFromCurrentState Splash Screen com.example.stavropolplacesapp$_31165#87480 (347)
08-14 14:01:38.917  1072  1072 I Layer   : id=87480 removeFromCurrentState Splash Screen com.example.stavropolplacesapp$_31165#87480 (347)
08-14 14:01:38.918  1072  1072 I Layer   : id=87479 Destroyed c87ca05 Splash Screen com.example.stavropolplacesapp#87478 (Mirror)#87479
08-14 14:01:38.920  1072  1072 I SurfaceFlinger: id=87480 Removed Splash Screen com.example.stavropolplacesapp$_31165#87480 (342)
08-14 14:01:38.920  1072  1072 I SurfaceFlinger: id=87478 Removed c87ca05 Splash Screen com.example.stavropolplacesapp#87478 (342)
08-14 14:01:38.920  1072  1072 I Layer   : id=87481 Destroyed Splash Screen com.example.stavropolplacesapp$_31165#87480 (Mirror)#87481
08-14 14:01:38.933  1072  1072 D SurfaceFlinger:      DEVICE | 0xb400007c566e4bd0 | 0102 | RGBA_8888    |    0.0    0.0 1080.0 2340.0 |    0    0 1080 2340 | com.example.stavropolplacesapp/com.e[...]pp.SplashScreenActivity$_14770#87494
08-14 14:01:38.934  1072  1072 I Layer   : id=87480 Destroyed Splash Screen com.example.stavropolplacesapp$_31165#87480
08-14 14:01:38.934  1072  1072 I Layer   : id=87478 Destroyed c87ca05 Splash Screen com.example.stavropolplacesapp#87478
08-14 14:01:38.953 30587 30736 D ScreenCurtainController: onForegroundActivitiesChanged: com.example.stavropolplacesapp
08-14 14:01:39.082 30587 31006 D MdnieScenarioControlService:  packageName : com.example.stavropolplacesapp    className : com.example.stavropolplacesapp.SplashScreenActivity
08-14 14:01:39.325 30587 30738 D SGM:GameManager: identifyForegroundApp. com.example.stavropolplacesapp, mCurrentUserId: 0, callerUserId: 0
08-14 14:01:39.325 30587 30738 D SGM:PkgDataHelper: getGamePkgData(). com.example.stavropolplacesapp
08-14 14:01:39.686 21111 21392 E chromium: [0814/140139.686679:ERROR:net/socket/ssl_client_socket_impl.cc:914] handshake failed; returned -1, SSL error code 1, net_error -202
08-14 14:01:39.997 30587 31354 D SGM:GameManager: identifyGamePackage. com.example.stavropolplacesapp, mCurrentUserId: 0, callerUserId: 0, callingMethodInfo: com.samsung.android.game.IGameManagerService$Stub.onTransact(IGameManagerService.java:233)
08-14 14:01:39.997 30587 31354 D SGM:PkgDataHelper: getGamePkgData(). com.example.stavropolplacesapp
08-14 14:01:40.015 30587 31381 D SLocation: CommonCoreManager - handleCommandCallback - FUNC_TYPE : SET_LOCATION ERROR_CODE : ERROR_NONE
08-14 14:01:40.015 30587 31381 D SLocation: ARDistanceLibManager - command callback received - CURRENT_LOCATION_REQUEST_DISTANCE ERROR CODE : ERROR_NONE
08-14 14:01:40.707 30587 30738 I ChimeraSystemEventListener: appLaunchIntent package name is: com.example.stavropolplacesapp
08-14 14:01:40.710 30587  2248 V WindowManager: Collecting in transition 2626: ActivityRecord{625d5fe u0 com.example.stavropolplacesapp/.MainActivity, caller=com.android.server.wm.Transition.collect:759 com.android.server.wm.TransitionController.collect:935 com.android.server.wm.ActivityStarter.startActivityUnchecked:2376 com.android.server.wm.ActivityStarter.executeRequest:1953 com.android.server.wm.ActivityStarter.execute:1093 
08-14 14:01:40.710 30587  2248 D ActivityTaskManager: TaskLaunchParamsModifier:task=null activity=ActivityRecord{625d5fe u0 com.example.stavropolplacesapp/.MainActivity t-1} display-area-from-source=DefaultTaskDisplayArea_d0@55095402 display-id=0 task-display-area-windowing-mode=1 suggested-display-area=DefaultTaskDisplayArea_d0@55095402
08-14 14:01:40.710 30587  2248 D ActivityTaskManager: TaskLaunchParamsModifier:task=Task{a1aef76 #6045 type=standard A=10453:com.example.stavropolplacesapp} activity=ActivityRecord{625d5fe u0 com.example.stavropolplacesapp/.MainActivity t-1} display-area-from-source=DefaultTaskDisplayArea_d0@55095402 display-id=0 task-display-area-windowing-mode=1 suggested-display-area=DefaultTaskDisplayArea_d0@55095402 inherit-from-source=fullscreen non-freeform-task-display-area display-area=DefaultTaskDisplayArea_d0@55095402 default-portrait freeform-size-mismatch=Rect(81, 562 - 999, 1732)
08-14 14:01:40.712  1072  1681 I SurfaceFlinger: id=87506 createSurf, flag=84004, ActivityRecord{625d5fe u0 com.example.stavropolplacesapp/.MainActivity t6045}#87506
08-14 14:01:40.714 30587  2248 D ActivityTaskManager: scheduleTopResumedActivityChanged, onTop=false, r=ActivityRecord{32f7211 u0 com.example.stavropolplacesapp/.SplashScreenActivity t6045}, caller=com.android.server.wm.ActivityTaskSupervisor.updateTopResumedActivityIfNeeded:2826 com.android.server.wm.TaskFragment.setResumedActivity:579 com.android.server.wm.TaskFragment.onActivityStateChanged:888 com.android.server.wm.ActivityRecord.setState:6811 com.android.server.wm.TaskFragment.startPausing:2004 com.android.server.wm.TaskFragment.startPausing:1948 
08-14 14:01:40.715 30587  2248 V WindowManager: Collecting in transition 2626: ActivityRecord{625d5fe u0 com.example.stavropolplacesapp/.MainActivity t6045}, caller=com.android.server.wm.Transition.collect:759 com.android.server.wm.Transition.collectExistenceChange:942 com.android.server.wm.TransitionController.collectExistenceChange:985 com.android.server.wm.ActivityStarter.handleStartResult:2557 com.android.server.wm.ActivityStarter.startActivityUnchecked:2384 
08-14 14:01:40.716 30587  2248 I ActivityTaskManager: START u0 {cmp=com.example.stavropolplacesapp/.MainActivity} with LAUNCH_MULTIPLE from uid 10453 (BAL_ALLOW_VISIBLE_WINDOW) result code=0
08-14 14:01:40.717 30587  2248 V WindowManager: Collecting in transition 2626: ActivityRecord{32f7211 u0 com.example.stavropolplacesapp/.SplashScreenActivity t6045 f}}, caller=com.android.server.wm.Transition.collect:759 com.android.server.wm.Transition.collectExistenceChange:942 com.android.server.wm.TransitionController.collectExistenceChange:985 com.android.server.wm.TransitionController.requestCloseTransitionIfNeeded:923 com.android.server.wm.ActivityRecord.finishIfPossible:4311 
