08-14 14:01:44.149  1072  1072 I Layer   : Layer [Transition Root: ActivityRecord{cd5941c u0 com.example.stavropolplacesapp/.eat.PlacesToEatActivity t6045}#87600] hidden!! flag(0)
08-14 14:01:44.150 30587 30738 D SGM:FgCheckThread: notePauseComponent(), received pkgName: com.example.stavropolplacesapp, userId: 0
08-14 14:01:44.155 29093 29093 I Dc.IafdService: handleAppError, pkgName : com.example.stavropolplacesapp, userId : 0, errorType : 4, repeat : true component : com.google.gson.reflect.TypeToken.getTypeTokenTypeArgument(Unknown Source:40)errorStack: java.lang.IllegalStateException: TypeToken must be created with a type argument: new TypeToken<...>() {}; When using code shrinkers (ProGuard, R8, ...) make sure that generic signatures are preserved.
08-14 14:01:44.160 30587 32467 W NotificationService: Toast already killed. pkg=com.example.stavropolplacesapp token=android.os.BinderProxy@dec1518
08-14 14:01:44.162 30587 30733 W ActivityTaskManager:   Force finishing activity com.example.stavropolplacesapp/.eat.PlacesToEatActivity
08-14 14:01:44.162 30587 30733 V WindowManager: Collecting in transition 2630: ActivityRecord{cd5941c u0 com.example.stavropolplacesapp/.eat.PlacesToEatActivity t6045 f}}, caller=com.android.server.wm.Transition.collect:759 com.android.server.wm.TransitionController.collect:935 com.android.server.wm.ActivityRecord.onRemovedFromDisplay:5214 com.android.server.wm.DisplayContent.removeAppToken:1893 com.android.server.wm.ActivityRecord.removeFromHistory:4849 
08-14 14:01:44.163 30587 30733 W ActivityTaskManager:   Force finishing activity com.example.stavropolplacesapp/.MainActivity
08-14 14:01:44.163 30587 30733 V WindowManager: Collecting in transition 2630: ActivityRecord{625d5fe u0 com.example.stavropolplacesapp/.MainActivity t6045 f}}, caller=com.android.server.wm.Transition.collect:759 com.android.server.wm.TransitionController.collect:935 com.android.server.wm.ActivityRecord.onRemovedFromDisplay:5214 com.android.server.wm.DisplayContent.removeAppToken:1893 com.android.server.wm.ActivityRecord.removeFromHistory:4849 
08-14 14:01:44.167 30587 30733 I ActivityManager: Killing 14770:com.example.stavropolplacesapp/u0a453 (adj 900): crash
08-14 14:01:44.168 30587 30733 D ActivityManager: proc ProcessRecord{79252aa 14770:com.example.stavropolplacesapp/u0a453} already removed. so we skip next process.
08-14 14:01:44.179 32741 32741 I SDHMS:BarTender:Gatherer:AppError: update AppError : uid=10453, pkg=com.example.stavropolplacesapp, errorType=crash
08-14 14:01:44.181 30587 31845 D WindowManager: updateSystemBarAttributes: displayId=0, win=Window{4b3733c u0 com.sec.android.app.launcher/com.sec.android.app.launcher.activities.LauncherActivity}, navColorWin=Window{c40481a u0 com.example.stavropolplacesapp/com.example.stavropolplacesapp.eat.PlacesToEatActivity}, focusedCanBeNavColorWin=false, behavior=2, appearance=0, statusBarAppearanceRegions=[AppearanceRegion{LIGHT_STATUS_BARS bounds=[0,0][1080,2340]}], requestedVisibilities=-9, from=com.android.server.wm.DisplayPolicy.focusChangedLw:2947 com.android.server.wm.DisplayContent.updateFocusedWindowLocked:4894 com.android.server.wm.RootWindowContainer.updateFocusedWindowLocked:578 
08-14 14:01:44.191 32741 32741 I SDHMS:BarTender:Analyzer:AppError: analyze app error : uid=10453, pkg=com.example.stavropolplacesapp, appErrorCount=2
08-14 14:01:44.221 30587 32467 I ActivityTaskManager: START u0 {act=com.samsung.android.sm.ACTION_START_APP_ERROR_DIALOG flg=0x14000000 pkg=com.samsung.android.lool cmp=com.samsung.android.lool/com.samsung.android.sm.iafd.dialog.AppErrorDialogActivity (has extras)} with LAUNCH_MULTIPLE from uid 1000 (BAL_ALLOW_ALLOWLISTED_UID) result code=0
08-14 14:01:44.233  1072  1072 D SurfaceFlinger:      CLIENT | 0xb400007c5671a390 | 0102 | RGBA_8888    |    0.0    8.0 1080.0 2340.0 |    0    0 1080 2332 | com.example.stavropolplacesapp/com.e[...]lplacesapp.MainActivity$_14770#87570
08-14 14:01:44.233  1072  1072 D SurfaceFlinger:      CLIENT | 0xb400007c56728710 | 0102 | RGBA_8888    |    0.0    0.0 1080.0 1951.0 |    0  389 1080 2340 | com.example.stavropolplacesapp/com.e[...]eat.PlacesToEatActivity$_14770#87594
08-14 14:01:44.250 30587  2248 D InsetsSourceProvider: updateControlForTarget: control=InsetsSourceControl: {3ff00001 mType=navigationBars initiallyVisible mSurfacePosition=Point(0, 2214) mInsetsHint=Insets{left=0, top=0, right=0, bottom=126}}, target=Window{c40481a u0 com.example.stavropolplacesapp/com.example.stavropolplacesapp.eat.PlacesToEatActivity}, from=com.android.server.wm.InsetsStateController.onControlTargetChanged:358 com.android.server.wm.InsetsStateController.onBarControlTargetChanged:327 com.android.server.wm.InsetsPolicy.updateBarControlTarget:173 com.android.server.wm.InsetsPolicy.updateSystemBars:805 com.android.server.wm.DisplayPolicy.updateSystemBarsLw:3425 
08-14 14:01:44.252 30587  2248 D InsetsSourceProvider: updateControlForTarget: control=InsetsSourceControl: {3ad50000 mType=statusBars initiallyVisible mSurfacePosition=Point(0, 0) mInsetsHint=Insets{left=0, top=80, right=0, bottom=0}}, target=Window{c40481a u0 com.example.stavropolplacesapp/com.example.stavropolplacesapp.eat.PlacesToEatActivity}, from=com.android.server.wm.InsetsStateController.onControlTargetChanged:358 com.android.server.wm.InsetsStateController.onBarControlTargetChanged:324 com.android.server.wm.InsetsPolicy.updateBarControlTarget:173 com.android.server.wm.InsetsPolicy.updateSystemBars:805 com.android.server.wm.DisplayPolicy.updateSystemBarsLw:3425 
08-14 14:01:44.253 30587  2248 D WindowManager: updateSystemBarAttributes: displayId=0, win=Window{c40481a u0 com.example.stavropolplacesapp/com.example.stavropolplacesapp.eat.PlacesToEatActivity}, navColorWin=Window{c40481a u0 com.example.stavropolplacesapp/com.example.stavropolplacesapp.eat.PlacesToEatActivity}, focusedCanBeNavColorWin=false, behavior=1, appearance=8, statusBarAppearanceRegions=[AppearanceRegion{LIGHT_STATUS_BARS bounds=[0,0][1080,2340]}], requestedVisibilities=-9, from=com.android.server.wm.DisplayPolicy.focusChangedLw:2947 com.android.server.wm.DisplayContent.updateFocusedWindowLocked:4894 com.android.server.wm.RootWindowContainer.updateFocusedWindowLocked:578 
08-14 14:01:44.259 31165 31165 D NavigationBar: onSystemBarAttributesChanged() -  displayId:0, appearance:8, packageName: com.example.stavropolplacesapp (APPEARANCE_LIGHT_STATUS_BARS ), navbarColorManagedByIme:false
08-14 14:01:44.307 30587 31354 D WindowManager: updateSystemBarAttributes: displayId=0, win=Window{dbf7436 u0 com.samsung.android.lool/com.samsung.android.sm.iafd.dialog.AppErrorDialogActivity}, navColorWin=Window{c40481a u0 com.example.stavropolplacesapp/com.example.stavropolplacesapp.eat.PlacesToEatActivity}, focusedCanBeNavColorWin=false, behavior=1, appearance=0, statusBarAppearanceRegions=[AppearanceRegion{LIGHT_STATUS_BARS bounds=[0,0][1080,2340]}], requestedVisibilities=-9, from=com.android.server.wm.DisplayPolicy.focusChangedLw:2947 com.android.server.wm.DisplayContent.updateFocusedWindowLocked:4894 com.android.server.wm.RootWindowContainer.updateFocusedWindowLocked:578 
08-14 14:01:44.314 30587  2248 W WindowManager: Failed to deliver inset control state change to w=Window{c40481a u0 com.example.stavropolplacesapp/com.example.stavropolplacesapp.eat.PlacesToEatActivity}
08-14 14:01:44.317  1072  1072 D SurfaceFlinger:      DEVICE | 0xb400007c56728710 | 0102 | RGBA_8888    |    0.0    0.0 1080.0 2233.0 |    0  107 1080 2340 | com.example.stavropolplacesapp/com.e[...]eat.PlacesToEatActivity$_14770#87594
08-14 14:01:44.346 30587  2248 V ActivityManager: Got obituary of 14770:com.example.stavropolplacesapp
08-14 14:01:44.347 30587 31845 I WindowManager: WIN DEATH: Window{eea53dc u0 com.example.stavropolplacesapp/com.example.stavropolplacesapp.MainActivity}
08-14 14:01:44.347 30587  2248 I ImeTracker: com.example.stavropolplacesapp:6a111dc4: onRequestHide at ORIGIN_SERVER_HIDE_INPUT reason HIDE_REMOVE_CLIENT
08-14 14:01:44.347 30587 31845 W InputManager-JNI: Input channel object 'eea53dc com.example.stavropolplacesapp/com.example.stavropolplacesapp.MainActivity (client)' was disposed without first being removed with the input manager!
08-14 14:01:44.347 30587  2248 I ImeTracker: com.example.stavropolplacesapp:6a111dc4: onCancelled at PHASE_SERVER_SHOULD_HIDE
08-14 14:01:44.347 30587 31845 V WindowManager: Remove Window{eea53dc u0 com.example.stavropolplacesapp/com.example.stavropolplacesapp.MainActivity}: mSurfaceController=Surface(name=com.example.stavropolplacesapp/com.example.stavropolplacesapp.MainActivity$_14770)/@0x278203b mAnimatingExit=false mRemoveOnExit=false mHasSurface=true surfaceShowing=true animating=false app-animation=false mDisplayFrozen=false callers=com.android.server.wm.WindowState$DeathRecipient.binderDied:3686 android.os.IBinder$DeathRecipient.binderDied:325 android.os.BinderProxy.sendDeathNotice:781 <bottom of call stack> <bottom of call stack> <bottom of call stack> 
08-14 14:01:44.351 30587 31858 I WindowManager: WIN DEATH: Window{c40481a u0 com.example.stavropolplacesapp/com.example.stavropolplacesapp.eat.PlacesToEatActivity}
08-14 14:01:44.351 30587 31858 W InputManager-JNI: Input channel object 'c40481a com.example.stavropolplacesapp/com.example.stavropolplacesapp.eat.PlacesToEatActivity (client)' was disposed without first being removed with the input manager!
08-14 14:01:44.352 30587 31858 V WindowManager: Remove Window{c40481a u0 com.example.stavropolplacesapp/com.example.stavropolplacesapp.eat.PlacesToEatActivity}: mSurfaceController=Surface(name=com.example.stavropolplacesapp/com.example.stavropolplacesapp.eat.PlacesToEatActivity$_14770)/@0xf99e358 mAnimatingExit=false mRemoveOnExit=false mHasSurface=true surfaceShowing=true animating=false app-animation=false mDisplayFrozen=false callers=com.android.server.wm.WindowState$DeathRecipient.binderDied:3686 android.os.IBinder$DeathRecipient.binderDied:325 android.os.BinderProxy.sendDeathNotice:781 <bottom of call stack> <bottom of call stack> <bottom of call stack> 
08-14 14:01:44.360  1072  1072 D SurfaceFlinger:      DEVICE | 0xb400007c56728710 | 0102 | RGBA_8888    |    0.0    0.0 1080.0 2271.0 |    0   69 1080 2340 | com.example.stavropolplacesapp/com.e[...]eat.PlacesToEatActivity$_14770#87594
08-14 14:01:44.373 30587 30739 V WindowManager: Start calculating TransitionInfo based on participants: {ActivityRecord{686042 u0 com.samsung.android.lool/com.samsung.android.sm.iafd.dialog.AppErrorDialogActivity t6046}, ActivityRecord{181da34 u0 com.sec.android.app.launcher/.activities.LauncherActivity t5568}, ActivityRecord{625d5fe u0 com.example.stavropolplacesapp/.MainActivity t6045 f} isExiting}, Task{6574590 #6046 type=standard I=com.samsung.android.lool/com.samsung.android.sm.iafd.dialog.AppErrorDialogActivity}, Task{a1aef76 #6045 type=standard A=10453:com.example.stavropolplacesapp}, WallpaperWindowToken{a472363 token=android.os.Binder@48f7d92}, ActivityRecord{cd5941c u0 com.example.stavropolplacesapp/.eat.PlacesToEatActivity t6045 f} isExiting}}
08-14 14:01:44.373 30587 30739 V WindowManager:   Final targets: [Task{6574590 #6046 type=standard I=com.samsung.android.lool/com.samsung.android.sm.iafd.dialog.AppErrorDialogActivity}, Task{6c58f4b #1 type=home}, Task{a1aef76 #6045 type=standard A=10453:com.example.stavropolplacesapp}]
08-14 14:01:44.422 30587 30739 V WindowManager:         {WCT{RemoteToken{af225e3 Task{a1aef76 #6045 type=standard A=10453:com.example.stavropolplacesapp}}} m=TO_BACK f=NONE leash=Surface(name=Task=6045)/@0x344d59d sb=Rect(0, 0 - 1080, 2340) eb=Rect(0, 0 - 1080, 2340) d=0 inset=Rect(0, 0 - 0, 0)}
08-14 14:01:44.436 30587 32054 V WindowManager: Setting visibility of Window{eea53dc u0 com.example.stavropolplacesapp/com.example.stavropolplacesapp.MainActivity EXITING}: false, caller=com.android.server.wm.WindowContainer.sendAppVisibilityToClients:1301 com.android.server.wm.WindowToken.setClientVisible:446 com.android.server.wm.ActivityRecord.setClientVisible:8121 com.android.server.wm.ActivityRecord.postApplyAnimation:6685 com.android.server.wm.ActivityRecord.commitVisibility:6628 
08-14 14:01:44.437 30587 32054 W WindowManager: Exception thrown during dispatchAppVisibility Window{eea53dc u0 com.example.stavropolplacesapp/com.example.stavropolplacesapp.MainActivity EXITING}
08-14 14:01:44.440  1072  1072 I Layer   : id=87609 removeFromCurrentState DimTransitionLayer for Surface(name=ActivityRecord{cd5941c u0 com.example.stavropolplacesapp/.eat.PlacesToEatActivity t6045})/@0x8629d21#87609 (386)
08-14 14:01:44.440  1072  1072 I Layer   : id=87609 removeFromCurrentState DimTransitionLayer for Surface(name=ActivityRecord{cd5941c u0 com.example.stavropolplacesapp/.eat.PlacesToEatActivity t6045})/@0x8629d21#87609 (386)
08-14 14:01:44.440  1072  1072 I Layer   : Layer [ActivityRecord{625d5fe u0 com.example.stavropolplacesapp/.MainActivity t6045}#87506] hidden!! flag(1)
08-14 14:01:44.441  1072  1072 I Layer   : id=87600 removeFromCurrentState Transition Root: ActivityRecord{cd5941c u0 com.example.stavropolplacesapp/.eat.PlacesToEatActivity t6045}#87600 (386)
08-14 14:01:44.445  1072  1072 I Layer   : id=87602 Destroyed Transition Root: ActivityRecord{cd5941c u0 com.example.stavropolplacesapp/.eat.PlacesToEatActivity t6045}#87600 (Mirror)#87602
08-14 14:01:44.449  1072  1072 I SurfaceFlinger: id=87609 Removed DimTransitionLayer for Surface(name=ActivityRecord{cd5941c u0 com.example.stavropolplacesapp/.eat.PlacesToEatActivity t6045})/@0x8629d21#87609 (387)
08-14 14:01:44.452  1072  1072 I Layer   : id=87610 Destroyed DimTransitionLayer for Surface(name=ActivityRecord{cd5941c u0 com.example.stavropolplacesapp/.eat.PlacesToEatActivity t6045})/@0x8629d21#87609 (Mirror)#87610
08-14 14:01:44.457 30587 30735 V WindowManager:         {WCT{RemoteToken{af225e3 Task{a1aef76 #6045 type=standard A=10453:com.example.stavropolplacesapp}}} m=TO_BACK f=NONE leash=Surface(name=Task=6045)/@0x344d59d sb=Rect(0, 0 - 1080, 2340) eb=Rect(0, 0 - 1080, 2340) d=0 inset=Rect(0, 0 - 0, 0)}
08-14 14:01:44.463  1072  1072 D SurfaceFlinger:      DEVICE | 0xb400007c56728710 | 0102 | RGBA_8888    |    0.0    0.0 1080.0 2340.0 |    0    0 1080 2340 | com.example.stavropolplacesapp/com.e[...]eat.PlacesToEatActivity$_14770#87594
08-14 14:01:44.465  1072  1072 I Layer   : id=87600 removeFromCurrentState Transition Root: ActivityRecord{cd5941c u0 com.example.stavropolplacesapp/.eat.PlacesToEatActivity t6045}#87600 (384)
08-14 14:01:44.466  1072  1072 I Layer   : id=87609 Destroyed DimTransitionLayer for Surface(name=ActivityRecord{cd5941c u0 com.example.stavropolplacesapp/.eat.PlacesToEatActivity t6045})/@0x8629d21#87609
08-14 14:01:44.474  1072  1072 I SurfaceFlinger: id=87600 Removed Transition Root: ActivityRecord{cd5941c u0 com.example.stavropolplacesapp/.eat.PlacesToEatActivity t6045}#87600 (380)
08-14 14:01:44.487  1072  1072 I Layer   : id=87600 Destroyed Transition Root: ActivityRecord{cd5941c u0 com.example.stavropolplacesapp/.eat.PlacesToEatActivity t6045}#87600
08-14 14:01:44.504 31564 31595 W id.app.launcher: ApkAssets: Deleting an ApkAssets object '<empty> and /data/app/~~Q_84pe6NTA9I0H5ziwI1og==/com.example.stavropolplacesapp-tNi57j21FuTXcLleP7YyQg==/base.apk' with 1 weak references
08-14 14:01:44.565  1072  1072 D SurfaceFlinger:      DEVICE | 0xb400007c56728710 | 0102 | RGBA_8888    |    0.0    0.0 1080.0 2340.0 |    0    0 1080 2340 | com.example.stavropolplacesapp/com.e[...]eat.PlacesToEatActivity$_14770#87594
08-14 14:01:44.579  1072  1145 I SurfaceFlinger: id=87028 Removed ActivityRecord{730607b u0 com.example.stavropolplacesapp/.SplashScreenActivity t6042}#87028 (381)
08-14 14:01:44.579  1072  1145 I SurfaceFlinger: id=87087 Removed ActivityRecord{2dfb282 u0 com.example.stavropolplacesapp/.places.PlacesActivity t6042}#87087 (381)
08-14 14:01:44.579  1072  1145 I SurfaceFlinger: id=87145 Removed ActivityRecord{5106fcf u0 com.example.stavropolplacesapp/.eat.PlacesToEatActivity t6042}#87145 (381)
08-14 14:01:44.579  1072  1681 I SurfaceFlinger: id=87059 Removed ActivityRecord{4536623 u0 com.example.stavropolplacesapp/.MainActivity t6042}#87059 (381)
08-14 14:01:44.581  1072  1145 I SurfaceFlinger: id=87271 Removed Surface(name=499f12f com.example.stavropolplacesapp/com.example.stavropolplacesapp.SplashScreenActivity)/@0x4a0d727 - animation-leash of starting_reveal#87271 (381)
08-14 14:01:44.590  1072  1072 I Layer   : id=87028 Destroyed ActivityRecord{730607b u0 com.example.stavropolplacesapp/.SplashScreenActivity t6042}#87028
08-14 14:01:44.590  1072  1072 I Layer   : id=87035 Destroyed 43ef875 ActivityRecordInputSink com.example.stavropolplacesapp/.SplashScreenActivity#87035
08-14 14:01:44.591  1072  1072 I Layer   : id=87087 Destroyed ActivityRecord{2dfb282 u0 com.example.stavropolplacesapp/.places.PlacesActivity t6042}#87087
08-14 14:01:44.591  1072  1072 I Layer   : id=87101 Destroyed 58d9364 ActivityRecordInputSink com.example.stavropolplacesapp/.places.PlacesActivity#87101
08-14 14:01:44.591  1072  1072 I Layer   : id=87271 Destroyed Surface(name=499f12f com.example.stavropolplacesapp/com.example.stavropolplacesapp.SplashScreenActivity)/@0x4a0d727 - animation-leash of starting_reveal#87271
08-14 14:01:44.591  1072  1072 I Layer   : id=87145 Destroyed ActivityRecord{5106fcf u0 com.example.stavropolplacesapp/.eat.PlacesToEatActivity t6042}#87145
08-14 14:01:44.591  1072  1072 I Layer   : id=87156 Destroyed 787daa9 ActivityRecordInputSink com.example.stavropolplacesapp/.eat.PlacesToEatActivity#87156
08-14 14:01:44.591  1072  1072 I Layer   : id=87059 Destroyed ActivityRecord{4536623 u0 com.example.stavropolplacesapp/.MainActivity t6042}#87059
08-14 14:01:44.591  1072  1072 I Layer   : id=87070 Destroyed c198bdd ActivityRecordInputSink com.example.stavropolplacesapp/.MainActivity#87070
08-14 14:01:44.596  1072  1629 I SurfaceFlinger: id=87502 Removed Surface(name=b32b91d com.example.stavropolplacesapp/com.example.stavropolplacesapp.SplashScreenActivity)/@0x4d39baf - animation-leash of starting_reveal#87502 (370)
08-14 14:01:44.612  1072  1072 I Layer   : id=87502 Destroyed Surface(name=b32b91d com.example.stavropolplacesapp/com.example.stavropolplacesapp.SplashScreenActivity)/@0x4d39baf - animation-leash of starting_reveal#87502
08-14 14:01:44.620 31165 31172 W ndroid.systemui: ApkAssets: Deleting an ApkAssets object '<empty> and /data/app/~~Q_84pe6NTA9I0H5ziwI1og==/com.example.stavropolplacesapp-tNi57j21FuTXcLleP7YyQg==/base.apk' with 2 weak references
08-14 14:01:44.637  1072  1072 D SurfaceFlinger:      CLIENT | 0xb400007c56728710 | 0102 | RGBA_8888    |    0.0    8.0 1080.0 2340.0 |    0    0 1080 2332 | com.example.stavropolplacesapp/com.e[...]eat.PlacesToEatActivity$_14770#87594
08-14 14:01:44.703  1072  1072 D SurfaceFlinger:      DEVICE | 0xb400007c56728710 | 0102 | RGBA_8888    |    0.0   55.0 1080.0 2340.0 |    0    0 1080 2285 | com.example.stavropolplacesapp/com.e[...]eat.PlacesToEatActivity$_14770#87594
08-14 14:01:44.969 30587 31372 V WindowManager: Setting visibility of Window{c40481a u0 com.example.stavropolplacesapp/com.example.stavropolplacesapp.eat.PlacesToEatActivity EXITING}: false, caller=com.android.server.wm.WindowContainer.sendAppVisibilityToClients:1301 com.android.server.wm.WindowToken.setClientVisible:446 com.android.server.wm.ActivityRecord.setClientVisible:8121 com.android.server.wm.ActivityRecord.postApplyAnimation:6685 com.android.server.wm.ActivityRecord.commitVisibility:6628 
08-14 14:01:44.969 30587 31372 W WindowManager: Exception thrown during dispatchAppVisibility Window{c40481a u0 com.example.stavropolplacesapp/com.example.stavropolplacesapp.eat.PlacesToEatActivity EXITING}
08-14 14:01:44.970 30587 31372 V WindowManager: Remove Window{c40481a u0 com.example.stavropolplacesapp/com.example.stavropolplacesapp.eat.PlacesToEatActivity EXITING}: mSurfaceController=Surface(name=com.example.stavropolplacesapp/com.example.stavropolplacesapp.eat.PlacesToEatActivity$_14770)/@0xf99e358 mAnimatingExit=true mRemoveOnExit=true mHasSurface=true surfaceShowing=true animating=false app-animation=false mDisplayFrozen=false callers=com.android.server.wm.WindowToken.removeAllWindowsIfPossible:258 com.android.server.wm.ActivityRecord.removeIfPossible:5162 com.android.server.wm.ActivityRecord.handleCompleteDeferredRemoval:5169 com.android.server.wm.WindowContainer.handleCompleteDeferredRemoval:1476 com.android.server.wm.TaskFragment.handleCompleteDeferredRemoval:3413 com.android.server.wm.WindowContainer.handleCompleteDeferredRemoval:1476 
08-14 14:01:44.972 30587 31372 V WindowManager: Remove Window{c40481a u0 com.example.stavropolplacesapp/com.example.stavropolplacesapp.eat.PlacesToEatActivity EXITING}: mSurfaceController=Surface(name=com.example.stavropolplacesapp/com.example.stavropolplacesapp.eat.PlacesToEatActivity$_14770)/@0xf99e358 mAnimatingExit=true mRemoveOnExit=true mHasSurface=true surfaceShowing=false animating=false app-animation=false mDisplayFrozen=false callers=com.android.server.wm.WindowToken.removeAllWindowsIfPossible:258 com.android.server.wm.ActivityRecord.removeIfPossible:5162 com.android.server.wm.ActivityRecord.onRemovedFromDisplay:5244 com.android.server.wm.ActivityRecord.removeImmediately:5152 com.android.server.wm.ActivityRecord.removeIfPossible:5163 com.android.server.wm.ActivityRecord.handleCompleteDeferredRemoval:5169 
08-14 14:01:44.972 30587 31372 I WindowManager: Destroying surface Surface(name=com.example.stavropolplacesapp/com.example.stavropolplacesapp.eat.PlacesToEatActivity$_14770)/@0xf99e358 called by com.android.server.wm.WindowStateAnimator.destroySurface:799 com.android.server.wm.WindowStateAnimator.destroySurfaceLocked:472 com.android.server.wm.WindowState.removeImmediately:2937 com.android.server.wm.WindowState.removeIfPossible:3214 com.android.server.wm.WindowToken.removeAllWindowsIfPossible:258 com.android.server.wm.ActivityRecord.removeIfPossible:5162 com.android.server.wm.ActivityRecord.onRemovedFromDisplay:5244 com.android.server.wm.ActivityRecord.removeImmediately:5152 
08-14 14:01:44.974  1072  1681 I SurfaceFlinger: id=87601 Removed 84070ee ActivityRecordInputSink com.example.stavropolplacesapp/.eat.PlacesToEatActivity#87601 (359)
08-14 14:01:44.974 30587 31372 V WindowManager: Remove Window{eea53dc u0 com.example.stavropolplacesapp/com.example.stavropolplacesapp.MainActivity EXITING}: mSurfaceController=Surface(name=com.example.stavropolplacesapp/com.example.stavropolplacesapp.MainActivity$_14770)/@0x278203b mAnimatingExit=true mRemoveOnExit=true mHasSurface=true surfaceShowing=false animating=false app-animation=false mDisplayFrozen=false callers=com.android.server.wm.WindowToken.removeAllWindowsIfPossible:258 com.android.server.wm.ActivityRecord.removeIfPossible:5162 com.android.server.wm.ActivityRecord.handleCompleteDeferredRemoval:5169 com.android.server.wm.WindowContainer.handleCompleteDeferredRemoval:1476 com.android.server.wm.TaskFragment.handleCompleteDeferredRemoval:3413 com.android.server.wm.WindowContainer.handleCompleteDeferredRemoval:1476 
08-14 14:01:44.974 30587 31372 I WindowManager: Destroying surface Surface(name=com.example.stavropolplacesapp/com.example.stavropolplacesapp.MainActivity$_14770)/@0x278203b called by com.android.server.wm.WindowStateAnimator.destroySurface:799 com.android.server.wm.WindowStateAnimator.destroySurfaceLocked:472 com.android.server.wm.WindowState.removeImmediately:2937 com.android.server.wm.WindowState.removeIfPossible:3214 com.android.server.wm.WindowToken.removeAllWindowsIfPossible:258 com.android.server.wm.ActivityRecord.removeIfPossible:5162 com.android.server.wm.ActivityRecord.handleCompleteDeferredRemoval:5169 com.android.server.wm.WindowContainer.handleCompleteDeferredRemoval:1476 
08-14 14:01:44.978  1072  1681 I SurfaceFlinger: id=87518 Removed 6f8d380 ActivityRecordInputSink com.example.stavropolplacesapp/.MainActivity#87518 (360)
08-14 14:01:44.990  1072  1072 I Layer   : id=87506 removeFromCurrentState ActivityRecord{625d5fe u0 com.example.stavropolplacesapp/.MainActivity t6045}#87506 (361)
08-14 14:01:44.990  1072  1072 I Layer   : id=87518 removeFromCurrentState 6f8d380 ActivityRecordInputSink com.example.stavropolplacesapp/.MainActivity#87518 (361)
08-14 14:01:44.990  1072  1072 I Layer   : id=87508 removeFromCurrentState eea53dc com.example.stavropolplacesapp/com.example.stavropolplacesapp.MainActivity#87508 (361)
08-14 14:01:44.991  1072  1072 I Layer   : id=87570 removeFromCurrentState com.example.stavropolplacesapp/com.example.stavropolplacesapp.MainActivity$_14770#87570 (361)
08-14 14:01:44.991  1072  1072 I Layer   : id=87590 removeFromCurrentState ActivityRecord{cd5941c u0 com.example.stavropolplacesapp/.eat.PlacesToEatActivity t6045}#87590 (361)
08-14 14:01:44.991  1072  1072 I Layer   : id=87601 removeFromCurrentState 84070ee ActivityRecordInputSink com.example.stavropolplacesapp/.eat.PlacesToEatActivity#87601 (361)
08-14 14:01:44.991  1072  1072 I Layer   : id=87592 removeFromCurrentState c40481a com.example.stavropolplacesapp/com.example.stavropolplacesapp.eat.PlacesToEatActivity#87592 (361)
08-14 14:01:44.991  1072  1072 I Layer   : id=87594 removeFromCurrentState com.example.stavropolplacesapp/com.example.stavropolplacesapp.eat.PlacesToEatActivity$_14770#87594 (361)
08-14 14:01:44.991  1072  1072 I Layer   : id=87506 addToCurrentState ActivityRecord{625d5fe u0 com.example.stavropolplacesapp/.MainActivity t6045}#87506 (361)
08-14 14:01:44.991  1072  1072 I Layer   : id=87518 addToCurrentState 6f8d380 ActivityRecordInputSink com.example.stavropolplacesapp/.MainActivity#87518 (361)
08-14 14:01:44.991  1072  1072 I Layer   : id=87508 addToCurrentState eea53dc com.example.stavropolplacesapp/com.example.stavropolplacesapp.MainActivity#87508 (361)
08-14 14:01:44.991  1072  1072 I Layer   : id=87570 addToCurrentState com.example.stavropolplacesapp/com.example.stavropolplacesapp.MainActivity$_14770#87570 (361)
08-14 14:01:44.991  1072  1072 I Layer   : id=87590 addToCurrentState ActivityRecord{cd5941c u0 com.example.stavropolplacesapp/.eat.PlacesToEatActivity t6045}#87590 (361)
08-14 14:01:44.991  1072  1072 I Layer   : id=87601 addToCurrentState 84070ee ActivityRecordInputSink com.example.stavropolplacesapp/.eat.PlacesToEatActivity#87601 (361)
08-14 14:01:44.991  1072  1072 I Layer   : id=87592 addToCurrentState c40481a com.example.stavropolplacesapp/com.example.stavropolplacesapp.eat.PlacesToEatActivity#87592 (361)
08-14 14:01:44.991  1072  1072 I Layer   : id=87594 addToCurrentState com.example.stavropolplacesapp/com.example.stavropolplacesapp.eat.PlacesToEatActivity$_14770#87594 (361)
08-14 14:01:44.991  1072  1072 I Layer   : Layer [com.example.stavropolplacesapp/com.example.stavropolplacesapp.eat.PlacesToEatActivity$_14770#87594] hidden!! flag(1)
08-14 14:01:44.991  1072  1072 I Layer   : Layer [com.example.stavropolplacesapp/com.example.stavropolplacesapp.MainActivity$_14770#87570] hidden!! flag(1)
08-14 14:01:44.991  1072  1072 I Layer   : Layer [ActivityRecord{cd5941c u0 com.example.stavropolplacesapp/.eat.PlacesToEatActivity t6045}#87590] hidden!! flag(1)
08-14 14:01:44.991  1072  1072 I Layer   : id=87594 removeFromCurrentState com.example.stavropolplacesapp/com.example.stavropolplacesapp.eat.PlacesToEatActivity$_14770#87594 (361)
08-14 14:01:44.991  1072  1072 I Layer   : id=87592 removeFromCurrentState c40481a com.example.stavropolplacesapp/com.example.stavropolplacesapp.eat.PlacesToEatActivity#87592 (361)
08-14 14:01:44.991  1072  1072 I Layer   : id=87590 removeFromCurrentState ActivityRecord{cd5941c u0 com.example.stavropolplacesapp/.eat.PlacesToEatActivity t6045}#87590 (361)
08-14 14:01:44.991  1072  1072 I Layer   : id=87601 removeFromCurrentState 84070ee ActivityRecordInputSink com.example.stavropolplacesapp/.eat.PlacesToEatActivity#87601 (361)
08-14 14:01:44.991  1072  1072 I Layer   : id=87508 removeFromCurrentState eea53dc com.example.stavropolplacesapp/com.example.stavropolplacesapp.MainActivity#87508 (361)
08-14 14:01:44.991  1072  1072 I Layer   : id=87570 removeFromCurrentState com.example.stavropolplacesapp/com.example.stavropolplacesapp.MainActivity$_14770#87570 (361)
08-14 14:01:44.991  1072  1072 I Layer   : id=87570 removeFromCurrentState com.example.stavropolplacesapp/com.example.stavropolplacesapp.MainActivity$_14770#87570 (361)
08-14 14:01:44.991  1072  1072 I Layer   : id=87506 removeFromCurrentState ActivityRecord{625d5fe u0 com.example.stavropolplacesapp/.MainActivity t6045}#87506 (361)
08-14 14:01:44.991  1072  1072 I Layer   : id=87518 removeFromCurrentState 6f8d380 ActivityRecordInputSink com.example.stavropolplacesapp/.MainActivity#87518 (361)
08-14 14:01:44.993  1072  1072 I Layer   : id=87507 Destroyed ActivityRecord{625d5fe u0 com.example.stavropolplacesapp/.MainActivity t6045}#87506 (Mirror)#87507
08-14 14:01:44.993  1072  1072 I Layer   : id=87524 Destroyed 6f8d380 ActivityRecordInputSink com.example.stavropolplacesapp/.MainActivity#87518 (Mirror)#87524
08-14 14:01:44.993  1072  1072 I Layer   : id=87512 Destroyed eea53dc com.example.stavropolplacesapp/com.example.stavropolplacesapp.MainActivity#87508 (Mirror)#87512
08-14 14:01:44.993  1072  1072 I Layer   : id=87591 Destroyed ActivityRecord{cd5941c u0 com.example.stavropolplacesapp/.eat.PlacesToEatActivity t6045}#87590 (Mirror)#87591
08-14 14:01:44.993  1072  1072 I Layer   : id=87603 Destroyed 84070ee ActivityRecordInputSink com.example.stavropolplacesapp/.eat.PlacesToEatActivity#87601 (Mirror)#87603
08-14 14:01:44.993  1072  1072 I Layer   : id=87593 Destroyed c40481a com.example.stavropolplacesapp/com.example.stavropolplacesapp.eat.PlacesToEatActivity#87592 (Mirror)#87593
08-14 14:01:44.994  1072  1072 I SurfaceFlinger: id=87508 Removed eea53dc com.example.stavropolplacesapp/com.example.stavropolplacesapp.MainActivity#87508 (348)
08-14 14:01:44.994  1072  1072 I SurfaceFlinger: id=87592 Removed c40481a com.example.stavropolplacesapp/com.example.stavropolplacesapp.eat.PlacesToEatActivity#87592 (348)
08-14 14:01:44.994  1072  1072 I SurfaceFlinger: id=87570 Removed com.example.stavropolplacesapp/com.example.stavropolplacesapp.MainActivity$_14770#87570 (348)
08-14 14:01:44.994  1072  1072 I SurfaceFlinger: id=87594 Removed com.example.stavropolplacesapp/com.example.stavropolplacesapp.eat.PlacesToEatActivity$_14770#87594 (348)
08-14 14:01:44.996  1072  1072 I Layer   : id=87597 Destroyed com.example.stavropolplacesapp/com.example.stavropolplacesapp.eat.PlacesToEatActivity$_14770#87594 (Mirror)#87597
08-14 14:01:44.996  1072  1072 I Layer   : id=87573 Destroyed com.example.stavropolplacesapp/com.example.stavropolplacesapp.MainActivity$_14770#87570 (Mirror)#87573
08-14 14:01:45.009  1072  1072 I Layer   : id=87592 Destroyed c40481a com.example.stavropolplacesapp/com.example.stavropolplacesapp.eat.PlacesToEatActivity#87592
08-14 14:01:45.010  1072  1072 I Layer   : id=87594 Destroyed com.example.stavropolplacesapp/com.example.stavropolplacesapp.eat.PlacesToEatActivity$_14770#87594
08-14 14:01:45.010  1072  1072 I Layer   : id=87508 Destroyed eea53dc com.example.stavropolplacesapp/com.example.stavropolplacesapp.MainActivity#87508
08-14 14:01:45.010  1072  1072 I Layer   : id=87570 Destroyed com.example.stavropolplacesapp/com.example.stavropolplacesapp.MainActivity$_14770#87570
08-14 14:01:45.587 31165 31229 V WindowManagerShell: Transition requested: android.os.BinderProxy@9764565 TransitionRequestInfo { type = CLOSE, triggerTask = TaskInfo{userId=0 taskId=6046 displayId=0 isRunning=false baseIntent=Intent { act=com.samsung.android.sm.ACTION_START_APP_ERROR_DIALOG flg=0x14800000 pkg=com.samsung.android.lool cmp=com.samsung.android.lool/com.samsung.android.sm.iafd.dialog.AppErrorDialogActivity } baseActivity=null topActivity=null origActivity=null realActivity=ComponentInfo{com.samsung.android.lool/com.samsung.android.sm.iafd.dialog.AppErrorDialogActivity} numActivities=0 lastActiveTime=5112416050 supportsMultiWindow=true resizeMode=1 isResizeable=true minWidth=-1 minHeight=-1 maxWidth=-1 maxHeight=-1 defaultMinSize=220 token=WCT{android.window.IWindowContainerToken$Stub$Proxy@19e823a} topActivityType=1 pictureInPictureParams=null shouldDockBigOverlays=false launchIntoPipHostTaskId=-1 lastParentTaskIdBeforePip=-1 displayCutoutSafeInsets=Rect(0, 80 - 0, 0) topActivityInfo=null launchCookies=[] positionInParent=Point(0, 0) parentTaskId=-1 isFocused=true isVisible=true isVisibleRequested=true isSleeping=false topActivityInSizeCompat=false topActivityEligibleForLetterboxEducation= false topActivityLetterboxed= false isFromDoubleTap= false topActivityLetterboxVerticalPosition= -1 topActivityLetterboxHorizontalPosition= -1 topActivityLetterboxWidth=-1 topActivityLetterboxHeight=-1 locusId=null displayAreaFeatureId=1 cameraCompatControlState=hidden originallySupportedMultiWindow=true hasWallpaper=false topActivityInFixedAspectRatio=false rootAffinity=null topActivityInDisplayCompat=false topActivityInBoundsCompat=false topActivityBounds=null singleTapFromLetterbox=false isTopTaskInStage=false isTranslucentTask=true CoverLauncherWidgetTask=false CoverScreenTask=false isAllowedSeamlessRotation=false isTopTransparentActivity=true hasPopOver=false}, remoteTransition = null, displayChange = null }
08-14 14:01:45.618 30587 30735 V WindowManager: Sent Transition #2631 createdAt=08-14 14:01:45.585 via request=TransitionRequestInfo { type = CLOSE, triggerTask = TaskInfo{userId=0 taskId=6046 displayId=0 isRunning=false baseIntent=Intent { act=com.samsung.android.sm.ACTION_START_APP_ERROR_DIALOG flg=0x14800000 pkg=com.samsung.android.lool cmp=com.samsung.android.lool/com.samsung.android.sm.iafd.dialog.AppErrorDialogActivity } baseActivity=null topActivity=null origActivity=null realActivity=ComponentInfo{com.samsung.android.lool/com.samsung.android.sm.iafd.dialog.AppErrorDialogActivity} numActivities=0 lastActiveTime=5112416050 supportsMultiWindow=true resizeMode=1 isResizeable=true minWidth=-1 minHeight=-1 maxWidth=-1 maxHeight=-1 defaultMinSize=220 token=WCT{RemoteToken{849edb8 Task{6574590 #6046 type=standard I=com.samsung.android.lool/com.samsung.android.sm.iafd.dialog.AppErrorDialogActivity}}} topActivityType=1 pictureInPictureParams=null shouldDockBigOverlays=false launchIntoPipHostTaskId=-1 lastParentTaskIdBeforePip=-1 displayCutoutSafeInsets=Rect(0, 80 - 0, 0) topActivityInfo=null launchCookies=[] positionInParent=Point(0, 0) parentTaskId=-1 isFocused=true isVisible=true isVisibleRequested=true isSleeping=false topActivityInSizeCompat=false topActivityEligibleForLetterboxEducation= false topActivityLetterboxed= false isFromDoubleTap= false topActivityLetterboxVerticalPosition= -1 topActivityLetterboxHorizontalPosition= -1 topActivityLetterboxWidth=-1 topActivityLetterboxHeight=-1 locusId=null displayAreaFeatureId=1 cameraCompatControlState=hidden originallySupportedMultiWindow=true hasWallpaper=false topActivityInFixedAspectRatio=false rootAffinity=null topActivityInDisplayCompat=false topActivityInBoundsCompat=false topActivityBounds=null singleTapFromLetterbox=false isTopTaskInStage=false isTranslucentTask=true CoverLauncherWidgetTask=false CoverScreenTask=false isAllowedSeamlessRotation=false isTopTransparentActivity=true hasPopOver=false}, remoteTransition = null, displayChange = null }
08-14 14:01:59.613 30587 31381 D SLocation: CommonCoreManager - handleCommandCallback - FUNC_TYPE : SET_LOCATION ERROR_CODE : ERROR_NONE
08-14 14:01:59.619 30587 31381 D SLocation: ARDistanceLibManager - command callback received - CURRENT_LOCATION_REQUEST_DISTANCE ERROR CODE : ERROR_NONE
08-14 14:02:30.645 30587 31381 D SLocation: CommonCoreManager - handleCommandCallback - FUNC_TYPE : SET_LOCATION ERROR_CODE : ERROR_NONE
08-14 14:02:30.650 30587 31381 D SLocation: ARDistanceLibManager - command callback received - CURRENT_LOCATION_REQUEST_DISTANCE ERROR CODE : ERROR_NONE
08-14 14:02:36.272 21111 18973 E NearbyMediums: MEDIUM_ERROR [SYSTEM][WIFI_LAN][START_LISTENING_INCOMING_CONNECTION][ACCEPT_CONNECTION_FAILED][SOCKET_CLOSED], service-id=NearbySharing
08-14 14:02:36.283 30587 30967 E WifiChipHidlImpl: getUsableChannels failed with status: {.code = ERROR_NOT_SUPPORTED, .description = }
08-14 14:03:00.666 30587 31381 D SLocation: CommonCoreManager - handleCommandCallback - FUNC_TYPE : SET_LOCATION ERROR_CODE : ERROR_NONE
08-14 14:03:00.666 30587 31381 D SLocation: ARDistanceLibManager - command callback received - CURRENT_LOCATION_REQUEST_DISTANCE ERROR CODE : ERROR_NONE
08-14 14:03:31.662 30587 31381 D SLocation: CommonCoreManager - handleCommandCallback - FUNC_TYPE : SET_LOCATION ERROR_CODE : ERROR_NONE
08-14 14:03:31.670 30587 31381 D SLocation: ARDistanceLibManager - command callback received - CURRENT_LOCATION_REQUEST_DISTANCE ERROR CODE : ERROR_NONE
08-14 14:04:00.502 21111 18973 E NearbyMediums: MEDIUM_ERROR [SYSTEM][WIFI_LAN][START_LISTENING_INCOMING_CONNECTION][ACCEPT_CONNECTION_FAILED][SOCKET_CLOSED], service-id=NearbySharing
08-14 14:04:00.610 30587 30967 E WifiChipHidlImpl: getUsableChannels failed with status: {.code = ERROR_NOT_SUPPORTED, .description = }
08-14 14:04:01.626 30587 31381 D SLocation: ARDistanceLibManager - command callback received - CURRENT_LOCATION_REQUEST_DISTANCE ERROR CODE : ERROR_NONE
08-14 14:04:01.626 30587 31381 D SLocation: CommonCoreManager - handleCommandCallback - FUNC_TYPE : SET_LOCATION ERROR_CODE : ERROR_NONE
08-14 14:04:32.581 30587 31381 D SLocation: CommonCoreManager - handleCommandCallback - FUNC_TYPE : SET_LOCATION ERROR_CODE : ERROR_NONE
08-14 14:04:32.584 30587 31381 D SLocation: ARDistanceLibManager - command callback received - CURRENT_LOCATION_REQUEST_DISTANCE ERROR CODE : ERROR_NONE
08-14 14:05:01.732 30587 31381 D SLocation: CommonCoreManager - handleCommandCallback - FUNC_TYPE : SET_LOCATION ERROR_CODE : ERROR_NONE
08-14 14:05:01.732 30587 31381 D SLocation: ARDistanceLibManager - command callback received - CURRENT_LOCATION_REQUEST_DISTANCE ERROR CODE : ERROR_NONE
08-14 14:05:32.669 30587 31381 D SLocation: ARDistanceLibManager - command callback received - CURRENT_LOCATION_REQUEST_DISTANCE ERROR CODE : ERROR_NONE
08-14 14:05:32.672 30587 31381 D SLocation: CommonCoreManager - handleCommandCallback - FUNC_TYPE : SET_LOCATION ERROR_CODE : ERROR_NONE
08-14 14:05:55.165 10124 10167 I GOS:GameServiceReceiver:  PkgInstallStarted for com.example.stavropolplacesapp UserID : 0
08-14 14:05:55.181 30587 30831 I PackageManager:           pkg{com.example.stavropolplacesapp}
08-14 14:05:55.212 30587 30748 I ActivityManager: Force stopping com.example.stavropolplacesapp appid=10453 user=-1: installPackageLI
08-14 14:05:55.214 30587 30830 I PackageManager: Update package com.example.stavropolplacesapp code path from /data/app/~~Q_84pe6NTA9I0H5ziwI1og==/com.example.stavropolplacesapp-tNi57j21FuTXcLleP7YyQg== to /data/app/~~W-1jMBrbqF7P5snPinptXA==/com.example.stavropolplacesapp-omEllI_jgc-vZPlSWjnDbg==; Retain data and using new
08-14 14:05:55.216 30587 30830 I AppsFilter: interaction: PackageSetting{95043e3 ru.gorparkovki.dev.test/10434} -> PackageSetting{d01c90 com.example.stavropolplacesapp/10453} BLOCKED
08-14 14:05:55.216 30587 30830 I AppsFilter: interaction: PackageSetting{b3aea3b com.example.fishforecaststavropol/10525} -> PackageSetting{d01c90 com.example.stavropolplacesapp/10453} BLOCKED
08-14 14:05:55.217 30587 30830 I AppsFilter: interaction: PackageSetting{95043e3 ru.gorparkovki.dev.test/10434} -> PackageSetting{1b5000a com.example.stavropolplacesapp/10453} BLOCKED
08-14 14:05:55.217 30587 30830 I AppsFilter: interaction: PackageSetting{b3aea3b com.example.fishforecaststavropol/10525} -> PackageSetting{1b5000a com.example.stavropolplacesapp/10453} BLOCKED
08-14 14:05:55.432 10124 15945 I GOS:GameIntentService: onPackageChanged(). extras: Bundle[{changeType=2, userId=0, type=15, packageName=com.example.stavropolplacesapp}]
08-14 14:05:55.433 10124 15945 I GOS:GameIntentService: onPackageChanged(). changeType(INSTALL_STARTED), pkgName(com.example.stavropolplacesapp), UserHandle(0), userId(0), Installed(true)
08-14 14:05:55.519 30587 30830 I ArtService: Adjusting the compiler filter for 'com.example.stavropolplacesapp' from 'speed-profile' to 'verify' because there is no valid profile
08-14 14:05:55.567 15947 15948 I artd    : Dex parent of /data/app/~~W-1jMBrbqF7P5snPinptXA==/com.example.stavropolplacesapp-omEllI_jgc-vZPlSWjnDbg==/base.apk is not writable: Permission denied
08-14 14:05:55.567 15947 15948 I artd    : GetBestInfo checking odex in dalvik-cache (/data/dalvik-cache/arm64/data@app@~~W-1jMBrbqF7P5snPinptXA==@com.example.stavropolplacesapp-omEllI_jgc-vZPlSWjnDbg==@base.apk@classes.dex)
08-14 14:05:55.567 15947 15948 I artd    : Loading /data/dalvik-cache/arm64/data@app@~~W-1jMBrbqF7P5snPinptXA==@com.example.stavropolplacesapp-omEllI_jgc-vZPlSWjnDbg==@base.apk@classes.dex with executable: 0
08-14 14:05:55.570 15947 15948 I artd    : OatFileAssistant test for existing oat file /data/dalvik-cache/arm64/data@app@~~W-1jMBrbqF7P5snPinptXA==@com.example.stavropolplacesapp-omEllI_jgc-vZPlSWjnDbg==@base.apk@classes.dex: File /data/dalvik-cache/arm64/data@app@~~W-1jMBrbqF7P5snPinptXA==@com.example.stavropolplacesapp-omEllI_jgc-vZPlSWjnDbg==@base.apk@classes.vdex does not exist.
08-14 14:05:55.570 15947 15948 I artd    : GetBestInfo checking odex next to the dex file (/data/app/~~W-1jMBrbqF7P5snPinptXA==/com.example.stavropolplacesapp-omEllI_jgc-vZPlSWjnDbg==/oat/arm64/base.odex)
08-14 14:05:55.570 15947 15948 I artd    : Loading /data/app/~~W-1jMBrbqF7P5snPinptXA==/com.example.stavropolplacesapp-omEllI_jgc-vZPlSWjnDbg==/oat/arm64/base.odex with executable: 0
08-14 14:05:55.570 15947 15948 I artd    : OatFileAssistant test for existing oat file /data/app/~~W-1jMBrbqF7P5snPinptXA==/com.example.stavropolplacesapp-omEllI_jgc-vZPlSWjnDbg==/oat/arm64/base.odex: File /data/app/~~W-1jMBrbqF7P5snPinptXA==/com.example.stavropolplacesapp-omEllI_jgc-vZPlSWjnDbg==/oat/arm64/base.vdex does not exist.
08-14 14:05:55.570 15947 15948 I artd    : GetBestInfo checking vdex in dalvik-cache (/data/dalvik-cache/arm64/data@app@~~W-1jMBrbqF7P5snPinptXA==@com.example.stavropolplacesapp-omEllI_jgc-vZPlSWjnDbg==@base.apk@classes.vdex)
08-14 14:05:55.570 15947 15948 I artd    : unable to open vdex file /data/dalvik-cache/arm64/data@app@~~W-1jMBrbqF7P5snPinptXA==@com.example.stavropolplacesapp-omEllI_jgc-vZPlSWjnDbg==@base.apk@classes.vdex: File /data/dalvik-cache/arm64/data@app@~~W-1jMBrbqF7P5snPinptXA==@com.example.stavropolplacesapp-omEllI_jgc-vZPlSWjnDbg==@base.apk@classes.vdex does not exist.
08-14 14:05:55.570 15947 15948 I artd    : OatFileAssistant test for existing oat file /data/dalvik-cache/arm64/data@app@~~W-1jMBrbqF7P5snPinptXA==@com.example.stavropolplacesapp-omEllI_jgc-vZPlSWjnDbg==@base.apk@classes.vdex: File /data/dalvik-cache/arm64/data@app@~~W-1jMBrbqF7P5snPinptXA==@com.example.stavropolplacesapp-omEllI_jgc-vZPlSWjnDbg==@base.apk@classes.vdex does not exist.
08-14 14:05:55.570 15947 15948 I artd    : GetBestInfo checking vdex next to the dex file (/data/app/~~W-1jMBrbqF7P5snPinptXA==/com.example.stavropolplacesapp-omEllI_jgc-vZPlSWjnDbg==/oat/arm64/base.vdex)
08-14 14:05:55.570 15947 15948 I artd    : unable to open vdex file /data/app/~~W-1jMBrbqF7P5snPinptXA==/com.example.stavropolplacesapp-omEllI_jgc-vZPlSWjnDbg==/oat/arm64/base.vdex: File /data/app/~~W-1jMBrbqF7P5snPinptXA==/com.example.stavropolplacesapp-omEllI_jgc-vZPlSWjnDbg==/oat/arm64/base.vdex does not exist.
08-14 14:05:55.570 15947 15948 I artd    : OatFileAssistant test for existing oat file /data/app/~~W-1jMBrbqF7P5snPinptXA==/com.example.stavropolplacesapp-omEllI_jgc-vZPlSWjnDbg==/oat/arm64/base.vdex: File /data/app/~~W-1jMBrbqF7P5snPinptXA==/com.example.stavropolplacesapp-omEllI_jgc-vZPlSWjnDbg==/oat/arm64/base.vdex does not exist.
08-14 14:05:55.570 15947 15948 I artd    : GetBestInfo checking dm (/data/app/~~W-1jMBrbqF7P5snPinptXA==/com.example.stavropolplacesapp-omEllI_jgc-vZPlSWjnDbg==/base.dm)
08-14 14:05:55.570 15947 15948 W ziparchive: Unable to open '/data/app/~~W-1jMBrbqF7P5snPinptXA==/com.example.stavropolplacesapp-omEllI_jgc-vZPlSWjnDbg==/base.dm': No such file or directory
08-14 14:05:55.570 15947 15948 I artd    : OatFileAssistant test for existing oat file /data/app/~~W-1jMBrbqF7P5snPinptXA==/com.example.stavropolplacesapp-omEllI_jgc-vZPlSWjnDbg==/base.dm: I/O error
08-14 14:05:55.570 15947 15948 I artd    : GetBestInfo checking dm (/data/app/~~W-1jMBrbqF7P5snPinptXA==/com.example.stavropolplacesapp-omEllI_jgc-vZPlSWjnDbg==/base.dm)
08-14 14:05:55.570 15947 15948 W ziparchive: Unable to open '/data/app/~~W-1jMBrbqF7P5snPinptXA==/com.example.stavropolplacesapp-omEllI_jgc-vZPlSWjnDbg==/base.dm': No such file or directory
08-14 14:05:55.570 15947 15948 I artd    : OatFileAssistant test for existing oat file /data/app/~~W-1jMBrbqF7P5snPinptXA==/com.example.stavropolplacesapp-omEllI_jgc-vZPlSWjnDbg==/base.dm: I/O error
08-14 14:05:55.588 15947 15948 I artd    : Running dex2oat: /apex/com.android.art/bin/art_exec --drop-capabilities --set-task-profile=Dex2OatBootComplete --set-priority=background --keep-fds=7:8:9:10:11 -- /apex/com.android.art/bin/dex2oat32 --zip-fd=7 --zip-location=/data/app/~~W-1jMBrbqF7P5snPinptXA==/com.example.stavropolplacesapp-omEllI_jgc-vZPlSWjnDbg==/base.apk --oat-fd=8 --oat-location=/data/app/~~W-1jMBrbqF7P5snPinptXA==/com.example.stavropolplacesapp-omEllI_jgc-vZPlSWjnDbg==/oat/arm64/base.odex --output-vdex-fd=9 --swap-fd=10 --class-loader-context-fds=11 --class-loader-context=PCL[]{PCL[/system/framework/org.apache.http.legacy.jar]} --classpath-dir=/data/app/~~W-1jMBrbqF7P5snPinptXA==/com.example.stavropolplacesapp-omEllI_jgc-vZPlSWjnDbg== --instruction-set=arm64 --instruction-set-features=default --instruction-set-variant=cortex-a76 --compiler-filter=verify --compilation-reason=install --compact-dex-level=none --max-image-block-size=524288 --resolve-startup-const-strings=true --generate-mini-debug-info --runtime-arg -Xtarget-sdk-version:34 --runtime-arg -Xhidden-api-policy:enabled -j6 --runtime-arg -Xms64m --runtime-arg -Xmx512m --comments=app-name:com.example.stavropolplacesapp,app-version-name:1.1.0,app-version-code:4,art-version:351610080
08-14 14:05:55.588 15947 15948 I artd    : Opened FDs: 7:/data/app/~~W-1jMBrbqF7P5snPinptXA==/com.example.stavropolplacesapp-omEllI_jgc-vZPlSWjnDbg==/base.apk 8:/data/app/~~W-1jMBrbqF7P5snPinptXA==/com.example.stavropolplacesapp-omEllI_jgc-vZPlSWjnDbg==/oat/arm64/base.odex.Fq1jWb.tmp 9:/data/app/~~W-1jMBrbqF7P5snPinptXA==/com.example.stavropolplacesapp-omEllI_jgc-vZPlSWjnDbg==/oat/arm64/base.vdex.gRRP9R.tmp 10:/data/app/~~W-1jMBrbqF7P5snPinptXA==/com.example.stavropolplacesapp-omEllI_jgc-vZPlSWjnDbg==/oat/arm64/base.odex.swap.9S6Aq1.tmp 11:/system/framework/org.apache.http.legacy.jar 
08-14 14:05:55.660 15950 15950 I dex2oat32: /apex/com.android.art/bin/dex2oat32 --output-vdex-fd=9 --class-loader-context-fds=11 --class-loader-context=PCL[]{PCL[/system/framework/org.apache.http.legacy.jar]} --classpath-dir=/data/app/~~W-1jMBrbqF7P5snPinptXA==/com.example.stavropolplacesapp-omEllI_jgc-vZPlSWjnDbg== --compiler-filter=verify --compilation-reason=install --compact-dex-level=none --max-image-block-size=524288 --resolve-startup-const-strings=true --generate-mini-debug-info -j6 --comments=app-name:com.example.stavropolplacesapp,app-version-name:1.1.0,app-version-code:4,art-version:351610080
08-14 14:05:56.389 30587 30830 I ArtService: Dexopt result: [packageName = com.example.stavropolplacesapp] DexContainerFileDexoptResult{dexContainerFile=/data/app/~~W-1jMBrbqF7P5snPinptXA==/com.example.stavropolplacesapp-omEllI_jgc-vZPlSWjnDbg==/base.apk, primaryAbi=true, abi=arm64-v8a, actualCompilerFilter=verify, status=PERFORMED, dex2oatWallTimeMillis=782, dex2oatCpuTimeMillis=2840, sizeBytes=669096, sizeBeforeBytes=0, extendedStatusFlags=[]}
08-14 14:05:56.398 30587 30830 D PackageManager: isLocaleOptimizedPackage() -  Non optimized app: com.example.stavropolplacesapp. Proceed with normal install
08-14 14:05:56.399 30587 30830 I AppsFilter: interaction: PackageSetting{95043e3 ru.gorparkovki.dev.test/10434} -> PackageSetting{1b5000a com.example.stavropolplacesapp/10453} BLOCKED
08-14 14:05:56.399 30587 30830 I AppsFilter: interaction: PackageSetting{b3aea3b com.example.fishforecaststavropol/10525} -> PackageSetting{1b5000a com.example.stavropolplacesapp/10453} BLOCKED
08-14 14:05:56.415 30587 30830 I ActivityManager: Force stopping com.example.stavropolplacesapp appid=10453 user=0: pkg removed
08-14 14:05:56.454 30587 30859 D OverlayManager: reconcileSettingsForPackage pkgName=com.example.stavropolplacesapp userId=0
08-14 14:05:56.454 30587 30859 I OverlayManager: updateOverlaysForTarget() called with: targetPackage = [com.example.stavropolplacesapp], userId = [0], flags = [2]
08-14 14:05:56.469  9579  9595 W ssioncontroller: ApkAssets: Deleting an ApkAssets object '<empty> and /data/app/~~Q_84pe6NTA9I0H5ziwI1og==/com.example.stavropolplacesapp-tNi57j21FuTXcLleP7YyQg==/base.apk' with 1 weak references
08-14 14:05:56.492 31142 31142 I VvmPkgInstalledRcvr: packageName: com.example.stavropolplacesapp, systemDialer: com.samsung.android.dialer
08-14 14:05:56.529 30587 30859 D OverlayManager: reconcileSettingsForPackage pkgName=com.example.stavropolplacesapp userId=0
08-14 14:05:56.529 30587 30859 I OverlayManager: updateOverlaysForTarget() called with: targetPackage = [com.example.stavropolplacesapp], userId = [0], flags = [0]
08-14 14:05:56.529 30587 30944 W PackageConfigPersister: App-specific configuration not found for packageName: com.example.stavropolplacesapp and userId: 0
08-14 14:05:56.536 30587 31031 I AppWidgetServiceImpl: Received broadcast: android.intent.action.PACKAGE_ADDED, Updates all providers with com.example.stavropolplacesapp, userId: 0
08-14 14:05:56.537 31142 31142 I VvmPkgInstalledRcvr:  NOT contains : com.example.stavropolplacesapp
