08-14 14:06:04.240 31165 31229 V WindowManagerShell: onTransitionReady android.os.BinderProxy@98a6f41: {id=2634 t=OPEN f=0x0 trk=0 r=[0@Point(0, 0)] c=[{null m=OPEN f=FILLS_TASK|IS_ACTIVITY leash=Surface(name=ActivityRecord{bf1c540 u0 com.example.stavropolplacesapp/.places.PlacesActivity t6047})/@0x2558cd4 sb=Rect(0, 0 - 0, 0) eb=Rect(0, 0 - 1080, 2340) d=-1->0 r=-1->0:-1 dim=true inset=Rect(0, 0 - 0, 0)},{null m=TO_BACK f=FILLS_TASK|IS_ACTIVITY leash=Surface(name=ActivityRecord{f0a3142 u0 com.example.stavropolplacesapp/.MainActivity t6047})/@0xf4dbe7d sb=Rect(0, 0 - 1080, 2340) eb=Rect(0, 0 - 1080, 2340) d=0 inset=Rect(0, 0 - 0, 0)}]}
08-14 14:06:04.240 31165 31229 I SurfaceControl: hide, t=FinishTransaction_SyncId<2634>, sc=Surface(name=ActivityRecord{f0a3142 u0 com.example.stavropolplacesapp/.MainActivity t6047})/@0xf4dbe7d, caller=com.android.wm.shell.transition.Transitions.dispatchReady:682 com.android.wm.shell.transition.Transitions.onTransitionReady:119 com.android.wm.shell.transition.Transitions$TransitionPlayerImpl$$ExternalSyntheticLambda0.run:13 android.os.Handler.handleCallback:958 android.os.Handler.dispatchMessage:99 android.os.Looper.loopOnce:230 
08-14 14:06:04.240 31165 31229 I SurfaceControl: show, t=StartTransaction_SyncId<2634>, sc=Surface(name=ActivityRecord{bf1c540 u0 com.example.stavropolplacesapp/.places.PlacesActivity t6047})/@0x2558cd4, caller=com.android.wm.shell.transition.Transitions.dispatchReady:687 com.android.wm.shell.transition.Transitions.onTransitionReady:119 com.android.wm.shell.transition.Transitions$TransitionPlayerImpl$$ExternalSyntheticLambda0.run:13 android.os.Handler.handleCallback:958 android.os.Handler.dispatchMessage:99 android.os.Looper.loopOnce:230 
08-14 14:06:04.240 31165 31229 I SurfaceControl: show, t=FinishTransaction_SyncId<2634>, sc=Surface(name=ActivityRecord{bf1c540 u0 com.example.stavropolplacesapp/.places.PlacesActivity t6047})/@0x2558cd4, caller=com.android.wm.shell.transition.Transitions.dispatchReady:744 com.android.wm.shell.transition.Transitions.onTransitionReady:119 com.android.wm.shell.transition.Transitions$TransitionPlayerImpl$$ExternalSyntheticLambda0.run:13 android.os.Handler.handleCallback:958 android.os.Handler.dispatchMessage:99 android.os.Looper.loopOnce:230 
08-14 14:06:04.241 31165 31229 I SurfaceControl: show, t=StartTransaction_SyncId<2634>, sc=Surface(name=Transition Root: ActivityRecord{bf1c540 u0 com.example.stavropolplacesapp/.places.PlacesActivity t6047})/@0x5d26172, caller=com.android.wm.shell.transition.Transitions.playTransition:80 com.android.wm.shell.transition.Transitions.processReadyQueue:195 com.android.wm.shell.transition.Transitions.dispatchReady:762 com.android.wm.shell.transition.Transitions.onTransitionReady:119 com.android.wm.shell.transition.Transitions$TransitionPlayerImpl$$ExternalSyntheticLambda0.run:13 android.os.Handler.handleCallback:958 
08-14 14:06:04.242 31165 31229 V WindowManagerShell: Transition doesn't have explicit remote, search filters for match for {id=2634 t=OPEN f=0x0 trk=0 r=[0@Point(0, 0)] c=[{null m=OPEN f=FILLS_TASK|IS_ACTIVITY leash=Surface(name=ActivityRecord{bf1c540 u0 com.example.stavropolplacesapp/.places.PlacesActivity t6047})/@0x2558cd4 sb=Rect(0, 0 - 0, 0) eb=Rect(0, 0 - 1080, 2340) d=-1->0 r=-1->0:-1 dim=true inset=Rect(0, 0 - 0, 0)},{null m=TO_BACK f=FILLS_TASK|IS_ACTIVITY leash=Surface(name=ActivityRecord{f0a3142 u0 com.example.stavropolplacesapp/.MainActivity t6047})/@0xf4dbe7d sb=Rect(0, 0 - 1080, 2340) eb=Rect(0, 0 - 1080, 2340) d=0 inset=Rect(0, 0 - 0, 0)}]}
08-14 14:06:04.242 31165 31229 V WindowManagerShell: start default transition animation, info = {id=2634 t=OPEN f=0x0 trk=0 r=[0@Point(0, 0)] c=[{null m=OPEN f=FILLS_TASK|IS_ACTIVITY leash=Surface(name=ActivityRecord{bf1c540 u0 com.example.stavropolplacesapp/.places.PlacesActivity t6047})/@0x2558cd4 sb=Rect(0, 0 - 0, 0) eb=Rect(0, 0 - 1080, 2340) d=-1->0 r=-1->0:-1 dim=true inset=Rect(0, 0 - 0, 0)},{null m=TO_BACK f=FILLS_TASK|IS_ACTIVITY leash=Surface(name=ActivityRecord{f0a3142 u0 com.example.stavropolplacesapp/.MainActivity t6047})/@0xf4dbe7d sb=Rect(0, 0 - 1080, 2340) eb=Rect(0, 0 - 1080, 2340) d=0 inset=Rect(0, 0 - 0, 0)}]}
08-14 14:06:04.256  1072  1145 I SurfaceFlinger: id=87764 createSurf, flag=20004, DimTransitionLayer for Surface(name=ActivityRecord{bf1c540 u0 com.example.stavropolplacesapp/.places.PlacesActivity t6047})/@0x2558cd4#87764
08-14 14:06:04.257 31165 31229 I SurfaceControl: show, t=StartTransaction_SyncId<2634>, sc=Surface(name=DimTransitionLayer for Surface(name=ActivityRecord{bf1c540 u0 com.example.stavropolplacesapp/.places.PlacesActivity t6047})/@0x2558cd4)/@0x6134e3b, caller=com.android.wm.shell.transition.DefaultTransitionHandler.startAnimation:2970 com.android.wm.shell.transition.Transitions.dispatchTransition:80 com.android.wm.shell.transition.Transitions.playTransition:793 com.android.wm.shell.transition.Transitions.processReadyQueue:195 com.android.wm.shell.transition.Transitions.dispatchReady:762 com.android.wm.shell.transition.Transitions.onTransitionReady:119 
08-14 14:06:04.257 31165 31229 V WindowManagerShell: attach dim transition, change={null m=OPEN f=FILLS_TASK|IS_ACTIVITY leash=Surface(name=ActivityRecord{bf1c540 u0 com.example.stavropolplacesapp/.places.PlacesActivity t6047})/@0x2558cd4 sb=Rect(0, 0 - 0, 0) eb=Rect(0, 0 - 1080, 2340) d=-1->0 r=-1->0:-1 dim=true inset=Rect(0, 0 - 0, 0)}
08-14 14:06:04.266  1072  1072 I Layer   : Layer [DimTransitionLayer for Surface(name=ActivityRecord{bf1c540 u0 com.example.stavropolplacesapp/.places.PlacesActivity t6047})/@0x2558cd4#87764] hidden!! flag(0)
08-14 14:06:04.266  1072  1072 I Layer   : Layer [2624dd7 com.example.stavropolplacesapp/com.example.stavropolplacesapp.places.PlacesActivity#87748] hidden!! flag(0)
08-14 14:06:04.266  1072  1072 I Layer   : Layer [com.example.stavropolplacesapp/com.example.stavropolplacesapp.places.PlacesActivity$_16190#87750] hidden!! flag(0)
08-14 14:06:04.266  1072  1072 I Layer   : Layer [Transition Root: ActivityRecord{bf1c540 u0 com.example.stavropolplacesapp/.places.PlacesActivity t6047}#87756] hidden!! flag(0)
08-14 14:06:04.266  1072  1072 I Layer   : Layer [ActivityRecord{bf1c540 u0 com.example.stavropolplacesapp/.places.PlacesActivity t6047}#87746] hidden!! flag(0)
08-14 14:06:04.305  1072  1072 D SurfaceFlinger:      DEVICE | 0xb400007c566ecd50 | 0102 | RGBA_8888    |    0.0    0.0 1080.0 2340.0 |    0    0 1080 2340 | com.example.stavropolplacesapp/com.e[...]lplacesapp.MainActivity$_16190#87721
08-14 14:06:04.336 30587   543 D InputDispatcher: Focus entered window (0): 2624dd7 com.example.stavropolplacesapp/com.example.stavropolplacesapp.places.PlacesActivity
08-14 14:06:04.341 30587   543 I ImeTracker: com.example.stavropolplacesapp:6f29cc2: onRequestHide at ORIGIN_SERVER_HIDE_INPUT reason HIDE_UNSPECIFIED_WINDOW
08-14 14:06:04.341 30587   543 I ImeTracker: com.example.stavropolplacesapp:6f29cc2: onCancelled at PHASE_SERVER_SHOULD_HIDE
08-14 14:06:04.342  1072  1072 D SurfaceFlinger:      DEVICE | 0xb400007c566ecd50 | 0102 | RGBA_8888    |    0.0    8.0 1080.0 2340.0 |    0    0 1080 2332 | com.example.stavropolplacesapp/com.e[...]lplacesapp.MainActivity$_16190#87721
08-14 14:06:04.342  1072  1072 D SurfaceFlinger:      DEVICE | 0xb400007c566f1dd0 | 0102 | RGBA_8888    |    0.0    0.0 1080.0 1947.0 |    0  393 1080 2340 | com.example.stavropolplacesapp/com.e[...]p.places.PlacesActivity$_16190#87750
08-14 14:06:04.345 30587   543 D InsetsSourceProvider: updateControlForTarget: control=InsetsSourceControl: {3 mType=ime mSurfacePosition=Point(0, 80) mInsetsHint=Insets{left=0, top=0, right=0, bottom=994}}, target=Window{2624dd7 u0 com.example.stavropolplacesapp/com.example.stavropolplacesapp.places.PlacesActivity}, from=com.android.server.wm.ImeInsetsSourceProvider.updateControlForTarget:165 com.android.server.wm.InsetsStateController.onControlTargetChanged:358 com.android.server.wm.InsetsStateController.onImeControlTargetChanged:302 com.android.server.wm.DisplayContent.updateImeControlTarget:5727 com.android.server.wm.DisplayContent.updateImeInputAndControlTarget:5687 
08-14 14:06:04.355 16190 16190 I InsetsSourceConsumer: applyRequestedVisibilityToControl: visible=false, type=ime, host=com.example.stavropolplacesapp/com.example.stavropolplacesapp.places.PlacesActivity
08-14 14:06:04.355  3373  3373 I HBD     : b [AiWriter] setContact : com.example.stavropolplacesapp
08-14 14:06:04.423  1072  1072 D SurfaceFlinger:      DEVICE | 0xb400007c56733610 | 0102 | RGBA_8888    |    0.0    0.0 1080.0 2233.0 |    0  107 1080 2340 | com.example.stavropolplacesapp/com.e[...]p.places.PlacesActivity$_16190#87750
08-14 14:06:04.616  1072  1072 I Layer   : id=87764 removeFromCurrentState DimTransitionLayer for Surface(name=ActivityRecord{bf1c540 u0 com.example.stavropolplacesapp/.places.PlacesActivity t6047})/@0x2558cd4#87764 (336)
08-14 14:06:04.620  1072  1072 I Layer   : id=87765 Destroyed DimTransitionLayer for Surface(name=ActivityRecord{bf1c540 u0 com.example.stavropolplacesapp/.places.PlacesActivity t6047})/@0x2558cd4#87764 (Mirror)#87765
08-14 14:06:04.628  1072  1072 D SurfaceFlinger:      DEVICE | 0xb400007c56733610 | 0102 | RGBA_8888    |    0.0    0.0 1080.0 2334.0 |    0    6 1080 2340 | com.example.stavropolplacesapp/com.e[...]p.places.PlacesActivity$_16190#87750
08-14 14:06:04.712  1072  1072 D SurfaceFlinger:      DEVICE | 0xb400007c56733610 | 0102 | RGBA_8888    |    0.0    0.0 1080.0 2340.0 |    0    0 1080 2340 | com.example.stavropolplacesapp/com.e[...]p.places.PlacesActivity$_16190#87750
08-14 14:06:04.713 30587  2586 V WindowManager: Setting visibility of Window{c2691fd u0 com.example.stavropolplacesapp/com.example.stavropolplacesapp.MainActivity}: false, caller=com.android.server.wm.WindowContainer.sendAppVisibilityToClients:1301 com.android.server.wm.WindowToken.setClientVisible:446 com.android.server.wm.ActivityRecord.setClientVisible:8121 com.android.server.wm.ActivityRecord.postApplyAnimation:6685 com.android.server.wm.ActivityRecord.commitVisibility:6628 
08-14 14:06:04.716  1072  1072 I Layer   : id=87764 removeFromCurrentState DimTransitionLayer for Surface(name=ActivityRecord{bf1c540 u0 com.example.stavropolplacesapp/.places.PlacesActivity t6047})/@0x2558cd4#87764 (335)
08-14 14:06:04.716  1072  1072 I Layer   : Layer [ActivityRecord{f0a3142 u0 com.example.stavropolplacesapp/.MainActivity t6047}#87718] hidden!! flag(1)
08-14 14:06:04.716  1072  1072 I Layer   : id=87756 removeFromCurrentState Transition Root: ActivityRecord{bf1c540 u0 com.example.stavropolplacesapp/.places.PlacesActivity t6047}#87756 (335)
08-14 14:06:04.716  1072  1072 I Layer   : id=87756 removeFromCurrentState Transition Root: ActivityRecord{bf1c540 u0 com.example.stavropolplacesapp/.places.PlacesActivity t6047}#87756 (335)
08-14 14:06:04.718  1072  1072 I Layer   : id=87757 Destroyed Transition Root: ActivityRecord{bf1c540 u0 com.example.stavropolplacesapp/.places.PlacesActivity t6047}#87756 (Mirror)#87757
08-14 14:06:04.720  1072  1072 I SurfaceFlinger: id=87756 Removed Transition Root: ActivityRecord{bf1c540 u0 com.example.stavropolplacesapp/.places.PlacesActivity t6047}#87756 (332)
08-14 14:06:04.720  1072  1072 I SurfaceFlinger: id=87764 Removed DimTransitionLayer for Surface(name=ActivityRecord{bf1c540 u0 com.example.stavropolplacesapp/.places.PlacesActivity t6047})/@0x2558cd4#87764 (332)
08-14 14:06:04.723 30587  2586 V WindowManager: Relayout Window{c2691fd u0 com.example.stavropolplacesapp/com.example.stavropolplacesapp.MainActivity}: viewVisibility=8 req=1080x2340 ty=1 d0
08-14 14:06:04.728 16190 16190 D ViewRootImpl@4e3fce6[MainActivity]: WindowStopped on com.example.stavropolplacesapp/com.example.stavropolplacesapp.MainActivity set to true
08-14 14:06:04.732  1072  1072 I Layer   : Layer [com.example.stavropolplacesapp/com.example.stavropolplacesapp.MainActivity$_16190#87721] hidden!! flag(1)
08-14 14:06:04.733  1072  1072 I Layer   : id=87756 Destroyed Transition Root: ActivityRecord{bf1c540 u0 com.example.stavropolplacesapp/.places.PlacesActivity t6047}#87756
08-14 14:06:04.733  1072  1072 I Layer   : id=87764 Destroyed DimTransitionLayer for Surface(name=ActivityRecord{bf1c540 u0 com.example.stavropolplacesapp/.places.PlacesActivity t6047})/@0x2558cd4#87764
08-14 14:06:04.735 30587  2586 E WindowManager: win=Window{c2691fd u0 com.example.stavropolplacesapp/com.example.stavropolplacesapp.MainActivity} destroySurfaces: appStopped=true cleanupOnResume=false win.mWindowRemovalAllowed=false win.mRemoveOnExit=false win.mViewVisibility=8 caller=com.android.server.wm.ActivityRecord.destroySurfaces:6952 com.android.server.wm.ActivityRecord.destroySurfaces:6933 com.android.server.wm.ActivityRecord.activityStopped:7633 com.android.server.wm.ActivityClientController.activityStopped:321 android.app.IActivityClientController$Stub.onTransact:702 com.android.server.wm.ActivityClientController.onTransact:186 android.os.Binder.execTransactInternal:1380 
08-14 14:06:04.736 30587  2586 I WindowManager: Destroying surface Surface(name=com.example.stavropolplacesapp/com.example.stavropolplacesapp.MainActivity$_16190)/@0xaf0b247 called by com.android.server.wm.WindowStateAnimator.destroySurface:799 com.android.server.wm.WindowStateAnimator.destroySurfaceLocked:472 com.android.server.wm.WindowState.destroySurfaceUnchecked:4201 com.android.server.wm.WindowState.destroySurface:4175 com.android.server.wm.ActivityRecord.destroySurfaces:6952 com.android.server.wm.ActivityRecord.destroySurfaces:6933 com.android.server.wm.ActivityRecord.activityStopped:7633 com.android.server.wm.ActivityClientController.activityStopped:321 
08-14 14:06:04.749  1072  1072 I Layer   : id=87721 removeFromCurrentState com.example.stavropolplacesapp/com.example.stavropolplacesapp.MainActivity$_16190#87721 (324)
08-14 14:06:04.750  1072  1072 I SurfaceFlinger: id=87721 Removed com.example.stavropolplacesapp/com.example.stavropolplacesapp.MainActivity$_16190#87721 (324)
08-14 14:06:04.751  1072  1072 I Layer   : id=87725 Destroyed com.example.stavropolplacesapp/com.example.stavropolplacesapp.MainActivity$_16190#87721 (Mirror)#87725
08-14 14:06:04.766  1072  1072 I Layer   : id=87721 Destroyed com.example.stavropolplacesapp/com.example.stavropolplacesapp.MainActivity$_16190#87721
08-14 14:06:04.846 30587 30738 D SGM:GameManager: identifyForegroundApp. com.example.stavropolplacesapp, mCurrentUserId: 0, callerUserId: 0
08-14 14:06:04.846 30587 30738 D SGM:PkgDataHelper: getGamePkgData(). com.example.stavropolplacesapp
08-14 14:06:05.456 27342 27348 W android.vending: ApkAssets: Deleting an ApkAssets object '<empty> and /data/app/~~W-1jMBrbqF7P5snPinptXA==/com.example.stavropolplacesapp-omEllI_jgc-vZPlSWjnDbg==/base.apk' with 1 weak references
08-14 14:06:05.835 30587 31143 I Pageboost: db update :com.example.stavropolplacesapp ret 1
08-14 14:06:05.892 30587 31143 I Pageboost: memUsage collected : 157852 15023 50296 for com.example.stavropolplacesapp 16190
08-14 14:06:06.417 16190 16288 D ProfileInstaller: Installing profile for com.example.stavropolplacesapp
08-14 14:06:07.284  1072  1072 D SurfaceFlinger:      DEVICE | 0xb400007c5672b810 | 0102 | RGBA_8888    |    0.0    0.0 1080.0 2340.0 |    0    0 1080 2340 | com.example.stavropolplacesapp/com.e[...]p.places.PlacesActivity$_16190#87750
08-14 14:06:07.601  1072  1072 D SurfaceFlinger:      DEVICE | 0xb400007c567090d0 | 0102 | RGBA_8888    |    0.0    0.0 1080.0 2340.0 |    0    0 1080 2340 | com.example.stavropolplacesapp/com.e[...]p.places.PlacesActivity$_16190#87750
08-14 14:06:08.476  1072  1072 D SurfaceFlinger:      DEVICE | 0xb400007c567090d0 | 0102 | RGBA_8888    |    0.0    0.0 1080.0 2340.0 |    0    0 1080 2340 | com.example.stavropolplacesapp/com.e[...]p.places.PlacesActivity$_16190#87750
08-14 14:06:08.804 30587 32466 D SGM:GameManager: identifyForegroundApp. com.example.stavropolplacesapp, mCurrentUserId: 0, callerUserId: 0
08-14 14:06:08.804 30587 32466 D SGM:PkgDataHelper: getGamePkgData(). com.example.stavropolplacesapp
08-14 14:06:08.808  1072  1072 D SurfaceFlinger:      DEVICE | 0xb400007c567090d0 | 0102 | RGBA_8888    |    0.0    0.0 1080.0 2340.0 |    0    0 1080 2340 | com.example.stavropolplacesapp/com.e[...]p.places.PlacesActivity$_16190#87750
08-14 14:06:10.152  1072  1072 D SurfaceFlinger:      DEVICE | 0xb400007c566f1dd0 | 0102 | RGBA_8888    |    0.0    0.0 1080.0 2340.0 |    0    0 1080 2340 | com.example.stavropolplacesapp/com.e[...]p.places.PlacesActivity$_16190#87750
08-14 14:06:10.400  1072  1072 D SurfaceFlinger:      DEVICE | 0xb400007c56733610 | 0102 | RGBA_8888    |    0.0    0.0 1080.0 2340.0 |    0    0 1080 2340 | com.example.stavropolplacesapp/com.e[...]p.places.PlacesActivity$_16190#87750
08-14 14:06:11.826  1072  1072 D SurfaceFlinger:      DEVICE | 0xb400007c56733610 | 0102 | RGBA_8888    |    0.0    0.0 1080.0 2340.0 |    0    0 1080 2340 | com.example.stavropolplacesapp/com.e[...]p.places.PlacesActivity$_16190#87750
08-14 14:06:12.124  1072  1072 D SurfaceFlinger:      DEVICE | 0xb400007c567090d0 | 0102 | RGBA_8888    |    0.0    0.0 1080.0 2340.0 |    0    0 1080 2340 | com.example.stavropolplacesapp/com.e[...]p.places.PlacesActivity$_16190#87750
08-14 14:06:12.177  1072  1072 D SurfaceFlinger:      DEVICE | 0xb400007c5672b810 | 0102 | RGBA_8888    |    0.0    0.0 1080.0 2340.0 |    0    0 1080 2340 | com.example.stavropolplacesapp/com.e[...]p.places.PlacesActivity$_16190#87750
08-14 14:06:12.367 20598 20604 W gle.android.gms: ApkAssets: Deleting an ApkAssets object '<empty> and /data/app/~~W-1jMBrbqF7P5snPinptXA==/com.example.stavropolplacesapp-omEllI_jgc-vZPlSWjnDbg==/base.apk' with 1 weak references
08-14 14:06:12.489  1072  1072 D SurfaceFlinger:      DEVICE | 0xb400007c56733610 | 0102 | RGBA_8888    |    0.0    0.0 1080.0 2340.0 |    0    0 1080 2340 | com.example.stavropolplacesapp/com.e[...]p.places.PlacesActivity$_16190#87750
08-14 14:06:13.075  1072  1072 D SurfaceFlinger:      DEVICE | 0xb400007c5672b810 | 0102 | RGBA_8888    |    0.0    0.0 1080.0 2340.0 |    0    0 1080 2340 | com.example.stavropolplacesapp/com.e[...]p.places.PlacesActivity$_16190#87750
08-14 14:06:13.094 30587 30738 I ChimeraSystemEventListener: appLaunchIntent package name is: com.example.stavropolplacesapp
08-14 14:06:13.098 30587  2248 V WindowManager: Collecting in transition 2635: ActivityRecord{20ef132 u0 com.example.stavropolplacesapp/.places.PlaceDetailActivity, caller=com.android.server.wm.Transition.collect:759 com.android.server.wm.TransitionController.collect:935 com.android.server.wm.ActivityStarter.startActivityUnchecked:2376 com.android.server.wm.ActivityStarter.executeRequest:1953 com.android.server.wm.ActivityStarter.execute:1093 
08-14 14:06:13.098 30587  2248 D ActivityTaskManager: TaskLaunchParamsModifier:task=null activity=ActivityRecord{20ef132 u0 com.example.stavropolplacesapp/.places.PlaceDetailActivity t-1} display-area-from-source=DefaultTaskDisplayArea_d0@55095402 display-id=0 task-display-area-windowing-mode=1 suggested-display-area=DefaultTaskDisplayArea_d0@55095402
08-14 14:06:13.098 30587  2248 D ActivityTaskManager: TaskLaunchParamsModifier:task=Task{f5ba662 #6047 type=standard A=10453:com.example.stavropolplacesapp} activity=ActivityRecord{20ef132 u0 com.example.stavropolplacesapp/.places.PlaceDetailActivity t-1} display-area-from-source=DefaultTaskDisplayArea_d0@55095402 display-id=0 task-display-area-windowing-mode=1 suggested-display-area=DefaultTaskDisplayArea_d0@55095402 inherit-from-source=fullscreen non-freeform-task-display-area display-area=DefaultTaskDisplayArea_d0@55095402 default-portrait freeform-size-mismatch=Rect(81, 562 - 999, 1732)
08-14 14:06:13.100  1072  1328 I SurfaceFlinger: id=87774 createSurf, flag=84004, ActivityRecord{20ef132 u0 com.example.stavropolplacesapp/.places.PlaceDetailActivity t6047}#87774
08-14 14:06:13.102 30587  2248 D ActivityTaskManager: scheduleTopResumedActivityChanged, onTop=false, r=ActivityRecord{bf1c540 u0 com.example.stavropolplacesapp/.places.PlacesActivity t6047}, caller=com.android.server.wm.ActivityTaskSupervisor.updateTopResumedActivityIfNeeded:2826 com.android.server.wm.TaskFragment.setResumedActivity:579 com.android.server.wm.TaskFragment.onActivityStateChanged:888 com.android.server.wm.ActivityRecord.setState:6811 com.android.server.wm.TaskFragment.startPausing:2004 com.android.server.wm.TaskFragment.startPausing:1948 
08-14 14:06:13.103 30587  2248 V WindowManager: Collecting in transition 2635: ActivityRecord{20ef132 u0 com.example.stavropolplacesapp/.places.PlaceDetailActivity t6047}, caller=com.android.server.wm.Transition.collect:759 com.android.server.wm.Transition.collectExistenceChange:942 com.android.server.wm.TransitionController.collectExistenceChange:985 com.android.server.wm.ActivityStarter.handleStartResult:2557 com.android.server.wm.ActivityStarter.startActivityUnchecked:2384 
08-14 14:06:13.104 30587  2248 I ActivityTaskManager: START u0 {cmp=com.example.stavropolplacesapp/.places.PlaceDetailActivity (has extras)} with LAUNCH_MULTIPLE from uid 10453 (BAL_ALLOW_VISIBLE_WINDOW) result code=0
08-14 14:06:13.105 31165 31229 V WindowManagerShell: Transition requested: android.os.BinderProxy@63040ed TransitionRequestInfo { type = OPEN, triggerTask = TaskInfo{userId=0 taskId=6047 displayId=0 isRunning=true baseIntent=Intent { act=android.intent.action.MAIN cat=[android.intent.category.LAUNCHER] flg=0x10200000 cmp=com.example.stavropolplacesapp/.SplashScreenActivity } baseActivity=ComponentInfo{com.example.stavropolplacesapp/com.example.stavropolplacesapp.MainActivity} topActivity=ComponentInfo{com.example.stavropolplacesapp/com.example.stavropolplacesapp.places.PlaceDetailActivity} origActivity=null realActivity=ComponentInfo{com.example.stavropolplacesapp/com.example.stavropolplacesapp.SplashScreenActivity} numActivities=3 lastActiveTime=5112684904 supportsMultiWindow=true resizeMode=1 isResizeable=true minWidth=-1 minHeight=-1 maxWidth=-1 maxHeight=-1 defaultMinSize=220 token=WCT{android.window.IWindowContainerToken$Stub$Proxy@aa20b22} topActivityType=1 pictureInPictureParams=null shouldDockBigOverlays=false launchIntoPipHostTaskId=-1 lastParentTaskIdBeforePip=-1 displayCutoutSafeInsets=Rect(0, 80 - 0, 0) topActivityInfo=ActivityInfo{4af49b3 com.example.stavropolplacesapp.places.PlaceDetailActivity} launchCookies=[android.os.BinderProxy@5e8cbd] positionInParent=Point(0, 0) parentTaskId=-1 isFocused=true isVisible=true isVisibleRequested=true isSleeping=false topActivityInSizeCompat=false topActivityEligibleForLetterboxEducation= false topActivityLetterboxed= false isFromDoubleTap= false topActivityLetterboxVerticalPosition= -1 topActivityLetterboxHorizontalPosition= -1 topActivityLetterboxWidth=-1 topActivityLetterboxHeight=-1 locusId=null displayAreaFeatureId=1 cameraCompatControlState=hidden originallySupportedMultiWindow=true hasWallpaper=false topActivityInFixedAspectRatio=false rootAffinity=10453:com.example.stavropolplacesapp topActivityInDisplayCompat=false topActivityInBoundsCompat=false topActivityBounds=null singleTapFromLetterbox=false isTopTaskInStage=false topActivityUiMode=33 CoverLauncherWidgetTask=false CoverScreenTask=false isAllowedSeamlessRotation=false isTopTransparentActivity=false hasPopOver=false}, remoteTransition = null, displayChange = null }
08-14 14:06:13.106 30587 30738 D SGM:FgCheckThread: notePauseComponent(), received pkgName: com.example.stavropolplacesapp, userId: 0
08-14 14:06:13.106 30587 32466 V WindowManager: Collecting in transition 2635: ActivityRecord{20ef132 u0 com.example.stavropolplacesapp/.places.PlaceDetailActivity t6047}, caller=com.android.server.wm.Transition.collect:759 com.android.server.wm.TransitionController.collect:935 com.android.server.wm.ActivityRecord.setVisibility:6348 com.android.server.wm.ActivityRecord.setVisibility:6300 com.android.server.wm.ActivityRecord.makeVisibleIfNeeded:7102 
08-14 14:06:13.107 30587 32466 V WindowManager: Collecting in transition 2635: ActivityRecord{bf1c540 u0 com.example.stavropolplacesapp/.places.PlacesActivity t6047}, caller=com.android.server.wm.Transition.collect:759 com.android.server.wm.TransitionController.collect:935 com.android.server.wm.ActivityRecord.setVisibility:6348 com.android.server.wm.ActivityRecord.setVisibility:6300 com.android.server.wm.ActivityRecord.makeInvisible:7137 
08-14 14:06:13.107 30587 32466 D WindowManager: prepareSync <SYNC_STATE_WAITING_FOR_DRAW>, mPrepareSyncSeqId=0, win=Window{2624dd7 u0 com.example.stavropolplacesapp/com.example.stavropolplacesapp.places.PlacesActivity}
08-14 14:06:13.107 30587 32466 D WindowManager: VisibleRequested updated, r=ActivityRecord{bf1c540 u0 com.example.stavropolplacesapp/.places.PlacesActivity t6047}
08-14 14:06:13.107 30587 32466 D WindowManager: rotationForOrientation, orientationSource=ActivityRecord{20ef132 u0 com.example.stavropolplacesapp/.places.PlaceDetailActivity t6047}
08-14 14:06:13.107 30587 32466 D WindowManager: rotationForOrientation, orientationSource=ActivityRecord{20ef132 u0 com.example.stavropolplacesapp/.places.PlaceDetailActivity t6047}
08-14 14:06:13.107 30587 32466 D WindowManager: rotationForOrientation, orientationSource=ActivityRecord{20ef132 u0 com.example.stavropolplacesapp/.places.PlaceDetailActivity t6047}
08-14 14:06:13.107 30587 32466 V WindowManager: Collecting in transition 2635: ActivityRecord{20ef132 u0 com.example.stavropolplacesapp/.places.PlaceDetailActivity t6047}, caller=com.android.server.wm.Transition.collect:759 com.android.server.wm.TransitionController.collect:935 com.android.server.wm.ActivityRecord.setVisibility:6348 com.android.server.wm.ActivityRecord.setVisibility:6300 com.android.server.wm.ActivityTaskSupervisor.realStartActivityLocked:941 
08-14 14:06:13.108 30587 32466 D SGM:PkgDataHelper: notifyAppCreate(), pkgName: com.example.stavropolplacesapp, userId: 0, sendRet: true
08-14 14:06:13.108 30587 30936 D SGM:FgCheckThread: onLooperPrepared(), msg: MSG_APP_CREATE, pkgName: com.example.stavropolplacesapp, userId: 0
08-14 14:06:13.108 30587 32466 D InputDispatcher: Focused application(0): ActivityRecord{20ef132 u0 com.example.stavropolplacesapp/.places.PlaceDetailActivity t6047}
08-14 14:06:13.109 30587 32466 V WindowManager: Changing focus from Window{2624dd7 u0 com.example.stavropolplacesapp/com.example.stavropolplacesapp.places.PlacesActivity} to null displayId=0 Callers=com.android.server.wm.RootWindowContainer.updateFocusedWindowLocked:578 com.android.server.wm.WindowManagerService.updateFocusedWindowLocked:6881 com.android.server.wm.ActivityTaskManagerService.setLastResumedActivityUncheckLocked:6118 com.android.server.wm.ActivityTaskSupervisor.updateTopResumedActivityIfNeeded:2847 
08-14 14:06:13.109 30587 32466 D ActivityTaskManager: scheduleTopResumedActivityChanged, onTop=true, r=ActivityRecord{20ef132 u0 com.example.stavropolplacesapp/.places.PlaceDetailActivity t6047}, caller=com.android.server.wm.ActivityTaskSupervisor.scheduleTopResumedActivityStateIfNeeded:2857 com.android.server.wm.ActivityTaskSupervisor.updateTopResumedActivityIfNeeded:2849 com.android.server.wm.TaskFragment.setResumedActivity:579 com.android.server.wm.TaskFragment.onActivityStateChanged:903 com.android.server.wm.ActivityRecord.setState:6811 com.android.server.wm.Task.minimalResumeActivityLocked:6192 
08-14 14:06:13.110 30587 32466 V WindowManager: Collecting in transition 2635: ActivityRecord{20ef132 u0 com.example.stavropolplacesapp/.places.PlaceDetailActivity t6047}, caller=com.android.server.wm.Transition.collect:759 com.android.server.wm.TransitionController.collect:935 com.android.server.wm.ActivityRecord.setVisibility:6348 com.android.server.wm.ActivityRecord.setVisibility:6300 com.android.server.wm.ActivityRecord.completeResumeLocked:7395 
08-14 14:06:13.110 30587 32466 D WindowManagerServiceExt: notifyOccludeChangeNotice: cn=ComponentInfo{com.example.stavropolplacesapp/com.example.stavropolplacesapp.places.PlaceDetailActivity} occludesParent=true isInSplitScreenMode=false styleFloating=false caller=com.android.server.wm.ActivityRecord.completeResumeLocked:7452 com.android.server.wm.Task.minimalResumeActivityLocked:6193 com.android.server.wm.ActivityTaskSupervisor.realStartActivityLocked:1158 com.android.server.wm.ActivityTaskSupervisor.startSpecificActivity:1267 com.android.server.wm.TaskFragment.resumeTopActivity:1885 
08-14 14:06:13.112 30587 32466 D WindowManager: SyncGroup 2635:  Unfinished container: ActivityRecord{20ef132 u0 com.example.stavropolplacesapp/.places.PlaceDetailActivity t6047} mSyncState=2
08-14 14:06:13.120 30587 30738 I GameSDK@LifeCycle: noteResumeComponent(): package name  : com.example.stavropolplacesapp
08-14 14:06:13.120 30587 30738 D SGM:FgCheckThread: noteResumeComponent(), received pkgName: com.example.stavropolplacesapp, userId: 0
08-14 14:06:13.121 30587 30936 D SGM:FgCheckThread: onLooperPrepared(), msg: MSG_APP_RESUME, pkgName: com.example.stavropolplacesapp, userid: 0
08-14 14:06:13.121 30587 30936 D SGM:FgCheckThread:   handleResume(). pkgName: com.example.stavropolplacesapp, userId: 0, isTunableApp: null
08-14 14:06:13.121 30587 30936 D SGM:FgCheckThread: notifyFocusInOut(). of pkg: com.example.stavropolplacesapp, type: 4, isTunableApp: false, userId: 0
08-14 14:06:13.134 30587  2248 D InputDispatcher: Focus left window (0): 2624dd7 com.example.stavropolplacesapp/com.example.stavropolplacesapp.places.PlacesActivity
08-14 14:06:13.177 30587 32466 D WindowManager: prepareSync <SYNC_STATE_WAITING_FOR_DRAW>, mPrepareSyncSeqId=0, win=Window{a197abb u0 com.example.stavropolplacesapp/com.example.stavropolplacesapp.places.PlaceDetailActivity}
08-14 14:06:13.177  1072  1629 I SurfaceFlinger: id=87776 createSurf, flag=84004, a197abb com.example.stavropolplacesapp/com.example.stavropolplacesapp.places.PlaceDetailActivity#87776
08-14 14:06:13.179 16190 16190 I InsetsController: onStateChanged: host=com.example.stavropolplacesapp/com.example.stavropolplacesapp.places.PlaceDetailActivity, from=android.view.ViewRootImpl.setView:1753, state=InsetsState: {mDisplayFrame=Rect(0, 0 - 1080, 2340), mDisplayCutout=DisplayCutout{insets=Rect(0, 80 - 0, 0) waterfall=Insets{left=0, top=0, right=0, bottom=0} boundingRect={Bounds=[Rect(0, 0 - 0, 0), Rect(511, 0 - 569, 80), Rect(0, 0 - 0, 0), Rect(0, 0 - 0, 0)]} cutoutPathParserInfo={CutoutPathParserInfo{displayWidth=1080 displayHeight=2340 physicalDisplayWidth=1080 physicalDisplayHeight=2340 density={2.8125} cutoutSpec={M 0,0 M 0,7.822222222222222‬‬ a 10.31111111111111‬,10.31111111111111‬ 0 1,0 0,20.62222222222222‬ a 10.31111111111111‬,10.31111111111111‬ 0 1,0 0,-20.62222222222222‬ Z @dp} rotation={0} scale={1.0} physicalPixelDisplaySizeRatio={1.0}}}}, mRoundedCorners=RoundedCorners{[RoundedCorner{position=TopLeft, radius=0, center=Point(0, 0)}, RoundedCorner{position=TopRight, radius=0, center=Point(0, 0)}, RoundedCorner{position=BottomRight, radius=0, center=Point(0, 0)}, RoundedCorner{position=BottomLeft, radius=0, center=Point(0, 0)}]}  mRoundedCornerFrame=Rect(0, 0 - 1080, 2340), mPrivacyIndicatorBounds=PrivacyIndicatorBounds {static bounds=Rect(964, 0 - 1080, 80) rotation=0}, mDisplayShape=DisplayShape{ spec=-311912193 displayWidth=1080 displayHeight=2340 physicalPixelDisplaySizeRatio=1.0 rotation=0 offsetX=0 offsetY=0 scale=1.0}, mSources= { InsetsSource: {27 mType=displayCutout mFrame=[0,0][1080,80] mVisible=true mFlags=[]}, InsetsSource: {3ad50000 mType=statusBars mFrame=[0,0][1080,80] mVisible=true mFlags=[]}, InsetsSource: {3ad50005 mType=mandatorySystemGestures mFrame=[0,0][1080,112] mVisible=true mFlags=[]}, InsetsSource: {3ad50006 mType=tappableElement mFrame=[0,0][1080,80] mVisible=true mFlags=[]}, InsetsSource: {3ff00001 mType=navigationBars mFrame=[0,2214][1080,2340] mVisible=true mFlags=[]}, InsetsSource: {3ff00004 mType=systemGestures mFrame=[0,0][0,0] mVisible=true mFlags=[]}, InsetsSource: {3ff00005 mType=mandatorySystemGestures mFrame=[0,2214][1080,2340] mVisible=true mFlags=[]}, InsetsSource: {3ff00006 mType=tappableElement mFrame=[0,2214][1080,2340] mVisible=true mFlags=[]}, InsetsSource: {3ff00024 mType=systemGestures mFrame=[0,0][0,0] mVisible=true mFlags=[]} }
08-14 14:06:13.184 30587 32466 D CoreBackPreview: Window{a197abb u0 com.example.stavropolplacesapp/com.example.stavropolplacesapp.places.PlaceDetailActivity}: Setting back callback OnBackInvokedCallbackInfo{mCallback=android.window.IOnBackInvokedCallback$Stub$Proxy@32d7dee, mPriority=-1, mIsAnimationCallback=false}
08-14 14:06:13.190 30587 32466 V WindowManager: Relayout Window{a197abb u0 com.example.stavropolplacesapp/com.example.stavropolplacesapp.places.PlaceDetailActivity}: viewVisibility=0 req=1080x2340 ty=1 d0
08-14 14:06:13.190  1072  1629 I SurfaceFlinger: id=87778 createSurf, flag=44004, com.example.stavropolplacesapp/com.example.stavropolplacesapp.places.PlaceDetailActivity$_16190#87778
08-14 14:06:13.191 30587 32466 D WindowManager: makeSurface duration=1 name=com.example.stavropolplacesapp/com.example.stavropolplacesapp.places.PlaceDetailActivity$_16190
08-14 14:06:13.192 30587 32466 D WindowManager: SyncGroup 2635:  Unfinished container: ActivityRecord{20ef132 u0 com.example.stavropolplacesapp/.places.PlaceDetailActivity t6047} mSyncState=2
08-14 14:06:13.193 30587 32466 V WindowManager: Changing focus from null to Window{a197abb u0 com.example.stavropolplacesapp/com.example.stavropolplacesapp.places.PlaceDetailActivity} displayId=0 Callers=com.android.server.wm.RootWindowContainer.updateFocusedWindowLocked:578 com.android.server.wm.WindowManagerService.updateFocusedWindowLocked:6881 com.android.server.wm.WindowManagerService.relayoutWindow:2755 com.android.server.wm.Session.relayout:282 
08-14 14:06:13.195 30587 32466 D InsetsSourceProvider: updateControlForTarget: control=InsetsSourceControl: {3ff00001 mType=navigationBars initiallyVisible mSurfacePosition=Point(0, 2214) mInsetsHint=Insets{left=0, top=0, right=0, bottom=126}}, target=Window{a197abb u0 com.example.stavropolplacesapp/com.example.stavropolplacesapp.places.PlaceDetailActivity}, from=com.android.server.wm.InsetsStateController.onControlTargetChanged:358 com.android.server.wm.InsetsStateController.onBarControlTargetChanged:327 com.android.server.wm.InsetsPolicy.updateBarControlTarget:173 com.android.server.wm.InsetsPolicy.updateSystemBars:805 com.android.server.wm.DisplayPolicy.updateSystemBarsLw:3425 
08-14 14:06:13.196 30587 32466 D InsetsSourceProvider: updateControlForTarget: control=InsetsSourceControl: {3ad50000 mType=statusBars initiallyVisible mSurfacePosition=Point(0, 0) mInsetsHint=Insets{left=0, top=80, right=0, bottom=0}}, target=Window{a197abb u0 com.example.stavropolplacesapp/com.example.stavropolplacesapp.places.PlaceDetailActivity}, from=com.android.server.wm.InsetsStateController.onControlTargetChanged:358 com.android.server.wm.InsetsStateController.onBarControlTargetChanged:324 com.android.server.wm.InsetsPolicy.updateBarControlTarget:173 com.android.server.wm.InsetsPolicy.updateSystemBars:805 com.android.server.wm.DisplayPolicy.updateSystemBarsLw:3425 
08-14 14:06:13.198 16190 16190 I InsetsController: onStateChanged: host=com.example.stavropolplacesapp/com.example.stavropolplacesapp.places.PlaceDetailActivity, from=android.view.ViewRootImpl.relayoutWindow:10072, state=InsetsState: {mDisplayFrame=Rect(0, 0 - 1080, 2340), mDisplayCutout=DisplayCutout{insets=Rect(0, 80 - 0, 0) waterfall=Insets{left=0, top=0, right=0, bottom=0} boundingRect={Bounds=[Rect(0, 0 - 0, 0), Rect(511, 0 - 569, 80), Rect(0, 0 - 0, 0), Rect(0, 0 - 0, 0)]} cutoutPathParserInfo={CutoutPathParserInfo{displayWidth=1080 displayHeight=2340 physicalDisplayWidth=1080 physicalDisplayHeight=2340 density={2.8125} cutoutSpec={M 0,0 M 0,7.822222222222222‬‬ a 10.31111111111111‬,10.31111111111111‬ 0 1,0 0,20.62222222222222‬ a 10.31111111111111‬,10.31111111111111‬ 0 1,0 0,-20.62222222222222‬ Z @dp} rotation={0} scale={1.0} physicalPixelDisplaySizeRatio={1.0}}}}, mRoundedCorners=RoundedCorners{[RoundedCorner{position=TopLeft, radius=0, center=Point(0, 0)}, RoundedCorner{position=TopRight, radius=0, center=Point(0, 0)}, RoundedCorner{position=BottomRight, radius=0, center=Point(0, 0)}, RoundedCorner{position=BottomLeft, radius=0, center=Point(0, 0)}]}  mRoundedCornerFrame=Rect(0, 0 - 1080, 2340), mPrivacyIndicatorBounds=PrivacyIndicatorBounds {static bounds=Rect(964, 0 - 1080, 80) rotation=0}, mDisplayShape=DisplayShape{ spec=-311912193 displayWidth=1080 displayHeight=2340 physicalPixelDisplaySizeRatio=1.0 rotation=0 offsetX=0 offsetY=0 scale=1.0}, mSources= { InsetsSource: {3 mType=ime mFrame=[0,0][0,0] mVisible=false mFlags=[]}, InsetsSource: {27 mType=displayCutout mFrame=[0,0][1080,80] mVisible=true mFlags=[]}, InsetsSource: {3ad50000 mType=statusBars mFrame=[0,0][1080,80] mVisible=true mFlags=[]}, InsetsSource: {3ad50005 mType=mandatorySystemGestures mFrame=[0,0][1080,112] mVisible=true mFlags=[]}, InsetsSource: {3ad50006 mType=tappableElement mFrame=[0,0][1080,80] mVisible=true mFlags=[]}, InsetsSource: {3ff00001 mType=navigationBars mFrame=[0,2214][1080,2340] mVisible=true mFlags=[]}, InsetsSource: {3ff00004 mType=systemGestures mFrame=[0,0][0,0] mVisible=true mFlags=[]}, InsetsSource: {3ff00005 mType=mandatorySystemGestures mFrame=[0,2214][1080,2340] mVisible=true mFlags=[]}, InsetsSource: {3ff00006 mType=tappableElement mFrame=[0,2214][1080,2340] mVisible=true mFlags=[]}, InsetsSource: {3ff00024 mType=systemGestures mFrame=[0,0][0,0] mVisible=true mFlags=[]} }
08-14 14:06:13.212 30587  2248 D WindowManager: finishDrawingWindow: Window{a197abb u0 com.example.stavropolplacesapp/com.example.stavropolplacesapp.places.PlaceDetailActivity} mDrawState=DRAW_PENDING seqId=0
08-14 14:06:13.214 30587 30739 V WindowManager: performShowLocked: mDrawState=HAS_DRAWN in Window{a197abb u0 com.example.stavropolplacesapp/com.example.stavropolplacesapp.places.PlaceDetailActivity}
08-14 14:06:13.214 30587 30739 V WindowManager: Start calculating TransitionInfo based on participants: {ActivityRecord{20ef132 u0 com.example.stavropolplacesapp/.places.PlaceDetailActivity t6047}, ActivityRecord{bf1c540 u0 com.example.stavropolplacesapp/.places.PlacesActivity t6047}}
08-14 14:06:13.214 30587 30739 V WindowManager:   Final targets: [ActivityRecord{20ef132 u0 com.example.stavropolplacesapp/.places.PlaceDetailActivity t6047}, ActivityRecord{bf1c540 u0 com.example.stavropolplacesapp/.places.PlacesActivity t6047}]
08-14 14:06:13.215  1072  1145 I SurfaceFlinger: id=87784 createSurf, flag=84004, Transition Root: ActivityRecord{20ef132 u0 com.example.stavropolplacesapp/.places.PlaceDetailActivity t6047}#87784
08-14 14:06:13.215 16190 16190 I InsetsSourceConsumer: applyRequestedVisibilityToControl: visible=true, type=navigationBars, host=com.example.stavropolplacesapp/com.example.stavropolplacesapp.places.PlaceDetailActivity
08-14 14:06:13.215 16190 16190 I InsetsSourceConsumer: applyRequestedVisibilityToControl: visible=true, type=statusBars, host=com.example.stavropolplacesapp/com.example.stavropolplacesapp.places.PlaceDetailActivity
08-14 14:06:13.217 30587 30739 I SurfaceControl: show, t=StartTransaction_SyncId<2635>, sc=Surface(name=ActivityRecord{20ef132 u0 com.example.stavropolplacesapp/.places.PlaceDetailActivity t6047})/@0xf770487, caller=com.android.server.wm.Transition.onTransactionReady:1991 com.android.server.wm.BLASTSyncEngine$SyncGroup.finishNow:315 com.android.server.wm.BLASTSyncEngine$SyncGroup.tryFinish:242 com.android.server.wm.BLASTSyncEngine$SyncGroup.-$$Nest$mtryFinish:0 com.android.server.wm.BLASTSyncEngine.onSurfacePlacement:675 com.android.server.wm.RootWindowContainer.performSurfacePlacementNoTrace:990 
08-14 14:06:13.218 30587 30739 V WindowManager:         {null m=OPEN f=FILLS_TASK|IS_ACTIVITY leash=Surface(name=ActivityRecord{20ef132 u0 com.example.stavropolplacesapp/.places.PlaceDetailActivity t6047})/@0xf770487 sb=Rect(0, 0 - 0, 0) eb=Rect(0, 0 - 1080, 2340) d=-1->0 r=-1->0:-1 dim=true inset=Rect(0, 0 - 0, 0)},
08-14 14:06:13.218 30587 30739 V WindowManager:         {null m=TO_BACK f=FILLS_TASK|IS_ACTIVITY leash=Surface(name=ActivityRecord{bf1c540 u0 com.example.stavropolplacesapp/.places.PlacesActivity t6047})/@0x5e1c9ea sb=Rect(0, 0 - 1080, 2340) eb=Rect(0, 0 - 1080, 2340) d=0 inset=Rect(0, 0 - 0, 0)}
08-14 14:06:13.220 30587 30735 I ActivityTaskManager: Displayed com.example.stavropolplacesapp/.places.PlaceDetailActivity for user 0: +119ms
08-14 14:06:13.220 30587 30735 I Pageboost: Launch time gathered : pid 16190 com.example.stavropolplacesapp 119
08-14 14:06:13.220  1072  1146 I SurfaceFlinger: id=87786 createSurf, flag=84000, 6562694 ActivityRecordInputSink com.example.stavropolplacesapp/.places.PlaceDetailActivity#87786
08-14 14:06:13.220 30587 30735 V WindowManager: Sent Transition #2635 createdAt=08-14 14:06:13.097 via request=TransitionRequestInfo { type = OPEN, triggerTask = TaskInfo{userId=0 taskId=6047 displayId=0 isRunning=true baseIntent=Intent { act=android.intent.action.MAIN cat=[android.intent.category.LAUNCHER] flg=0x10200000 cmp=com.example.stavropolplacesapp/.SplashScreenActivity } baseActivity=ComponentInfo{com.example.stavropolplacesapp/com.example.stavropolplacesapp.MainActivity} topActivity=ComponentInfo{com.example.stavropolplacesapp/com.example.stavropolplacesapp.places.PlaceDetailActivity} origActivity=null realActivity=ComponentInfo{com.example.stavropolplacesapp/com.example.stavropolplacesapp.SplashScreenActivity} numActivities=3 lastActiveTime=5112684904 supportsMultiWindow=true resizeMode=1 isResizeable=true minWidth=-1 minHeight=-1 maxWidth=-1 maxHeight=-1 defaultMinSize=220 token=WCT{RemoteToken{d31577e Task{f5ba662 #6047 type=standard A=10453:com.example.stavropolplacesapp}}} topActivityType=1 pictureInPictureParams=null shouldDockBigOverlays=false launchIntoPipHostTaskId=-1 lastParentTaskIdBeforePip=-1 displayCutoutSafeInsets=Rect(0, 80 - 0, 0) topActivityInfo=ActivityInfo{fd427dd com.example.stavropolplacesapp.places.PlaceDetailActivity} launchCookies=[android.os.BinderProxy@576c52c] positionInParent=Point(0, 0) parentTaskId=-1 isFocused=true isVisible=true isVisibleRequested=true isSleeping=false topActivityInSizeCompat=false topActivityEligibleForLetterboxEducation= false topActivityLetterboxed= false isFromDoubleTap= false topActivityLetterboxVerticalPosition= -1 topActivityLetterboxHorizontalPosition= -1 topActivityLetterboxWidth=-1 topActivityLetterboxHeight=-1 locusId=null displayAreaFeatureId=1 cameraCompatControlState=hidden originallySupportedMultiWindow=true hasWallpaper=false topActivityInFixedAspectRatio=false rootAffinity=10453:com.example.stavropolplacesapp topActivityInDisplayCompat=false topActivityInBoundsCompat=false topActivityBounds=null singleTapFromLetterbox=false isTopTaskInStage=false topActivityUiMode=33 CoverLauncherWidgetTask=false CoverScreenTask=false isAllowedSeamlessRotation=false isTopTransparentActivity=false hasPopOver=false}, remoteTransition = null, displayChange = null }
08-14 14:06:13.221 30587 30735 V WindowManager:         {null m=OPEN f=FILLS_TASK|IS_ACTIVITY leash=Surface(name=ActivityRecord{20ef132 u0 com.example.stavropolplacesapp/.places.PlaceDetailActivity t6047})/@0xf770487 sb=Rect(0, 0 - 0, 0) eb=Rect(0, 0 - 1080, 2340) d=-1->0 r=-1->0:-1 dim=true inset=Rect(0, 0 - 0, 0)},
08-14 14:06:13.221 30587 30735 V WindowManager:         {null m=TO_BACK f=FILLS_TASK|IS_ACTIVITY leash=Surface(name=ActivityRecord{bf1c540 u0 com.example.stavropolplacesapp/.places.PlacesActivity t6047})/@0x5e1c9ea sb=Rect(0, 0 - 1080, 2340) eb=Rect(0, 0 - 1080, 2340) d=0 inset=Rect(0, 0 - 0, 0)}
08-14 14:06:13.221 30587 31966 D InputDispatcher: Focus request (0): a197abb com.example.stavropolplacesapp/com.example.stavropolplacesapp.places.PlaceDetailActivity but waiting because NOT_VISIBLE
08-14 14:06:13.224 31165 31229 V WindowManagerShell: onTransitionReady android.os.BinderProxy@63040ed: {id=2635 t=OPEN f=0x0 trk=0 r=[0@Point(0, 0)] c=[{null m=OPEN f=FILLS_TASK|IS_ACTIVITY leash=Surface(name=ActivityRecord{20ef132 u0 com.example.stavropolplacesapp/.places.PlaceDetailActivity t6047})/@0xa891b70 sb=Rect(0, 0 - 0, 0) eb=Rect(0, 0 - 1080, 2340) d=-1->0 r=-1->0:-1 dim=true inset=Rect(0, 0 - 0, 0)},{null m=TO_BACK f=FILLS_TASK|IS_ACTIVITY leash=Surface(name=ActivityRecord{bf1c540 u0 com.example.stavropolplacesapp/.places.PlacesActivity t6047})/@0xb5cfee9 sb=Rect(0, 0 - 1080, 2340) eb=Rect(0, 0 - 1080, 2340) d=0 inset=Rect(0, 0 - 0, 0)}]}
08-14 14:06:13.225 31165 31229 I SurfaceControl: hide, t=FinishTransaction_SyncId<2635>, sc=Surface(name=ActivityRecord{bf1c540 u0 com.example.stavropolplacesapp/.places.PlacesActivity t6047})/@0xb5cfee9, caller=com.android.wm.shell.transition.Transitions.dispatchReady:682 com.android.wm.shell.transition.Transitions.onTransitionReady:119 com.android.wm.shell.transition.Transitions$TransitionPlayerImpl$$ExternalSyntheticLambda0.run:13 android.os.Handler.handleCallback:958 android.os.Handler.dispatchMessage:99 android.os.Looper.loopOnce:230 
08-14 14:06:13.225 31165 31229 I SurfaceControl: show, t=StartTransaction_SyncId<2635>, sc=Surface(name=ActivityRecord{20ef132 u0 com.example.stavropolplacesapp/.places.PlaceDetailActivity t6047})/@0xa891b70, caller=com.android.wm.shell.transition.Transitions.dispatchReady:687 com.android.wm.shell.transition.Transitions.onTransitionReady:119 com.android.wm.shell.transition.Transitions$TransitionPlayerImpl$$ExternalSyntheticLambda0.run:13 android.os.Handler.handleCallback:958 android.os.Handler.dispatchMessage:99 android.os.Looper.loopOnce:230 
08-14 14:06:13.225 31165 31229 I SurfaceControl: show, t=FinishTransaction_SyncId<2635>, sc=Surface(name=ActivityRecord{20ef132 u0 com.example.stavropolplacesapp/.places.PlaceDetailActivity t6047})/@0xa891b70, caller=com.android.wm.shell.transition.Transitions.dispatchReady:744 com.android.wm.shell.transition.Transitions.onTransitionReady:119 com.android.wm.shell.transition.Transitions$TransitionPlayerImpl$$ExternalSyntheticLambda0.run:13 android.os.Handler.handleCallback:958 android.os.Handler.dispatchMessage:99 android.os.Looper.loopOnce:230 
08-14 14:06:13.225 31165 31229 I SurfaceControl: show, t=StartTransaction_SyncId<2635>, sc=Surface(name=Transition Root: ActivityRecord{20ef132 u0 com.example.stavropolplacesapp/.places.PlaceDetailActivity t6047})/@0xd79b76e, caller=com.android.wm.shell.transition.Transitions.playTransition:80 com.android.wm.shell.transition.Transitions.processReadyQueue:195 com.android.wm.shell.transition.Transitions.dispatchReady:762 com.android.wm.shell.transition.Transitions.onTransitionReady:119 com.android.wm.shell.transition.Transitions$TransitionPlayerImpl$$ExternalSyntheticLambda0.run:13 android.os.Handler.handleCallback:958 
08-14 14:06:13.225 31165 31229 V WindowManagerShell: Transition doesn't have explicit remote, search filters for match for {id=2635 t=OPEN f=0x0 trk=0 r=[0@Point(0, 0)] c=[{null m=OPEN f=FILLS_TASK|IS_ACTIVITY leash=Surface(name=ActivityRecord{20ef132 u0 com.example.stavropolplacesapp/.places.PlaceDetailActivity t6047})/@0xa891b70 sb=Rect(0, 0 - 0, 0) eb=Rect(0, 0 - 1080, 2340) d=-1->0 r=-1->0:-1 dim=true inset=Rect(0, 0 - 0, 0)},{null m=TO_BACK f=FILLS_TASK|IS_ACTIVITY leash=Surface(name=ActivityRecord{bf1c540 u0 com.example.stavropolplacesapp/.places.PlacesActivity t6047})/@0xb5cfee9 sb=Rect(0, 0 - 1080, 2340) eb=Rect(0, 0 - 1080, 2340) d=0 inset=Rect(0, 0 - 0, 0)}]}
08-14 14:06:13.225 31165 31229 V WindowManagerShell: start default transition animation, info = {id=2635 t=OPEN f=0x0 trk=0 r=[0@Point(0, 0)] c=[{null m=OPEN f=FILLS_TASK|IS_ACTIVITY leash=Surface(name=ActivityRecord{20ef132 u0 com.example.stavropolplacesapp/.places.PlaceDetailActivity t6047})/@0xa891b70 sb=Rect(0, 0 - 0, 0) eb=Rect(0, 0 - 1080, 2340) d=-1->0 r=-1->0:-1 dim=true inset=Rect(0, 0 - 0, 0)},{null m=TO_BACK f=FILLS_TASK|IS_ACTIVITY leash=Surface(name=ActivityRecord{bf1c540 u0 com.example.stavropolplacesapp/.places.PlacesActivity t6047})/@0xb5cfee9 sb=Rect(0, 0 - 1080, 2340) eb=Rect(0, 0 - 1080, 2340) d=0 inset=Rect(0, 0 - 0, 0)}]}
08-14 14:06:13.236  1072  1629 I SurfaceFlinger: id=87793 createSurf, flag=20004, DimTransitionLayer for Surface(name=ActivityRecord{20ef132 u0 com.example.stavropolplacesapp/.places.PlaceDetailActivity t6047})/@0xa891b70#87793
08-14 14:06:13.236 31165 31229 I SurfaceControl: show, t=StartTransaction_SyncId<2635>, sc=Surface(name=DimTransitionLayer for Surface(name=ActivityRecord{20ef132 u0 com.example.stavropolplacesapp/.places.PlaceDetailActivity t6047})/@0xa891b70)/@0x3b47007, caller=com.android.wm.shell.transition.DefaultTransitionHandler.startAnimation:2970 com.android.wm.shell.transition.Transitions.dispatchTransition:80 com.android.wm.shell.transition.Transitions.playTransition:793 com.android.wm.shell.transition.Transitions.processReadyQueue:195 com.android.wm.shell.transition.Transitions.dispatchReady:762 com.android.wm.shell.transition.Transitions.onTransitionReady:119 
08-14 14:06:13.236 31165 31229 V WindowManagerShell: attach dim transition, change={null m=OPEN f=FILLS_TASK|IS_ACTIVITY leash=Surface(name=ActivityRecord{20ef132 u0 com.example.stavropolplacesapp/.places.PlaceDetailActivity t6047})/@0xa891b70 sb=Rect(0, 0 - 0, 0) eb=Rect(0, 0 - 1080, 2340) d=-1->0 r=-1->0:-1 dim=true inset=Rect(0, 0 - 0, 0)}
08-14 14:06:13.249  1072  1072 I Layer   : Layer [DimTransitionLayer for Surface(name=ActivityRecord{20ef132 u0 com.example.stavropolplacesapp/.places.PlaceDetailActivity t6047})/@0xa891b70#87793] hidden!! flag(0)
08-14 14:06:13.249  1072  1072 I Layer   : Layer [Transition Root: ActivityRecord{20ef132 u0 com.example.stavropolplacesapp/.places.PlaceDetailActivity t6047}#87784] hidden!! flag(0)
08-14 14:06:13.249  1072  1072 I Layer   : Layer [com.example.stavropolplacesapp/com.example.stavropolplacesapp.places.PlaceDetailActivity$_16190#87778] hidden!! flag(0)
